0 [139837376654336] INFO perfrun.launcher <> - Launcher main begin
1 [139837376654336] INFO perfrun.launcher <> - MessageCatalogInit finished
1 [139837376654336] INFO perfrun.launcher <> - Launcher instance created
1 [139837376654336] INFO perfrun.launcher <> - argc = 7; cmdline = /opt/intel/oneapi/vtune/2026.2/bin64/amplxe-runss --ui-output-format xml --ui-output-fd 5 --option-file /home/ihtgoot/project/TiF/Sandboc/hotspots2/config/runss.options 
32 [139837376654336] INFO perfrun.perfcollector <> - SEP tool path: /opt/intel/oneapi/vtune/2026.2/bin64/sep
37 [139837376654336] INFO perfrun.launcher <> - create msngr2::ICliToolContext
37 [139837376654336] INFO perfrun.launcher <> - create file finder object
37 [139837376654336] INFO perfrun.launcher <> - create a result directory: pattern = /home/ihtgoot/project/TiF/Sandboc/hotspots2 pid = 4294967295
38 [139837376654336] INFO perfrun.sdk <> - checked that the directory /home/ihtgoot/project/TiF/Sandboc/hotspots2 is a local directory
38 [139837376654336] INFO perfrun.sdk <> - the directory /home/ihtgoot/project/TiF/Sandboc/hotspots2 is a local directory with FS type ID 61267
38 [139837376654336] INFO perfrun.launcher <> - create data directory = /home/ihtgoot/project/TiF/Sandboc/hotspots2/data.0
38 [139837376654336] INFO perfrun.launcher <> - Creating the master collection flag
39 [139837376654336] INFO perfrun.launcher <> - Done creating the master collection flag
41 [139837208258240] INFO perfrun.launcher <> - plugin [remoteplug] was disabled because it doesn't support the given collection type.
42 [139837208258240] INFO perfrun.sdk <> - Allocating TMU :/home/ihtgoot/project/TiF/Sandboc/hotspots2/data.0/systemcollector-42151-ihtgoot.sc
42 [139837208258240] INFO perfrun.system <> - Tpss based collection
42 [139837208258240] INFO perfrun.launcher <> - plugin [ptracecollector] was disabled because it doesn't support the given collection type.
42 [139837208258240] INFO perfrun.launcher <> - plugin [gpu] was disabled because it doesn't support the given collection type.
42 [139837208258240] INFO perfrun.launcher <> - plugin [] was disabled because it doesn't support the given collection type.
42 [139837208258240] INFO perfrun.launcher <> - plugin [] was disabled because it doesn't support the given collection type.
42 [139837208258240] INFO perfrun.launcher <> - plugin [] was disabled because it doesn't support the given collection type.
42 [139837208258240] INFO perfrun.mrte <> - system-wide mode is 0
42 [139837208258240] INFO perfrun.mrte <> - Getting  mrte profiling environment ...
48 [139837208258240] INFO perfrun.mrte <> - INTEL_MRTE_DATA_DIR=/home/ihtgoot/project/TiF/Sandboc/hotspots2/data.0
48 [139837208258240] INFO perfrun.mrte <> - INTEL_MRTE_HOST_NAME=ihtgoot
48 [139837208258240] INFO perfrun.mrte <> - JAVA_TOOL_OPTIONS=-agentlib:amplxe_samplingmrte_javaprof_1.0 -Dsun.boot.library.path=/opt/intel/oneapi/vtune/2026.2/lib32/runtime:/opt/intel/oneapi/vtune/2026.2/lib64/runtime
48 [139837208258240] INFO perfrun.mrte <> - LD_LIBRARY_PATH=/opt/intel/oneapi/vtune/2026.2/lib32/runtime:/opt/intel/oneapi/vtune/2026.2/lib64/runtime:/opt/intel/oneapi/vtune/2026.2/lib64
48 [139837208258240] INFO perfrun.mrte <> - CORECLR_ENABLE_PROFILING=1
48 [139837208258240] INFO perfrun.mrte <> - CORECLR_PROFILER={AA5E4821-E3B1-479c-B7FF-5AD047D22CED}
48 [139837208258240] INFO perfrun.mrte <> - CORECLR_PROFILER_PATH=/opt/intel/oneapi/vtune/2026.2/lib64/libamplxe_samplingmrte_clrprof_1.0.so
48 [139837208258240] INFO perfrun.mrte <> - INTEL_MRTE_PROFILER_MODE=mixed
48 [139837208258240] INFO perfrun.mrte <> - Data directory: /home/ihtgoot/project/TiF/Sandboc/hotspots2/data.0
48 [139837208258240] INFO perfrun.mrte <> - Mrte plugin is initialized
48 [139837208258240] INFO perfrun.launcher <> - plugin [emon] was disabled because it doesn't support the given collection type.
48 [139837208258240] INFO perfrun.launcher <> - plugin [cuscol] was disabled because it doesn't support the given collection type.
48 [139837208258240] INFO perfrun.launcher <> - plugin [stdsrc] was disabled because it doesn't support the given collection type.
48 [139837208258240] INFO perfrun.launcher <> - plugin [sep] was disabled because it doesn't support the given collection type.
48 [139837208258240] INFO perfrun.launcher <> - plugin [vtsspp] was disabled because it doesn't support the given collection type.
48 [139837208258240] INFO perfrun.perfcollector <> - Platform type: 151
48 [139837208258240] INFO perfrun.sdk <> - Reading value (2) from file: /proc/sys/kernel/perf_event_paranoid
48 [139837208258240] INFO perfrun.perfcollector <> - checking access to: /opt/intel/oneapi/vtune/2026.2/bin64/amplxe-perf-priv
48 [139837208258240] INFO perfrun.perfcollector <> - dir found: /sys/bus/event_source/devices/software
48 [139837208258240] INFO perfrun.perfcollector <> - format: pmu format subdir doesn't exist
48 [139837208258240] INFO perfrun.perfcollector <> - hwInfo: not set, pmuFam: software
48 [139837208258240] INFO perfrun.perfcollector <> - pmu added: software, idx: 0
48 [139837208258240] INFO perfrun.perfcollector <> - dir found: /sys/bus/event_source/devices/uncore_imc_free_running_1
48 [139837208258240] INFO perfrun.perfcollector <> - format: event: config:0-7, mask:0-7
48 [139837208258240] INFO perfrun.perfcollector <> - format: umask: config:8-15, mask:8-15
48 [139837208258240] INFO perfrun.perfcollector <> - hwInfo: not set, pmuFam: uncore_imc_free_running
48 [139837208258240] INFO perfrun.perfcollector <> - pmu caps: raw,format,events
48 [139837208258240] INFO perfrun.perfcollector <> - pmu added: uncore_imc_free_running, idx: 1
48 [139837208258240] INFO perfrun.perfcollector <> - dir found: /sys/bus/event_source/devices/uncore_arb_0
48 [139837208258240] INFO perfrun.perfcollector <> - format: event: config:0-7, mask:0-7
48 [139837208258240] INFO perfrun.perfcollector <> - format: edge: config:18, mask:18
48 [139837208258240] INFO perfrun.perfcollector <> - format: inv: config:23, mask:23
48 [139837208258240] INFO perfrun.perfcollector <> - format: umask: config:8-15, mask:8-15
48 [139837208258240] INFO perfrun.perfcollector <> - format: cmask: config:24-28, mask:24-28
48 [139837208258240] INFO perfrun.perfcollector <> - hwInfo: not set, pmuFam: uncore_arb
48 [139837208258240] INFO perfrun.perfcollector <> - pmu caps: raw,format
48 [139837208258240] INFO perfrun.perfcollector <> - pmu added: uncore_arb, idx: 0
48 [139837208258240] INFO perfrun.perfcollector <> - dir found: /sys/bus/event_source/devices/cpu_core
48 [139837208258240] INFO perfrun.perfcollector <> - format: event: config:0-7, mask:0-7
48 [139837208258240] INFO perfrun.perfcollector <> - format: pc: config:19, mask:19
48 [139837208258240] INFO perfrun.perfcollector <> - format: edge: config:18, mask:18
48 [139837208258240] INFO perfrun.perfcollector <> - format: offcore_rsp: config1:0-63, mask:0-63
48 [139837208258240] INFO perfrun.perfcollector <> - format: ldlat: config1:0-15, mask:0-15
48 [139837208258240] INFO perfrun.perfcollector <> - format: inv: config:23, mask:23
48 [139837208258240] INFO perfrun.perfcollector <> - format: umask: config:8-15, mask:8-15
48 [139837208258240] INFO perfrun.perfcollector <> - format: frontend: config1:0-23, mask:0-23
49 [139837208258240] INFO perfrun.perfcollector <> - format: cmask: config:24-31, mask:24-31
49 [139837208258240] INFO perfrun.perfcollector <> - hwInfo: PERF_CPU_PMU_DETAILS
49 [139837208258240] INFO perfrun.perfcollector <> - pmu caps: raw,format,events,ldlat,frontend,offcore_rsp
49 [139837208258240] INFO perfrun.perfcollector <> - pmu added: cpu_core, idx: 0
49 [139837208258240] INFO perfrun.perfcollector <> - dir found: /sys/bus/event_source/devices/uncore_cbox_8
49 [139837208258240] INFO perfrun.perfcollector <> - format: event: config:0-7, mask:0-7
49 [139837208258240] INFO perfrun.perfcollector <> - format: edge: config:18, mask:18
49 [139837208258240] INFO perfrun.perfcollector <> - format: threshold: config:24-29, mask:24-29
49 [139837208258240] INFO perfrun.perfcollector <> - format: inv: config:23, mask:23
49 [139837208258240] INFO perfrun.perfcollector <> - format: umask: config:8-15, mask:8-15
49 [139837208258240] INFO perfrun.perfcollector <> - hwInfo: PERF_CBOX_PMU_DETAILS
49 [139837208258240] INFO perfrun.perfcollector <> - pmu caps: raw,format
49 [139837208258240] INFO perfrun.perfcollector <> - pmu added: uncore_cbox, idx: 8
49 [139837208258240] INFO perfrun.perfcollector <> - dir found: /sys/bus/event_source/devices/uncore_clock
49 [139837208258240] INFO perfrun.perfcollector <> - format: event: config:0-7, mask:0-7
49 [139837208258240] INFO perfrun.perfcollector <> - hwInfo: not set, pmuFam: uncore_clock
49 [139837208258240] INFO perfrun.perfcollector <> - pmu caps: raw,format,events
49 [139837208258240] INFO perfrun.perfcollector <> - pmu added: uncore_clock, idx: 0
49 [139837208258240] INFO perfrun.perfcollector <> - dir found: /sys/bus/event_source/devices/uncore_cbox_6
49 [139837208258240] INFO perfrun.perfcollector <> - format: event: config:0-7, mask:0-7
49 [139837208258240] INFO perfrun.perfcollector <> - format: edge: config:18, mask:18
49 [139837208258240] INFO perfrun.perfcollector <> - format: threshold: config:24-29, mask:24-29
49 [139837208258240] INFO perfrun.perfcollector <> - format: inv: config:23, mask:23
49 [139837208258240] INFO perfrun.perfcollector <> - format: umask: config:8-15, mask:8-15
49 [139837208258240] INFO perfrun.perfcollector <> - hwInfo: PERF_CBOX_PMU_DETAILS
49 [139837208258240] INFO perfrun.perfcollector <> - pmu caps: raw,format
49 [139837208258240] INFO perfrun.perfcollector <> - pmu added: uncore_cbox, idx: 6
49 [139837208258240] INFO perfrun.perfcollector <> - dir found: /sys/bus/event_source/devices/uncore_imc_1
49 [139837208258240] INFO perfrun.perfcollector <> - format: event: config:0-7, mask:0-7
49 [139837208258240] INFO perfrun.perfcollector <> - format: edge: config:18, mask:18
49 [139837208258240] INFO perfrun.perfcollector <> - format: chmask: config:8-11, mask:8-11
49 [139837208258240] INFO perfrun.perfcollector <> - hwInfo: PERF_IMC_PMU_DETAILS
49 [139837208258240] INFO perfrun.perfcollector <> - pmu caps: raw,format
49 [139837208258240] INFO perfrun.perfcollector <> - pmu added: uncore_imc, idx: 1
49 [139837208258240] INFO perfrun.perfcollector <> - dir found: /sys/bus/event_source/devices/power
49 [139837208258240] INFO perfrun.perfcollector <> - format: event: config:0-7, mask:0-7
49 [139837208258240] INFO perfrun.perfcollector <> - hwInfo: not set, pmuFam: power
49 [139837208258240] INFO perfrun.perfcollector <> - pmu caps: raw,format,events
49 [139837208258240] INFO perfrun.perfcollector <> - pmu added: power, idx: 0
49 [139837208258240] INFO perfrun.perfcollector <> - dir found: /sys/bus/event_source/devices/uncore_cbox_11
49 [139837208258240] INFO perfrun.perfcollector <> - format: event: config:0-7, mask:0-7
49 [139837208258240] INFO perfrun.perfcollector <> - format: edge: config:18, mask:18
49 [139837208258240] INFO perfrun.perfcollector <> - format: threshold: config:24-29, mask:24-29
49 [139837208258240] INFO perfrun.perfcollector <> - format: inv: config:23, mask:23
49 [139837208258240] INFO perfrun.perfcollector <> - format: umask: config:8-15, mask:8-15
49 [139837208258240] INFO perfrun.perfcollector <> - hwInfo: PERF_CBOX_PMU_DETAILS
49 [139837208258240] INFO perfrun.perfcollector <> - pmu caps: raw,format
49 [139837208258240] INFO perfrun.perfcollector <> - pmu added: uncore_cbox, idx: 11
49 [139837208258240] INFO perfrun.perfcollector <> - dir found: /sys/bus/event_source/devices/uncore_cbox_4
49 [139837208258240] INFO perfrun.perfcollector <> - format: event: config:0-7, mask:0-7
49 [139837208258240] INFO perfrun.perfcollector <> - format: edge: config:18, mask:18
49 [139837208258240] INFO perfrun.perfcollector <> - format: threshold: config:24-29, mask:24-29
49 [139837208258240] INFO perfrun.perfcollector <> - format: inv: config:23, mask:23
49 [139837208258240] INFO perfrun.perfcollector <> - format: umask: config:8-15, mask:8-15
49 [139837208258240] INFO perfrun.perfcollector <> - hwInfo: PERF_CBOX_PMU_DETAILS
49 [139837208258240] INFO perfrun.perfcollector <> - pmu caps: raw,format
49 [139837208258240] INFO perfrun.perfcollector <> - pmu added: uncore_cbox, idx: 4
49 [139837208258240] INFO perfrun.perfcollector <> - dir found: /sys/bus/event_source/devices/uprobe
49 [139837208258240] INFO perfrun.perfcollector <> - format: ref_ctr_offset: config:32-63, mask:32-63
49 [139837208258240] INFO perfrun.perfcollector <> - format: retprobe: config:0, mask:0
49 [139837208258240] INFO perfrun.perfcollector <> - hwInfo: not set, pmuFam: uprobe
49 [139837208258240] INFO perfrun.perfcollector <> - pmu caps: raw,format
49 [139837208258240] INFO perfrun.perfcollector <> - pmu added: uprobe, idx: 0
49 [139837208258240] INFO perfrun.perfcollector <> - dir found: /sys/bus/event_source/devices/intel_bts
49 [139837208258240] INFO perfrun.perfcollector <> - format: pmu format subdir doesn't exist
49 [139837208258240] INFO perfrun.perfcollector <> - hwInfo: not set, pmuFam: intel_bts
49 [139837208258240] INFO perfrun.perfcollector <> - pmu added: intel_bts, idx: 0
49 [139837208258240] INFO perfrun.perfcollector <> - dir found: /sys/bus/event_source/devices/cpu_atom
49 [139837208258240] INFO perfrun.perfcollector <> - format: event: config:0-7, mask:0-7
49 [139837208258240] INFO perfrun.perfcollector <> - format: pc: config:19, mask:19
49 [139837208258240] INFO perfrun.perfcollector <> - format: edge: config:18, mask:18
49 [139837208258240] INFO perfrun.perfcollector <> - format: offcore_rsp: config1:0-63, mask:0-63
49 [139837208258240] INFO perfrun.perfcollector <> - format: ldlat: config1:0-15, mask:0-15
49 [139837208258240] INFO perfrun.perfcollector <> - format: inv: config:23, mask:23
49 [139837208258240] INFO perfrun.perfcollector <> - format: umask: config:8-15, mask:8-15
49 [139837208258240] INFO perfrun.perfcollector <> - format: cmask: config:24-31, mask:24-31
49 [139837208258240] INFO perfrun.perfcollector <> - hwInfo: PERF_CPU_PMU_DETAILS
49 [139837208258240] INFO perfrun.perfcollector <> - pmu caps: raw,format,events,ldlat,offcore_rsp
49 [139837208258240] INFO perfrun.perfcollector <> - pmu added: cpu_atom, idx: 0
49 [139837208258240] INFO perfrun.perfcollector <> - dir found: /sys/bus/event_source/devices/cstate_core
49 [139837208258240] INFO perfrun.perfcollector <> - format: event: config:0-63, mask:0-63
49 [139837208258240] INFO perfrun.perfcollector <> - hwInfo: not set, pmuFam: cstate_core
49 [139837208258240] INFO perfrun.perfcollector <> - pmu caps: raw,format,events
49 [139837208258240] INFO perfrun.perfcollector <> - pmu added: cstate_core, idx: 0
49 [139837208258240] INFO perfrun.perfcollector <> - dir found: /sys/bus/event_source/devices/uncore_cbox_2
49 [139837208258240] INFO perfrun.perfcollector <> - format: event: config:0-7, mask:0-7
49 [139837208258240] INFO perfrun.perfcollector <> - format: edge: config:18, mask:18
49 [139837208258240] INFO perfrun.perfcollector <> - format: threshold: config:24-29, mask:24-29
49 [139837208258240] INFO perfrun.perfcollector <> - format: inv: config:23, mask:23
49 [139837208258240] INFO perfrun.perfcollector <> - format: umask: config:8-15, mask:8-15
49 [139837208258240] INFO perfrun.perfcollector <> - hwInfo: PERF_CBOX_PMU_DETAILS
49 [139837208258240] INFO perfrun.perfcollector <> - pmu caps: raw,format
49 [139837208258240] INFO perfrun.perfcollector <> - pmu added: uncore_cbox, idx: 2
49 [139837208258240] INFO perfrun.perfcollector <> - dir found: /sys/bus/event_source/devices/breakpoint
49 [139837208258240] INFO perfrun.perfcollector <> - format: pmu format subdir doesn't exist
49 [139837208258240] INFO perfrun.perfcollector <> - hwInfo: not set, pmuFam: breakpoint
49 [139837208258240] INFO perfrun.perfcollector <> - pmu added: breakpoint, idx: 0
49 [139837208258240] INFO perfrun.perfcollector <> - dir found: /sys/bus/event_source/devices/uncore_arb_1
49 [139837208258240] INFO perfrun.perfcollector <> - format: event: config:0-7, mask:0-7
49 [139837208258240] INFO perfrun.perfcollector <> - format: edge: config:18, mask:18
49 [139837208258240] INFO perfrun.perfcollector <> - format: inv: config:23, mask:23
49 [139837208258240] INFO perfrun.perfcollector <> - format: umask: config:8-15, mask:8-15
49 [139837208258240] INFO perfrun.perfcollector <> - format: cmask: config:24-28, mask:24-28
49 [139837208258240] INFO perfrun.perfcollector <> - hwInfo: not set, pmuFam: uncore_arb
49 [139837208258240] INFO perfrun.perfcollector <> - pmu caps: raw,format
49 [139837208258240] INFO perfrun.perfcollector <> - pmu added: uncore_arb, idx: 1
49 [139837208258240] INFO perfrun.perfcollector <> - dir found: /sys/bus/event_source/devices/uncore_cbox_0
49 [139837208258240] INFO perfrun.perfcollector <> - format: event: config:0-7, mask:0-7
49 [139837208258240] INFO perfrun.perfcollector <> - format: edge: config:18, mask:18
49 [139837208258240] INFO perfrun.perfcollector <> - format: threshold: config:24-29, mask:24-29
49 [139837208258240] INFO perfrun.perfcollector <> - format: inv: config:23, mask:23
49 [139837208258240] INFO perfrun.perfcollector <> - format: umask: config:8-15, mask:8-15
49 [139837208258240] INFO perfrun.perfcollector <> - hwInfo: PERF_CBOX_PMU_DETAILS
49 [139837208258240] INFO perfrun.perfcollector <> - pmu caps: raw,format
49 [139837208258240] INFO perfrun.perfcollector <> - pmu added: uncore_cbox, idx: 0
49 [139837208258240] INFO perfrun.perfcollector <> - dir found: /sys/bus/event_source/devices/tracepoint
49 [139837208258240] INFO perfrun.perfcollector <> - format: pmu format subdir doesn't exist
49 [139837208258240] INFO perfrun.perfcollector <> - hwInfo: not set, pmuFam: tracepoint
49 [139837208258240] INFO perfrun.perfcollector <> - pmu added: tracepoint, idx: 0
49 [139837208258240] INFO perfrun.perfcollector <> - dir found: /sys/bus/event_source/devices/uncore_cbox_9
49 [139837208258240] INFO perfrun.perfcollector <> - format: event: config:0-7, mask:0-7
49 [139837208258240] INFO perfrun.perfcollector <> - format: edge: config:18, mask:18
49 [139837208258240] INFO perfrun.perfcollector <> - format: threshold: config:24-29, mask:24-29
49 [139837208258240] INFO perfrun.perfcollector <> - format: inv: config:23, mask:23
49 [139837208258240] INFO perfrun.perfcollector <> - format: umask: config:8-15, mask:8-15
49 [139837208258240] INFO perfrun.perfcollector <> - hwInfo: PERF_CBOX_PMU_DETAILS
49 [139837208258240] INFO perfrun.perfcollector <> - pmu caps: raw,format
49 [139837208258240] INFO perfrun.perfcollector <> - pmu added: uncore_cbox, idx: 9
49 [139837208258240] INFO perfrun.perfcollector <> - dir found: /sys/bus/event_source/devices/cstate_pkg
49 [139837208258240] INFO perfrun.perfcollector <> - format: event: config:0-63, mask:0-63
49 [139837208258240] INFO perfrun.perfcollector <> - hwInfo: not set, pmuFam: cstate_pkg
49 [139837208258240] INFO perfrun.perfcollector <> - pmu caps: raw,format,events
49 [139837208258240] INFO perfrun.perfcollector <> - pmu added: cstate_pkg, idx: 0
49 [139837208258240] INFO perfrun.perfcollector <> - dir found: /sys/bus/event_source/devices/uncore_imc_free_running_0
49 [139837208258240] INFO perfrun.perfcollector <> - format: event: config:0-7, mask:0-7
50 [139837208258240] INFO perfrun.perfcollector <> - format: umask: config:8-15, mask:8-15
50 [139837208258240] INFO perfrun.perfcollector <> - hwInfo: not set, pmuFam: uncore_imc_free_running
50 [139837208258240] INFO perfrun.perfcollector <> - pmu caps: raw,format,events
50 [139837208258240] INFO perfrun.perfcollector <> - pmu added: uncore_imc_free_running, idx: 0
50 [139837208258240] INFO perfrun.perfcollector <> - dir found: /sys/bus/event_source/devices/uncore_cbox_7
50 [139837208258240] INFO perfrun.perfcollector <> - format: event: config:0-7, mask:0-7
50 [139837208258240] INFO perfrun.perfcollector <> - format: edge: config:18, mask:18
50 [139837208258240] INFO perfrun.perfcollector <> - format: threshold: config:24-29, mask:24-29
50 [139837208258240] INFO perfrun.perfcollector <> - format: inv: config:23, mask:23
50 [139837208258240] INFO perfrun.perfcollector <> - format: umask: config:8-15, mask:8-15
50 [139837208258240] INFO perfrun.perfcollector <> - hwInfo: PERF_CBOX_PMU_DETAILS
50 [139837208258240] INFO perfrun.perfcollector <> - pmu caps: raw,format
50 [139837208258240] INFO perfrun.perfcollector <> - pmu added: uncore_cbox, idx: 7
50 [139837208258240] INFO perfrun.perfcollector <> - dir found: /sys/bus/event_source/devices/kprobe
50 [139837208258240] INFO perfrun.perfcollector <> - format: retprobe: config:0, mask:0
50 [139837208258240] INFO perfrun.perfcollector <> - hwInfo: not set, pmuFam: kprobe
50 [139837208258240] INFO perfrun.perfcollector <> - pmu caps: raw,format
50 [139837208258240] INFO perfrun.perfcollector <> - pmu added: kprobe, idx: 0
50 [139837208258240] INFO perfrun.perfcollector <> - dir found: /sys/bus/event_source/devices/uncore_cbox_5
50 [139837208258240] INFO perfrun.perfcollector <> - format: event: config:0-7, mask:0-7
50 [139837208258240] INFO perfrun.perfcollector <> - format: edge: config:18, mask:18
50 [139837208258240] INFO perfrun.perfcollector <> - format: threshold: config:24-29, mask:24-29
50 [139837208258240] INFO perfrun.perfcollector <> - format: inv: config:23, mask:23
50 [139837208258240] INFO perfrun.perfcollector <> - format: umask: config:8-15, mask:8-15
50 [139837208258240] INFO perfrun.perfcollector <> - hwInfo: PERF_CBOX_PMU_DETAILS
50 [139837208258240] INFO perfrun.perfcollector <> - pmu caps: raw,format
50 [139837208258240] INFO perfrun.perfcollector <> - pmu added: uncore_cbox, idx: 5
50 [139837208258240] INFO perfrun.perfcollector <> - dir found: /sys/bus/event_source/devices/uncore_imc_0
50 [139837208258240] INFO perfrun.perfcollector <> - format: event: config:0-7, mask:0-7
50 [139837208258240] INFO perfrun.perfcollector <> - format: edge: config:18, mask:18
50 [139837208258240] INFO perfrun.perfcollector <> - format: chmask: config:8-11, mask:8-11
50 [139837208258240] INFO perfrun.perfcollector <> - hwInfo: PERF_IMC_PMU_DETAILS
50 [139837208258240] INFO perfrun.perfcollector <> - pmu caps: raw,format
50 [139837208258240] INFO perfrun.perfcollector <> - pmu added: uncore_imc, idx: 0
50 [139837208258240] INFO perfrun.perfcollector <> - dir found: /sys/bus/event_source/devices/uncore_cbox_10
50 [139837208258240] INFO perfrun.perfcollector <> - format: event: config:0-7, mask:0-7
50 [139837208258240] INFO perfrun.perfcollector <> - format: edge: config:18, mask:18
50 [139837208258240] INFO perfrun.perfcollector <> - format: threshold: config:24-29, mask:24-29
50 [139837208258240] INFO perfrun.perfcollector <> - format: inv: config:23, mask:23
50 [139837208258240] INFO perfrun.perfcollector <> - format: umask: config:8-15, mask:8-15
50 [139837208258240] INFO perfrun.perfcollector <> - hwInfo: PERF_CBOX_PMU_DETAILS
50 [139837208258240] INFO perfrun.perfcollector <> - pmu caps: raw,format
50 [139837208258240] INFO perfrun.perfcollector <> - pmu added: uncore_cbox, idx: 10
50 [139837208258240] INFO perfrun.perfcollector <> - dir found: /sys/bus/event_source/devices/i915
50 [139837208258240] INFO perfrun.perfcollector <> - format: i915_eventid: config:0-20, mask:0-20
50 [139837208258240] INFO perfrun.perfcollector <> - hwInfo: not set, pmuFam: i915
50 [139837208258240] INFO perfrun.perfcollector <> - pmu caps: raw,format,events
50 [139837208258240] INFO perfrun.perfcollector <> - pmu added: i915, idx: 0
50 [139837208258240] INFO perfrun.perfcollector <> - dir found: /sys/bus/event_source/devices/msr
50 [139837208258240] INFO perfrun.perfcollector <> - format: event: config:0-63, mask:0-63
50 [139837208258240] INFO perfrun.perfcollector <> - hwInfo: not set, pmuFam: msr
50 [139837208258240] INFO perfrun.perfcollector <> - pmu caps: raw,format,events
50 [139837208258240] INFO perfrun.perfcollector <> - pmu added: msr, idx: 0
50 [139837208258240] INFO perfrun.perfcollector <> - dir found: /sys/bus/event_source/devices/uncore_cbox_3
50 [139837208258240] INFO perfrun.perfcollector <> - format: event: config:0-7, mask:0-7
50 [139837208258240] INFO perfrun.perfcollector <> - format: edge: config:18, mask:18
50 [139837208258240] INFO perfrun.perfcollector <> - format: threshold: config:24-29, mask:24-29
50 [139837208258240] INFO perfrun.perfcollector <> - format: inv: config:23, mask:23
50 [139837208258240] INFO perfrun.perfcollector <> - format: umask: config:8-15, mask:8-15
50 [139837208258240] INFO perfrun.perfcollector <> - hwInfo: PERF_CBOX_PMU_DETAILS
50 [139837208258240] INFO perfrun.perfcollector <> - pmu caps: raw,format
50 [139837208258240] INFO perfrun.perfcollector <> - pmu added: uncore_cbox, idx: 3
50 [139837208258240] INFO perfrun.perfcollector <> - dir found: /sys/bus/event_source/devices/intel_pt
50 [139837208258240] INFO perfrun.perfcollector <> - format: ptw: config:12, mask:12
50 [139837208258240] INFO perfrun.perfcollector <> - format: event: config:31, mask:31
50 [139837208258240] INFO perfrun.perfcollector <> - format: cyc_thresh: config:19-22, mask:19-22
50 [139837208258240] INFO perfrun.perfcollector <> - format: pt: config:0, mask:0
50 [139837208258240] INFO perfrun.perfcollector <> - format: notnt: config:55, mask:55
50 [139837208258240] INFO perfrun.perfcollector <> - format: branch: config:13, mask:13
50 [139837208258240] INFO perfrun.perfcollector <> - format: tsc: config:10, mask:10
50 [139837208258240] INFO perfrun.perfcollector <> - format: pwr_evt: config:4, mask:4
50 [139837208258240] INFO perfrun.perfcollector <> - format: fup_on_ptw: config:5, mask:5
50 [139837208258240] INFO perfrun.perfcollector <> - format: cyc: config:1, mask:1
50 [139837208258240] INFO perfrun.perfcollector <> - format: noretcomp: config:11, mask:11
50 [139837208258240] INFO perfrun.perfcollector <> - format: mtc: config:9, mask:9
50 [139837208258240] INFO perfrun.perfcollector <> - format: psb_period: config:24-27, mask:24-27
50 [139837208258240] INFO perfrun.perfcollector <> - format: mtc_period: config:14-17, mask:14-17
50 [139837208258240] INFO perfrun.perfcollector <> - hwInfo: not set, pmuFam: intel_pt
50 [139837208258240] INFO perfrun.perfcollector <> - pmu caps: raw,format
50 [139837208258240] INFO perfrun.perfcollector <> - pmu added: intel_pt, idx: 0
50 [139837208258240] INFO perfrun.perfcollector <> - dir found: /sys/bus/event_source/devices/uncore_cbox_1
50 [139837208258240] INFO perfrun.perfcollector <> - format: event: config:0-7, mask:0-7
50 [139837208258240] INFO perfrun.perfcollector <> - format: edge: config:18, mask:18
50 [139837208258240] INFO perfrun.perfcollector <> - format: threshold: config:24-29, mask:24-29
50 [139837208258240] INFO perfrun.perfcollector <> - format: inv: config:23, mask:23
50 [139837208258240] INFO perfrun.perfcollector <> - format: umask: config:8-15, mask:8-15
50 [139837208258240] INFO perfrun.perfcollector <> - hwInfo: PERF_CBOX_PMU_DETAILS
50 [139837208258240] INFO perfrun.perfcollector <> - pmu caps: raw,format
50 [139837208258240] INFO perfrun.perfcollector <> - pmu added: uncore_cbox, idx: 1
50 [139837208258240] INFO perfrun.perfcollector <> - Perf tool path: /opt/intel/oneapi/vtune/2026.2/bin64/amplxe-perf
50 [139837208258240] INFO perfrun.perfcollector <> - Data directory: /home/ihtgoot/project/TiF/Sandboc/hotspots2/data.0
50 [139837208258240] INFO perfrun.perfcollector <> - Temp directory: /tmp/amplxe-tmp-vaibhav
50 [139837208258240] INFO perfrun.perfcollector <> - Perf sync path: /opt/intel/oneapi/vtune/2026.2/bin64/amplxe-perf-sync
50 [139837208258240] INFO perfrun.perfcollector <> - Hypervisor = None
50 [139837208258240] INFO perfrun.perfcollector <> - Counting mode is requested
50 [139837208258240] WARN perfrun.launcher <> - Messenger::say: Only user space will be profiled due to credentials lack. Consider changing /proc/sys/kernel/perf_event_paranoid file for enabling kernel space profiling.
50 [139837208258240] INFO perfrun.perfcollector <> - Sample after multiplier: 1
50 [139837208258240] INFO perfrun.sdk <> - runCmd: /opt/intel/oneapi/vtune/2026.2/bin64/sep -dry-run -sam 1 -ec CPU_CLK_UNHALTED.THREAD:sa=2300000,CPU_CLK_UNHALTED.REF_TSC:sample:sa=2300000,INST_RETIRED.ANY:sample:sa=2300000,CPU_CLK_UNHALTED.DISTRIBUTED:sa=2300000,FP_ARITH_INST_RETIRED.SCALAR_SINGLE:sa=2000003,FP_ARITH_INST_RETIRED.128B_PACKED_SINGLE:sa=2000003,FP_ARITH_INST_RETIRED.256B_PACKED_SINGLE:sa=2000003,FP_ARITH_INST_RETIRED.SCALAR_DOUBLE:sa=2000003,FP_ARITH_INST_RETIRED.128B_PACKED_DOUBLE:sa=2000003,FP_ARITH_INST_RETIRED.256B_PACKED_DOUBLE:sa=2000003,UOPS_EXECUTED.X87:sa=2000003,UOPS_RETIRED.SLOTS:sa=2000003,UOPS_EXECUTED.THREAD:sa=2000003,TOPDOWN.SLOTS:sample:sa=2000003,TOPDOWN.SLOTS_P:sample:sa=2000003,TOPDOWN_RETIRING.ALL_P:sample:sa=2000003,TOPDOWN_RETIRING.ALL:sample:sa=2000003 -experimental
51 [139837208258240] INFO perfrun.sdk <> - runCmd started PID 42155
61 [139837208258240] INFO perfrun.perfcollector <> - SepDryRun RC = true
61 [139837208258240] INFO perfrun.perfcollector <> - Loading SEP event configuration
61 [139837208258240] INFO perfrun.perfcollector <> - pmu: cpu_core
61 [139837208258240] INFO perfrun.perfcollector <> - group_id: 0
61 [139837208258240] INFO perfrun.perfcollector <> - event_id: 2: INST_RETIRED.ANY
61 [139837208258240] INFO perfrun.perfcollector <> - event_id: 0: CPU_CLK_UNHALTED.THREAD
61 [139837208258240] INFO perfrun.perfcollector <> - event_id: 1: CPU_CLK_UNHALTED.REF_TSC
61 [139837208258240] INFO perfrun.perfcollector <> - event_id: 13: TOPDOWN.SLOTS
61 [139837208258240] INFO perfrun.perfcollector <> - event_id: 3: CPU_CLK_UNHALTED.DISTRIBUTED
61 [139837208258240] INFO perfrun.perfcollector <> - event_id: 4: FP_ARITH_INST_RETIRED.SCALAR_SINGLE
61 [139837208258240] INFO perfrun.perfcollector <> - event_id: 5: FP_ARITH_INST_RETIRED.128B_PACKED_SINGLE
61 [139837208258240] INFO perfrun.perfcollector <> - event_id: 6: FP_ARITH_INST_RETIRED.256B_PACKED_SINGLE
61 [139837208258240] INFO perfrun.perfcollector <> - event_id: 7: FP_ARITH_INST_RETIRED.SCALAR_DOUBLE
61 [139837208258240] INFO perfrun.perfcollector <> - event_id: 8: FP_ARITH_INST_RETIRED.128B_PACKED_DOUBLE
61 [139837208258240] INFO perfrun.perfcollector <> - event_id: 9: FP_ARITH_INST_RETIRED.256B_PACKED_DOUBLE
61 [139837208258240] INFO perfrun.perfcollector <> - event_id: 10: UOPS_EXECUTED.X87
61 [139837208258240] INFO perfrun.perfcollector <> - group_id: 0: pebs_enable: addr: 3f1, value: f000000ff
61 [139837208258240] INFO perfrun.perfcollector <> - event_id: 3: cccr: addr: 186, value: 4302ec
61 [139837208258240] INFO perfrun.perfcollector <> - event_id: 4: cccr: addr: 187, value: 4302c7
61 [139837208258240] INFO perfrun.perfcollector <> - event_id: 5: cccr: addr: 188, value: 4308c7
61 [139837208258240] INFO perfrun.perfcollector <> - event_id: 6: cccr: addr: 189, value: 4320c7
62 [139837208258240] INFO perfrun.perfcollector <> - event_id: 7: cccr: addr: 18a, value: 4301c7
62 [139837208258240] INFO perfrun.perfcollector <> - event_id: 8: cccr: addr: 18b, value: 4304c7
62 [139837208258240] INFO perfrun.perfcollector <> - event_id: 9: cccr: addr: 18c, value: 4310c7
62 [139837208258240] INFO perfrun.perfcollector <> - event_id: 10: cccr: addr: 18d, value: 4310b1
62 [139837208258240] INFO perfrun.perfcollector <> - event_id: 2: data: addr: 309, value: ffffffffffdce7a0
62 [139837208258240] INFO perfrun.perfcollector <> - event_id: 0: data: addr: 30a, value: ffffffffffdce7a0
62 [139837208258240] INFO perfrun.perfcollector <> - event_id: 1: data: addr: 30b, value: ffffffffffdce7a0
62 [139837208258240] INFO perfrun.perfcollector <> - event_id: 13: data: addr: 30c, value: ffffffffffe17b7d
62 [139837208258240] INFO perfrun.perfcollector <> - event_id: 3: data: addr: c1, value: ffffffffffdce7a0
62 [139837208258240] INFO perfrun.perfcollector <> - event_id: 4: data: addr: c2, value: ffffffffffe17b7d
62 [139837208258240] INFO perfrun.perfcollector <> - event_id: 5: data: addr: c3, value: ffffffffffe17b7d
62 [139837208258240] INFO perfrun.perfcollector <> - event_id: 6: data: addr: c4, value: ffffffffffe17b7d
62 [139837208258240] INFO perfrun.perfcollector <> - event_id: 7: data: addr: c5, value: ffffffffffe17b7d
62 [139837208258240] INFO perfrun.perfcollector <> - event_id: 8: data: addr: c6, value: ffffffffffe17b7d
62 [139837208258240] INFO perfrun.perfcollector <> - event_id: 9: data: addr: c7, value: ffffffffffe17b7d
62 [139837208258240] INFO perfrun.perfcollector <> - event_id: 10: data: addr: c8, value: ffffffffffe17b7d
62 [139837208258240] INFO perfrun.perfcollector <> - group_id: 1
62 [139837208258240] INFO perfrun.perfcollector <> - event_id: 2: INST_RETIRED.ANY
62 [139837208258240] INFO perfrun.perfcollector <> - event_id: 0: CPU_CLK_UNHALTED.THREAD
62 [139837208258240] INFO perfrun.perfcollector <> - event_id: 1: CPU_CLK_UNHALTED.REF_TSC
62 [139837208258240] INFO perfrun.perfcollector <> - event_id: 13: TOPDOWN.SLOTS
62 [139837208258240] INFO perfrun.perfcollector <> - event_id: 11: UOPS_RETIRED.SLOTS
62 [139837208258240] INFO perfrun.perfcollector <> - event_id: 12: UOPS_EXECUTED.THREAD
62 [139837208258240] INFO perfrun.perfcollector <> - event_id: 14: TOPDOWN.SLOTS_P
62 [139837208258240] INFO perfrun.perfcollector <> - group_id: 1: pebs_enable: addr: 3f1, value: f00000007
62 [139837208258240] INFO perfrun.perfcollector <> - event_id: 11: cccr: addr: 186, value: 4302c2
62 [139837208258240] INFO perfrun.perfcollector <> - event_id: 12: cccr: addr: 187, value: 4301b1
62 [139837208258240] INFO perfrun.perfcollector <> - event_id: 14: cccr: addr: 188, value: 4301a4
62 [139837208258240] INFO perfrun.perfcollector <> - event_id: 2: data: addr: 309, value: ffffffffffdce7a0
62 [139837208258240] INFO perfrun.perfcollector <> - event_id: 0: data: addr: 30a, value: ffffffffffdce7a0
62 [139837208258240] INFO perfrun.perfcollector <> - event_id: 1: data: addr: 30b, value: ffffffffffdce7a0
62 [139837208258240] INFO perfrun.perfcollector <> - event_id: 13: data: addr: 30c, value: ffffffffffe17b7d
62 [139837208258240] INFO perfrun.perfcollector <> - event_id: 11: data: addr: c1, value: ffffffffffe17b7d
62 [139837208258240] INFO perfrun.perfcollector <> - event_id: 12: data: addr: c2, value: ffffffffffe17b7d
62 [139837208258240] INFO perfrun.perfcollector <> - event_id: 14: data: addr: c3, value: ffffffffffe17b7d
62 [139837208258240] INFO perfrun.perfcollector <> - pmu: cpu_atom
62 [139837208258240] INFO perfrun.perfcollector <> - group_id: 0
62 [139837208258240] INFO perfrun.perfcollector <> - event_id: 2: INST_RETIRED.ANY
62 [139837208258240] INFO perfrun.perfcollector <> - event_id: 0: CPU_CLK_UNHALTED.THREAD
62 [139837208258240] INFO perfrun.perfcollector <> - event_id: 1: CPU_CLK_UNHALTED.REF_TSC
62 [139837208258240] INFO perfrun.perfcollector <> - event_id: 16: TOPDOWN_RETIRING.ALL
62 [139837208258240] INFO perfrun.perfcollector <> - group_id: 0: pebs_enable: addr: 3f1, value: 700000001
62 [139837208258240] INFO perfrun.perfcollector <> - event_id: 16: cccr: addr: 186, value: 4300c2
62 [139837208258240] INFO perfrun.perfcollector <> - event_id: 2: data: addr: 309, value: ffffffffffdce7a0
62 [139837208258240] INFO perfrun.perfcollector <> - event_id: 0: data: addr: 30a, value: ffffffffffdce7a0
62 [139837208258240] INFO perfrun.perfcollector <> - event_id: 1: data: addr: 30b, value: ffffffffffdce7a0
62 [139837208258240] INFO perfrun.perfcollector <> - event_id: 16: data: addr: c1, value: ffffffffffe17b7d
62 [139837208258240] INFO perfrun.perfcollector <> - Converting events to Perf format
62 [139837208258240] INFO perfrun.perfcollector <> - event: 0: CPU_CLK_UNHALTED.THREAD
62 [139837208258240] INFO perfrun.perfcollector <> - cccr: addr: ffffffff, value: 0
62 [139837208258240] INFO perfrun.perfcollector <> - data: addr: 30a, value: ffffffffffdce7a0
62 [139837208258240] INFO perfrun.perfcollector <> - pebs_enable: 700000001
62 [139837208258240] INFO perfrun.perfcollector <> - pmu config: cpu_atom
62 [139837208258240] INFO perfrun.perfcollector <> - config: cmask: 0
62 [139837208258240] INFO perfrun.perfcollector <> - config: edge: 0
62 [139837208258240] INFO perfrun.perfcollector <> - config: event: 3c
62 [139837208258240] INFO perfrun.perfcollector <> - config: inv: 0
62 [139837208258240] INFO perfrun.perfcollector <> - config1: ldlat: 0
62 [139837208258240] INFO perfrun.perfcollector <> - config1: offcore_rsp: 0
62 [139837208258240] INFO perfrun.perfcollector <> - config: pc: 0
62 [139837208258240] INFO perfrun.perfcollector <> - config: umask: 0
62 [139837208258240] INFO perfrun.perfcollector <> - format: cpu_atom/event=0x3c,name='CPU_CLK_UNHALTED.THREAD[ATOM]'/D
62 [139837208258240] INFO perfrun.perfcollector <> - precise event: extended pebs bit is enabled
62 [139837208258240] INFO perfrun.perfcollector <> - event: 1: CPU_CLK_UNHALTED.REF_TSC
62 [139837208258240] INFO perfrun.perfcollector <> - cccr: addr: ffffffff, value: 0
62 [139837208258240] INFO perfrun.perfcollector <> - data: addr: 30b, value: ffffffffffdce7a0
62 [139837208258240] INFO perfrun.perfcollector <> - pebs_enable: 700000001
62 [139837208258240] INFO perfrun.perfcollector <> - pmu config: cpu_atom
62 [139837208258240] INFO perfrun.perfcollector <> - config: cmask: 0
62 [139837208258240] INFO perfrun.perfcollector <> - config: edge: 0
62 [139837208258240] INFO perfrun.perfcollector <> - config: event: 0
62 [139837208258240] INFO perfrun.perfcollector <> - config: inv: 0
62 [139837208258240] INFO perfrun.perfcollector <> - config1: ldlat: 0
62 [139837208258240] INFO perfrun.perfcollector <> - config1: offcore_rsp: 0
62 [139837208258240] INFO perfrun.perfcollector <> - config: pc: 0
62 [139837208258240] INFO perfrun.perfcollector <> - config: umask: 3
62 [139837208258240] INFO perfrun.perfcollector <> - format: cpu_atom/umask=0x3,name='CPU_CLK_UNHALTED.REF_TSC[ATOM]'/D
62 [139837208258240] INFO perfrun.perfcollector <> - precise event: extended pebs bit is enabled
62 [139837208258240] INFO perfrun.perfcollector <> - event: 2: INST_RETIRED.ANY
62 [139837208258240] INFO perfrun.perfcollector <> - cccr: addr: ffffffff, value: 0
62 [139837208258240] INFO perfrun.perfcollector <> - data: addr: 309, value: ffffffffffdce7a0
62 [139837208258240] INFO perfrun.perfcollector <> - pebs_enable: 700000001
62 [139837208258240] INFO perfrun.perfcollector <> - pmu config: cpu_atom
62 [139837208258240] INFO perfrun.perfcollector <> - config: cmask: 0
62 [139837208258240] INFO perfrun.perfcollector <> - config: edge: 0
62 [139837208258240] INFO perfrun.perfcollector <> - config: event: c0
62 [139837208258240] INFO perfrun.perfcollector <> - config: inv: 0
62 [139837208258240] INFO perfrun.perfcollector <> - config1: ldlat: 0
62 [139837208258240] INFO perfrun.perfcollector <> - config1: offcore_rsp: 0
62 [139837208258240] INFO perfrun.perfcollector <> - config: pc: 0
62 [139837208258240] INFO perfrun.perfcollector <> - config: umask: 0
62 [139837208258240] INFO perfrun.perfcollector <> - format: cpu_atom/event=0xc0,name='INST_RETIRED.ANY[ATOM]'/D
62 [139837208258240] INFO perfrun.perfcollector <> - precise event: extended pebs bit is enabled
62 [139837208258240] INFO perfrun.perfcollector <> - event: 16: TOPDOWN_RETIRING.ALL
62 [139837208258240] INFO perfrun.perfcollector <> - cccr: addr: 186, value: 4300c2
62 [139837208258240] INFO perfrun.perfcollector <> - data: addr: c1, value: ffffffffffe17b7d
62 [139837208258240] INFO perfrun.perfcollector <> - pebs_enable: 700000001
62 [139837208258240] INFO perfrun.perfcollector <> - pmu config: cpu_atom
62 [139837208258240] INFO perfrun.perfcollector <> - config: cmask: 0
62 [139837208258240] INFO perfrun.perfcollector <> - config: edge: 0
62 [139837208258240] INFO perfrun.perfcollector <> - config: event: c2
62 [139837208258240] INFO perfrun.perfcollector <> - config: inv: 0
62 [139837208258240] INFO perfrun.perfcollector <> - config1: ldlat: 0
62 [139837208258240] INFO perfrun.perfcollector <> - config1: offcore_rsp: 0
62 [139837208258240] INFO perfrun.perfcollector <> - config: pc: 0
62 [139837208258240] INFO perfrun.perfcollector <> - config: umask: 0
62 [139837208258240] INFO perfrun.perfcollector <> - format: cpu_atom/event=0xc2,name='TOPDOWN_RETIRING.ALL[ATOM]'/
62 [139837208258240] INFO perfrun.perfcollector <> - precise event: event selector has no imprecise bit
62 [139837208258240] INFO perfrun.perfcollector <> - event: 0: CPU_CLK_UNHALTED.THREAD
62 [139837208258240] INFO perfrun.perfcollector <> - cccr: addr: ffffffff, value: 0
62 [139837208258240] INFO perfrun.perfcollector <> - data: addr: 30a, value: ffffffffffdce7a0
62 [139837208258240] INFO perfrun.perfcollector <> - pebs_enable: f00000007
62 [139837208258240] INFO perfrun.perfcollector <> - pmu config: cpu_core
62 [139837208258240] INFO perfrun.perfcollector <> - config: cmask: 0
62 [139837208258240] INFO perfrun.perfcollector <> - config: edge: 0
62 [139837208258240] INFO perfrun.perfcollector <> - config: event: 3c
62 [139837208258240] INFO perfrun.perfcollector <> - config1: frontend: 0
62 [139837208258240] INFO perfrun.perfcollector <> - config: inv: 0
62 [139837208258240] INFO perfrun.perfcollector <> - config1: ldlat: 0
62 [139837208258240] INFO perfrun.perfcollector <> - config1: offcore_rsp: 0
62 [139837208258240] INFO perfrun.perfcollector <> - config: pc: 0
62 [139837208258240] INFO perfrun.perfcollector <> - config: umask: 0
62 [139837208258240] INFO perfrun.perfcollector <> - format: cpu_core/event=0x3c,name='CPU_CLK_UNHALTED.THREAD[CORE]'/D
62 [139837208258240] INFO perfrun.perfcollector <> - precise event: extended pebs bit is enabled
62 [139837208258240] INFO perfrun.perfcollector <> - event: 1: CPU_CLK_UNHALTED.REF_TSC
62 [139837208258240] INFO perfrun.perfcollector <> - cccr: addr: ffffffff, value: 0
62 [139837208258240] INFO perfrun.perfcollector <> - data: addr: 30b, value: ffffffffffdce7a0
62 [139837208258240] INFO perfrun.perfcollector <> - pebs_enable: f00000007
62 [139837208258240] INFO perfrun.perfcollector <> - pmu config: cpu_core
62 [139837208258240] INFO perfrun.perfcollector <> - config: cmask: 0
62 [139837208258240] INFO perfrun.perfcollector <> - config: edge: 0
62 [139837208258240] INFO perfrun.perfcollector <> - config: event: 0
62 [139837208258240] INFO perfrun.perfcollector <> - config1: frontend: 0
62 [139837208258240] INFO perfrun.perfcollector <> - config: inv: 0
62 [139837208258240] INFO perfrun.perfcollector <> - config1: ldlat: 0
62 [139837208258240] INFO perfrun.perfcollector <> - config1: offcore_rsp: 0
62 [139837208258240] INFO perfrun.perfcollector <> - config: pc: 0
62 [139837208258240] INFO perfrun.perfcollector <> - config: umask: 3
62 [139837208258240] INFO perfrun.perfcollector <> - format: cpu_core/umask=0x3,name='CPU_CLK_UNHALTED.REF_TSC[CORE]'/D
62 [139837208258240] INFO perfrun.perfcollector <> - precise event: extended pebs bit is enabled
62 [139837208258240] INFO perfrun.perfcollector <> - event: 2: INST_RETIRED.ANY
62 [139837208258240] INFO perfrun.perfcollector <> - cccr: addr: ffffffff, value: 0
62 [139837208258240] INFO perfrun.perfcollector <> - data: addr: 309, value: ffffffffffdce7a0
62 [139837208258240] INFO perfrun.perfcollector <> - pebs_enable: f00000007
62 [139837208258240] INFO perfrun.perfcollector <> - pmu config: cpu_core
62 [139837208258240] INFO perfrun.perfcollector <> - config: cmask: 0
62 [139837208258240] INFO perfrun.perfcollector <> - config: edge: 0
62 [139837208258240] INFO perfrun.perfcollector <> - config: event: c0
62 [139837208258240] INFO perfrun.perfcollector <> - config1: frontend: 0
62 [139837208258240] INFO perfrun.perfcollector <> - config: inv: 0
62 [139837208258240] INFO perfrun.perfcollector <> - config1: ldlat: 0
62 [139837208258240] INFO perfrun.perfcollector <> - config1: offcore_rsp: 0
62 [139837208258240] INFO perfrun.perfcollector <> - config: pc: 0
62 [139837208258240] INFO perfrun.perfcollector <> - config: umask: 0
62 [139837208258240] INFO perfrun.perfcollector <> - format: cpu_core/event=0xc0,name='INST_RETIRED.ANY[CORE]'/D
62 [139837208258240] INFO perfrun.perfcollector <> - pdist event: pmu is cpu_core, event is fixed0
62 [139837208258240] INFO perfrun.perfcollector <> - event: 3: CPU_CLK_UNHALTED.DISTRIBUTED
62 [139837208258240] INFO perfrun.perfcollector <> - cccr: addr: 186, value: 4302ec
62 [139837208258240] INFO perfrun.perfcollector <> - data: addr: c1, value: ffffffffffdce7a0
62 [139837208258240] INFO perfrun.perfcollector <> - pebs_enable: f000000ff
62 [139837208258240] INFO perfrun.perfcollector <> - pmu config: cpu_core
62 [139837208258240] INFO perfrun.perfcollector <> - config: cmask: 0
62 [139837208258240] INFO perfrun.perfcollector <> - config: edge: 0
62 [139837208258240] INFO perfrun.perfcollector <> - config: event: ec
62 [139837208258240] INFO perfrun.perfcollector <> - config1: frontend: 0
62 [139837208258240] INFO perfrun.perfcollector <> - config: inv: 0
62 [139837208258240] INFO perfrun.perfcollector <> - config1: ldlat: 0
62 [139837208258240] INFO perfrun.perfcollector <> - config1: offcore_rsp: 0
62 [139837208258240] INFO perfrun.perfcollector <> - config: pc: 0
62 [139837208258240] INFO perfrun.perfcollector <> - config: umask: 2
62 [139837208258240] INFO perfrun.perfcollector <> - format: cpu_core/event=0xec,umask=0x2,name='CPU_CLK_UNHALTED.DISTRIBUTED[CORE]'/
62 [139837208258240] INFO perfrun.perfcollector <> - precise event: event selector has no imprecise bit
62 [139837208258240] INFO perfrun.perfcollector <> - event: 4: FP_ARITH_INST_RETIRED.SCALAR_SINGLE
62 [139837208258240] INFO perfrun.perfcollector <> - cccr: addr: 187, value: 4302c7
62 [139837208258240] INFO perfrun.perfcollector <> - data: addr: c2, value: ffffffffffe17b7d
62 [139837208258240] INFO perfrun.perfcollector <> - pebs_enable: f000000ff
62 [139837208258240] INFO perfrun.perfcollector <> - pmu config: cpu_core
62 [139837208258240] INFO perfrun.perfcollector <> - config: cmask: 0
62 [139837208258240] INFO perfrun.perfcollector <> - config: edge: 0
62 [139837208258240] INFO perfrun.perfcollector <> - config: event: c7
62 [139837208258240] INFO perfrun.perfcollector <> - config1: frontend: 0
62 [139837208258240] INFO perfrun.perfcollector <> - config: inv: 0
62 [139837208258240] INFO perfrun.perfcollector <> - config1: ldlat: 0
62 [139837208258240] INFO perfrun.perfcollector <> - config1: offcore_rsp: 0
62 [139837208258240] INFO perfrun.perfcollector <> - config: pc: 0
62 [139837208258240] INFO perfrun.perfcollector <> - config: umask: 2
62 [139837208258240] INFO perfrun.perfcollector <> - format: cpu_core/event=0xc7,umask=0x2,name='FP_ARITH_INST_RETIRED.SCALAR_SINGLE[CORE]'/
62 [139837208258240] INFO perfrun.perfcollector <> - precise event: event selector has no imprecise bit
62 [139837208258240] INFO perfrun.perfcollector <> - event: 5: FP_ARITH_INST_RETIRED.128B_PACKED_SINGLE
62 [139837208258240] INFO perfrun.perfcollector <> - cccr: addr: 188, value: 4308c7
62 [139837208258240] INFO perfrun.perfcollector <> - data: addr: c3, value: ffffffffffe17b7d
62 [139837208258240] INFO perfrun.perfcollector <> - pebs_enable: f000000ff
62 [139837208258240] INFO perfrun.perfcollector <> - pmu config: cpu_core
62 [139837208258240] INFO perfrun.perfcollector <> - config: cmask: 0
62 [139837208258240] INFO perfrun.perfcollector <> - config: edge: 0
62 [139837208258240] INFO perfrun.perfcollector <> - config: event: c7
62 [139837208258240] INFO perfrun.perfcollector <> - config1: frontend: 0
62 [139837208258240] INFO perfrun.perfcollector <> - config: inv: 0
62 [139837208258240] INFO perfrun.perfcollector <> - config1: ldlat: 0
62 [139837208258240] INFO perfrun.perfcollector <> - config1: offcore_rsp: 0
62 [139837208258240] INFO perfrun.perfcollector <> - config: pc: 0
62 [139837208258240] INFO perfrun.perfcollector <> - config: umask: 8
62 [139837208258240] INFO perfrun.perfcollector <> - format: cpu_core/event=0xc7,umask=0x8,name='FP_ARITH_INST_RETIRED.128B_PACKED_SINGLE[CORE]'/
62 [139837208258240] INFO perfrun.perfcollector <> - precise event: event selector has no imprecise bit
62 [139837208258240] INFO perfrun.perfcollector <> - event: 6: FP_ARITH_INST_RETIRED.256B_PACKED_SINGLE
62 [139837208258240] INFO perfrun.perfcollector <> - cccr: addr: 189, value: 4320c7
62 [139837208258240] INFO perfrun.perfcollector <> - data: addr: c4, value: ffffffffffe17b7d
62 [139837208258240] INFO perfrun.perfcollector <> - pebs_enable: f000000ff
62 [139837208258240] INFO perfrun.perfcollector <> - pmu config: cpu_core
62 [139837208258240] INFO perfrun.perfcollector <> - config: cmask: 0
62 [139837208258240] INFO perfrun.perfcollector <> - config: edge: 0
62 [139837208258240] INFO perfrun.perfcollector <> - config: event: c7
62 [139837208258240] INFO perfrun.perfcollector <> - config1: frontend: 0
62 [139837208258240] INFO perfrun.perfcollector <> - config: inv: 0
62 [139837208258240] INFO perfrun.perfcollector <> - config1: ldlat: 0
62 [139837208258240] INFO perfrun.perfcollector <> - config1: offcore_rsp: 0
62 [139837208258240] INFO perfrun.perfcollector <> - config: pc: 0
62 [139837208258240] INFO perfrun.perfcollector <> - config: umask: 20
62 [139837208258240] INFO perfrun.perfcollector <> - format: cpu_core/event=0xc7,umask=0x20,name='FP_ARITH_INST_RETIRED.256B_PACKED_SINGLE[CORE]'/
62 [139837208258240] INFO perfrun.perfcollector <> - precise event: event selector has no imprecise bit
62 [139837208258240] INFO perfrun.perfcollector <> - event: 7: FP_ARITH_INST_RETIRED.SCALAR_DOUBLE
62 [139837208258240] INFO perfrun.perfcollector <> - cccr: addr: 18a, value: 4301c7
62 [139837208258240] INFO perfrun.perfcollector <> - data: addr: c5, value: ffffffffffe17b7d
62 [139837208258240] INFO perfrun.perfcollector <> - pebs_enable: f000000ff
62 [139837208258240] INFO perfrun.perfcollector <> - pmu config: cpu_core
62 [139837208258240] INFO perfrun.perfcollector <> - config: cmask: 0
62 [139837208258240] INFO perfrun.perfcollector <> - config: edge: 0
62 [139837208258240] INFO perfrun.perfcollector <> - config: event: c7
62 [139837208258240] INFO perfrun.perfcollector <> - config1: frontend: 0
62 [139837208258240] INFO perfrun.perfcollector <> - config: inv: 0
62 [139837208258240] INFO perfrun.perfcollector <> - config1: ldlat: 0
62 [139837208258240] INFO perfrun.perfcollector <> - config1: offcore_rsp: 0
62 [139837208258240] INFO perfrun.perfcollector <> - config: pc: 0
62 [139837208258240] INFO perfrun.perfcollector <> - config: umask: 1
62 [139837208258240] INFO perfrun.perfcollector <> - format: cpu_core/event=0xc7,umask=0x1,name='FP_ARITH_INST_RETIRED.SCALAR_DOUBLE[CORE]'/
62 [139837208258240] INFO perfrun.perfcollector <> - precise event: event selector has no imprecise bit
62 [139837208258240] INFO perfrun.perfcollector <> - event: 8: FP_ARITH_INST_RETIRED.128B_PACKED_DOUBLE
62 [139837208258240] INFO perfrun.perfcollector <> - cccr: addr: 18b, value: 4304c7
62 [139837208258240] INFO perfrun.perfcollector <> - data: addr: c6, value: ffffffffffe17b7d
62 [139837208258240] INFO perfrun.perfcollector <> - pebs_enable: f000000ff
62 [139837208258240] INFO perfrun.perfcollector <> - pmu config: cpu_core
62 [139837208258240] INFO perfrun.perfcollector <> - config: cmask: 0
62 [139837208258240] INFO perfrun.perfcollector <> - config: edge: 0
62 [139837208258240] INFO perfrun.perfcollector <> - config: event: c7
62 [139837208258240] INFO perfrun.perfcollector <> - config1: frontend: 0
62 [139837208258240] INFO perfrun.perfcollector <> - config: inv: 0
62 [139837208258240] INFO perfrun.perfcollector <> - config1: ldlat: 0
62 [139837208258240] INFO perfrun.perfcollector <> - config1: offcore_rsp: 0
62 [139837208258240] INFO perfrun.perfcollector <> - config: pc: 0
62 [139837208258240] INFO perfrun.perfcollector <> - config: umask: 4
62 [139837208258240] INFO perfrun.perfcollector <> - format: cpu_core/event=0xc7,umask=0x4,name='FP_ARITH_INST_RETIRED.128B_PACKED_DOUBLE[CORE]'/
62 [139837208258240] INFO perfrun.perfcollector <> - precise event: event selector has no imprecise bit
62 [139837208258240] INFO perfrun.perfcollector <> - event: 9: FP_ARITH_INST_RETIRED.256B_PACKED_DOUBLE
62 [139837208258240] INFO perfrun.perfcollector <> - cccr: addr: 18c, value: 4310c7
62 [139837208258240] INFO perfrun.perfcollector <> - data: addr: c7, value: ffffffffffe17b7d
62 [139837208258240] INFO perfrun.perfcollector <> - pebs_enable: f000000ff
62 [139837208258240] INFO perfrun.perfcollector <> - pmu config: cpu_core
62 [139837208258240] INFO perfrun.perfcollector <> - config: cmask: 0
62 [139837208258240] INFO perfrun.perfcollector <> - config: edge: 0
62 [139837208258240] INFO perfrun.perfcollector <> - config: event: c7
62 [139837208258240] INFO perfrun.perfcollector <> - config1: frontend: 0
62 [139837208258240] INFO perfrun.perfcollector <> - config: inv: 0
62 [139837208258240] INFO perfrun.perfcollector <> - config1: ldlat: 0
62 [139837208258240] INFO perfrun.perfcollector <> - config1: offcore_rsp: 0
62 [139837208258240] INFO perfrun.perfcollector <> - config: pc: 0
62 [139837208258240] INFO perfrun.perfcollector <> - config: umask: 10
62 [139837208258240] INFO perfrun.perfcollector <> - format: cpu_core/event=0xc7,umask=0x10,name='FP_ARITH_INST_RETIRED.256B_PACKED_DOUBLE[CORE]'/
62 [139837208258240] INFO perfrun.perfcollector <> - precise event: event selector has no imprecise bit
62 [139837208258240] INFO perfrun.perfcollector <> - event: 10: UOPS_EXECUTED.X87
62 [139837208258240] INFO perfrun.perfcollector <> - cccr: addr: 18d, value: 4310b1
62 [139837208258240] INFO perfrun.perfcollector <> - data: addr: c8, value: ffffffffffe17b7d
62 [139837208258240] INFO perfrun.perfcollector <> - pebs_enable: f000000ff
62 [139837208258240] INFO perfrun.perfcollector <> - pmu config: cpu_core
62 [139837208258240] INFO perfrun.perfcollector <> - config: cmask: 0
62 [139837208258240] INFO perfrun.perfcollector <> - config: edge: 0
62 [139837208258240] INFO perfrun.perfcollector <> - config: event: b1
62 [139837208258240] INFO perfrun.perfcollector <> - config1: frontend: 0
62 [139837208258240] INFO perfrun.perfcollector <> - config: inv: 0
62 [139837208258240] INFO perfrun.perfcollector <> - config1: ldlat: 0
62 [139837208258240] INFO perfrun.perfcollector <> - config1: offcore_rsp: 0
62 [139837208258240] INFO perfrun.perfcollector <> - config: pc: 0
62 [139837208258240] INFO perfrun.perfcollector <> - config: umask: 10
62 [139837208258240] INFO perfrun.perfcollector <> - format: cpu_core/event=0xb1,umask=0x10,name='UOPS_EXECUTED.X87[CORE]'/
62 [139837208258240] INFO perfrun.perfcollector <> - precise event: event selector has no imprecise bit
62 [139837208258240] INFO perfrun.perfcollector <> - event: 11: UOPS_RETIRED.SLOTS
62 [139837208258240] INFO perfrun.perfcollector <> - cccr: addr: 186, value: 4302c2
62 [139837208258240] INFO perfrun.perfcollector <> - data: addr: c1, value: ffffffffffe17b7d
62 [139837208258240] INFO perfrun.perfcollector <> - pebs_enable: f00000007
62 [139837208258240] INFO perfrun.perfcollector <> - pmu config: cpu_core
62 [139837208258240] INFO perfrun.perfcollector <> - config: cmask: 0
62 [139837208258240] INFO perfrun.perfcollector <> - config: edge: 0
62 [139837208258240] INFO perfrun.perfcollector <> - config: event: c2
62 [139837208258240] INFO perfrun.perfcollector <> - config1: frontend: 0
62 [139837208258240] INFO perfrun.perfcollector <> - config: inv: 0
62 [139837208258240] INFO perfrun.perfcollector <> - config1: ldlat: 0
62 [139837208258240] INFO perfrun.perfcollector <> - config1: offcore_rsp: 0
62 [139837208258240] INFO perfrun.perfcollector <> - config: pc: 0
62 [139837208258240] INFO perfrun.perfcollector <> - config: umask: 2
62 [139837208258240] INFO perfrun.perfcollector <> - format: cpu_core/event=0xc2,umask=0x2,name='UOPS_RETIRED.SLOTS[CORE]'/
62 [139837208258240] INFO perfrun.perfcollector <> - precise event: event selector has no imprecise bit
62 [139837208258240] INFO perfrun.perfcollector <> - event: 12: UOPS_EXECUTED.THREAD
62 [139837208258240] INFO perfrun.perfcollector <> - cccr: addr: 187, value: 4301b1
62 [139837208258240] INFO perfrun.perfcollector <> - data: addr: c2, value: ffffffffffe17b7d
62 [139837208258240] INFO perfrun.perfcollector <> - pebs_enable: f00000007
62 [139837208258240] INFO perfrun.perfcollector <> - pmu config: cpu_core
62 [139837208258240] INFO perfrun.perfcollector <> - config: cmask: 0
62 [139837208258240] INFO perfrun.perfcollector <> - config: edge: 0
62 [139837208258240] INFO perfrun.perfcollector <> - config: event: b1
62 [139837208258240] INFO perfrun.perfcollector <> - config1: frontend: 0
62 [139837208258240] INFO perfrun.perfcollector <> - config: inv: 0
62 [139837208258240] INFO perfrun.perfcollector <> - config1: ldlat: 0
62 [139837208258240] INFO perfrun.perfcollector <> - config1: offcore_rsp: 0
62 [139837208258240] INFO perfrun.perfcollector <> - config: pc: 0
62 [139837208258240] INFO perfrun.perfcollector <> - config: umask: 1
62 [139837208258240] INFO perfrun.perfcollector <> - format: cpu_core/event=0xb1,umask=0x1,name='UOPS_EXECUTED.THREAD[CORE]'/
62 [139837208258240] INFO perfrun.perfcollector <> - precise event: event selector has no imprecise bit
62 [139837208258240] INFO perfrun.perfcollector <> - event: 13: TOPDOWN.SLOTS
62 [139837208258240] INFO perfrun.perfcollector <> - cccr: addr: ffffffff, value: 0
62 [139837208258240] INFO perfrun.perfcollector <> - data: addr: 30c, value: ffffffffffe17b7d
62 [139837208258240] INFO perfrun.perfcollector <> - pebs_enable: f00000007
62 [139837208258240] INFO perfrun.perfcollector <> - pmu config: cpu_core
62 [139837208258240] INFO perfrun.perfcollector <> - config: cmask: 0
62 [139837208258240] INFO perfrun.perfcollector <> - config: edge: 0
62 [139837208258240] INFO perfrun.perfcollector <> - config: event: 0
62 [139837208258240] INFO perfrun.perfcollector <> - config1: frontend: 0
62 [139837208258240] INFO perfrun.perfcollector <> - config: inv: 0
62 [139837208258240] INFO perfrun.perfcollector <> - config1: ldlat: 0
62 [139837208258240] INFO perfrun.perfcollector <> - config1: offcore_rsp: 0
62 [139837208258240] INFO perfrun.perfcollector <> - config: pc: 0
62 [139837208258240] INFO perfrun.perfcollector <> - config: umask: 4
62 [139837208258240] INFO perfrun.perfcollector <> - format: cpu_core/umask=0x4,name='TOPDOWN.SLOTS[CORE]'/D
62 [139837208258240] INFO perfrun.perfcollector <> - precise event: extended pebs bit is enabled
62 [139837208258240] INFO perfrun.perfcollector <> - event: 14: TOPDOWN.SLOTS_P
62 [139837208258240] INFO perfrun.perfcollector <> - cccr: addr: 188, value: 4301a4
62 [139837208258240] INFO perfrun.perfcollector <> - data: addr: c3, value: ffffffffffe17b7d
62 [139837208258240] INFO perfrun.perfcollector <> - pebs_enable: f00000007
62 [139837208258240] INFO perfrun.perfcollector <> - pmu config: cpu_core
62 [139837208258240] INFO perfrun.perfcollector <> - config: cmask: 0
62 [139837208258240] INFO perfrun.perfcollector <> - config: edge: 0
62 [139837208258240] INFO perfrun.perfcollector <> - config: event: a4
62 [139837208258240] INFO perfrun.perfcollector <> - config1: frontend: 0
62 [139837208258240] INFO perfrun.perfcollector <> - config: inv: 0
62 [139837208258240] INFO perfrun.perfcollector <> - config1: ldlat: 0
62 [139837208258240] INFO perfrun.perfcollector <> - config1: offcore_rsp: 0
62 [139837208258240] INFO perfrun.perfcollector <> - config: pc: 0
62 [139837208258240] INFO perfrun.perfcollector <> - config: umask: 1
62 [139837208258240] INFO perfrun.perfcollector <> - format: cpu_core/event=0xa4,umask=0x1,name='TOPDOWN.SLOTS_P[CORE]'/
62 [139837208258240] INFO perfrun.perfcollector <> - precise event: event selector has no imprecise bit
62 [139837208258240] INFO perfrun.perfcollector <> - event: cpu_atom/event=0x3c,name='CPU_CLK_UNHALTED.THREAD[ATOM]'/Du, added for counting
62 [139837208258240] INFO perfrun.perfcollector <> - event: cpu_atom/umask=0x3,name='CPU_CLK_UNHALTED.REF_TSC[ATOM]'/Du, added for counting
62 [139837208258240] INFO perfrun.perfcollector <> - event: cpu_atom/event=0xc0,name='INST_RETIRED.ANY[ATOM]'/Du, added for counting
62 [139837208258240] INFO perfrun.perfcollector <> - event: cpu_atom/event=0xc2,name='TOPDOWN_RETIRING.ALL[ATOM]'/u, added for counting
62 [139837208258240] INFO perfrun.perfcollector <> - event: cpu_core/event=0x3c,name='CPU_CLK_UNHALTED.THREAD[CORE]'/Du, added for counting
62 [139837208258240] INFO perfrun.perfcollector <> - event: cpu_core/umask=0x3,name='CPU_CLK_UNHALTED.REF_TSC[CORE]'/Du, added for counting
63 [139837208258240] INFO perfrun.perfcollector <> - event: cpu_core/event=0xc0,name='INST_RETIRED.ANY[CORE]'/Du, added for counting
63 [139837208258240] INFO perfrun.perfcollector <> - event: cpu_core/event=0xec,umask=0x2,name='CPU_CLK_UNHALTED.DISTRIBUTED[CORE]'/u, added for counting
63 [139837208258240] INFO perfrun.perfcollector <> - event: cpu_core/event=0xc7,umask=0x2,name='FP_ARITH_INST_RETIRED.SCALAR_SINGLE[CORE]'/u, added for counting
63 [139837208258240] INFO perfrun.perfcollector <> - event: cpu_core/event=0xc7,umask=0x8,name='FP_ARITH_INST_RETIRED.128B_PACKED_SINGLE[CORE]'/u, added for counting
63 [139837208258240] INFO perfrun.perfcollector <> - event: cpu_core/event=0xc7,umask=0x20,name='FP_ARITH_INST_RETIRED.256B_PACKED_SINGLE[CORE]'/u, added for counting
63 [139837208258240] INFO perfrun.perfcollector <> - event: cpu_core/event=0xc7,umask=0x1,name='FP_ARITH_INST_RETIRED.SCALAR_DOUBLE[CORE]'/u, added for counting
63 [139837208258240] INFO perfrun.perfcollector <> - event: cpu_core/event=0xc7,umask=0x4,name='FP_ARITH_INST_RETIRED.128B_PACKED_DOUBLE[CORE]'/u, added for counting
63 [139837208258240] INFO perfrun.perfcollector <> - event: cpu_core/event=0xc7,umask=0x10,name='FP_ARITH_INST_RETIRED.256B_PACKED_DOUBLE[CORE]'/u, added for counting
63 [139837208258240] INFO perfrun.perfcollector <> - event: cpu_core/event=0xb1,umask=0x10,name='UOPS_EXECUTED.X87[CORE]'/u, added for counting
63 [139837208258240] INFO perfrun.perfcollector <> - event: cpu_core/event=0xc2,umask=0x2,name='UOPS_RETIRED.SLOTS[CORE]'/u, added for counting
63 [139837208258240] INFO perfrun.perfcollector <> - event: cpu_core/event=0xb1,umask=0x1,name='UOPS_EXECUTED.THREAD[CORE]'/u, added for counting
63 [139837208258240] INFO perfrun.perfcollector <> - event: cpu_core/umask=0x4,name='TOPDOWN.SLOTS[CORE]'/Du, added for counting
63 [139837208258240] INFO perfrun.perfcollector <> - event: cpu_core/event=0xa4,umask=0x1,name='TOPDOWN.SLOTS_P[CORE]'/u, added for counting
63 [139837208258240] INFO perfrun.perfcollector <> - attaching to pid: 4294967295, m_mode: 10, mode: 3
63 [139837190198976] INFO perfrun.perfcollector <> - Perf stat trace pipe capacity: read = 1048576, write = 1048576
63 [139837173417664] INFO perfrun.sdk <> - Reading value (0-27) from file: /sys/devices/system/cpu/cpu0/topology/core_siblings_list
63 [139837173417664] INFO perfrun.sdk <> - Reading value (0-1) from file: /sys/devices/system/cpu/cpu0/topology/thread_siblings_list
63 [139837173417664] INFO perfrun.sdk <> - Reading value (0-27) from file: /sys/devices/system/cpu/cpu1/topology/core_siblings_list
63 [139837173417664] INFO perfrun.sdk <> - Reading value (0-1) from file: /sys/devices/system/cpu/cpu1/topology/thread_siblings_list
63 [139837173417664] INFO perfrun.sdk <> - Reading value (0-27) from file: /sys/devices/system/cpu/cpu2/topology/core_siblings_list
63 [139837173417664] INFO perfrun.sdk <> - Reading value (2-3) from file: /sys/devices/system/cpu/cpu2/topology/thread_siblings_list
63 [139837173417664] INFO perfrun.sdk <> - Reading value (0-27) from file: /sys/devices/system/cpu/cpu3/topology/core_siblings_list
63 [139837173417664] INFO perfrun.sdk <> - Reading value (2-3) from file: /sys/devices/system/cpu/cpu3/topology/thread_siblings_list
63 [139837173417664] INFO perfrun.sdk <> - Reading value (0-27) from file: /sys/devices/system/cpu/cpu4/topology/core_siblings_list
64 [139837173417664] INFO perfrun.sdk <> - Reading value (4-5) from file: /sys/devices/system/cpu/cpu4/topology/thread_siblings_list
64 [139837173417664] INFO perfrun.sdk <> - Reading value (0-27) from file: /sys/devices/system/cpu/cpu5/topology/core_siblings_list
64 [139837173417664] INFO perfrun.sdk <> - Reading value (4-5) from file: /sys/devices/system/cpu/cpu5/topology/thread_siblings_list
64 [139837173417664] INFO perfrun.sdk <> - Reading value (0-27) from file: /sys/devices/system/cpu/cpu6/topology/core_siblings_list
64 [139837173417664] INFO perfrun.sdk <> - Reading value (6-7) from file: /sys/devices/system/cpu/cpu6/topology/thread_siblings_list
64 [139837173417664] INFO perfrun.sdk <> - Reading value (0-27) from file: /sys/devices/system/cpu/cpu7/topology/core_siblings_list
64 [139837173417664] INFO perfrun.sdk <> - Reading value (6-7) from file: /sys/devices/system/cpu/cpu7/topology/thread_siblings_list
64 [139837173417664] INFO perfrun.sdk <> - Reading value (0-27) from file: /sys/devices/system/cpu/cpu8/topology/core_siblings_list
64 [139837173417664] INFO perfrun.sdk <> - Reading value (8-9) from file: /sys/devices/system/cpu/cpu8/topology/thread_siblings_list
64 [139837173417664] INFO perfrun.sdk <> - Reading value (0-27) from file: /sys/devices/system/cpu/cpu9/topology/core_siblings_list
64 [139837173417664] INFO perfrun.sdk <> - Reading value (8-9) from file: /sys/devices/system/cpu/cpu9/topology/thread_siblings_list
64 [139837173417664] INFO perfrun.sdk <> - Reading value (0-27) from file: /sys/devices/system/cpu/cpu10/topology/core_siblings_list
64 [139837173417664] INFO perfrun.sdk <> - Reading value (10-11) from file: /sys/devices/system/cpu/cpu10/topology/thread_siblings_list
64 [139837173417664] INFO perfrun.sdk <> - Reading value (0-27) from file: /sys/devices/system/cpu/cpu11/topology/core_siblings_list
64 [139837173417664] INFO perfrun.sdk <> - Reading value (10-11) from file: /sys/devices/system/cpu/cpu11/topology/thread_siblings_list
64 [139837173417664] INFO perfrun.sdk <> - Reading value (0-27) from file: /sys/devices/system/cpu/cpu12/topology/core_siblings_list
64 [139837173417664] INFO perfrun.sdk <> - Reading value (12-13) from file: /sys/devices/system/cpu/cpu12/topology/thread_siblings_list
64 [139837173417664] INFO perfrun.sdk <> - Reading value (0-27) from file: /sys/devices/system/cpu/cpu13/topology/core_siblings_list
64 [139837173417664] INFO perfrun.sdk <> - Reading value (12-13) from file: /sys/devices/system/cpu/cpu13/topology/thread_siblings_list
64 [139837173417664] INFO perfrun.sdk <> - Reading value (0-27) from file: /sys/devices/system/cpu/cpu14/topology/core_siblings_list
64 [139837173417664] INFO perfrun.sdk <> - Reading value (14-15) from file: /sys/devices/system/cpu/cpu14/topology/thread_siblings_list
64 [139837173417664] INFO perfrun.sdk <> - Reading value (0-27) from file: /sys/devices/system/cpu/cpu15/topology/core_siblings_list
64 [139837173417664] INFO perfrun.sdk <> - Reading value (14-15) from file: /sys/devices/system/cpu/cpu15/topology/thread_siblings_list
64 [139837173417664] INFO perfrun.sdk <> - Reading value (0-27) from file: /sys/devices/system/cpu/cpu16/topology/core_siblings_list
64 [139837173417664] INFO perfrun.sdk <> - Reading value (16) from file: /sys/devices/system/cpu/cpu16/topology/thread_siblings_list
64 [139837173417664] INFO perfrun.sdk <> - Reading value (0-27) from file: /sys/devices/system/cpu/cpu17/topology/core_siblings_list
64 [139837173417664] INFO perfrun.sdk <> - Reading value (17) from file: /sys/devices/system/cpu/cpu17/topology/thread_siblings_list
64 [139837173417664] INFO perfrun.sdk <> - Reading value (0-27) from file: /sys/devices/system/cpu/cpu18/topology/core_siblings_list
64 [139837173417664] INFO perfrun.sdk <> - Reading value (18) from file: /sys/devices/system/cpu/cpu18/topology/thread_siblings_list
64 [139837173417664] INFO perfrun.sdk <> - Reading value (0-27) from file: /sys/devices/system/cpu/cpu19/topology/core_siblings_list
64 [139837173417664] INFO perfrun.sdk <> - Reading value (19) from file: /sys/devices/system/cpu/cpu19/topology/thread_siblings_list
64 [139837173417664] INFO perfrun.sdk <> - Reading value (0-27) from file: /sys/devices/system/cpu/cpu20/topology/core_siblings_list
64 [139837173417664] INFO perfrun.sdk <> - Reading value (20) from file: /sys/devices/system/cpu/cpu20/topology/thread_siblings_list
64 [139837173417664] INFO perfrun.sdk <> - Reading value (0-27) from file: /sys/devices/system/cpu/cpu21/topology/core_siblings_list
64 [139837173417664] INFO perfrun.sdk <> - Reading value (21) from file: /sys/devices/system/cpu/cpu21/topology/thread_siblings_list
64 [139837173417664] INFO perfrun.sdk <> - Reading value (0-27) from file: /sys/devices/system/cpu/cpu22/topology/core_siblings_list
64 [139837173417664] INFO perfrun.sdk <> - Reading value (22) from file: /sys/devices/system/cpu/cpu22/topology/thread_siblings_list
64 [139837173417664] INFO perfrun.sdk <> - Reading value (0-27) from file: /sys/devices/system/cpu/cpu23/topology/core_siblings_list
64 [139837173417664] INFO perfrun.sdk <> - Reading value (23) from file: /sys/devices/system/cpu/cpu23/topology/thread_siblings_list
64 [139837173417664] INFO perfrun.sdk <> - Reading value (0-27) from file: /sys/devices/system/cpu/cpu24/topology/core_siblings_list
65 [139837173417664] INFO perfrun.sdk <> - Reading value (24) from file: /sys/devices/system/cpu/cpu24/topology/thread_siblings_list
65 [139837173417664] INFO perfrun.sdk <> - Reading value (0-27) from file: /sys/devices/system/cpu/cpu25/topology/core_siblings_list
65 [139837173417664] INFO perfrun.sdk <> - Reading value (25) from file: /sys/devices/system/cpu/cpu25/topology/thread_siblings_list
65 [139837173417664] INFO perfrun.sdk <> - Reading value (0-27) from file: /sys/devices/system/cpu/cpu26/topology/core_siblings_list
65 [139837173417664] INFO perfrun.sdk <> - Reading value (26) from file: /sys/devices/system/cpu/cpu26/topology/thread_siblings_list
65 [139837173417664] INFO perfrun.sdk <> - Reading value (0-27) from file: /sys/devices/system/cpu/cpu27/topology/core_siblings_list
65 [139837173417664] INFO perfrun.sdk <> - Reading value (27) from file: /sys/devices/system/cpu/cpu27/topology/thread_siblings_list
65 [139837173417664] INFO perfrun.sdk <> - Reading value (0-15) from file: /sys/bus/event_source/devices/cpu_core/cpus
65 [139837173417664] INFO perfrun.sdk <> - Reading value (16-27) from file: /sys/bus/event_source/devices/cpu_atom/cpus
65 [139837190198976] INFO perfrun.sdk <> - runCmd: /opt/intel/oneapi/vtune/2026.2/bin64/amplxe-perf stat -v --log-fd 11 --scale -x ; -e cpu_atom/event=0x3c,name='CPU_CLK_UNHALTED.THREAD[ATOM]'/Du,cpu_atom/umask=0x3,name='CPU_CLK_UNHALTED.REF_TSC[ATOM]'/Du,cpu_atom/event=0xc0,name='INST_RETIRED.ANY[ATOM]'/Du,cpu_atom/event=0xc2,name='TOPDOWN_RETIRING.ALL[ATOM]'/u,cpu_core/event=0x3c,name='CPU_CLK_UNHALTED.THREAD[CORE]'/Du,cpu_core/umask=0x3,name='CPU_CLK_UNHALTED.REF_TSC[CORE]'/Du,cpu_core/event=0xc0,name='INST_RETIRED.ANY[CORE]'/Du,cpu_core/event=0xec,umask=0x2,name='CPU_CLK_UNHALTED.DISTRIBUTED[CORE]'/u,cpu_core/event=0xc7,umask=0x2,name='FP_ARITH_INST_RETIRED.SCALAR_SINGLE[CORE]'/u,cpu_core/event=0xc7,umask=0x8,name='FP_ARITH_INST_RETIRED.128B_PACKED_SINGLE[CORE]'/u,cpu_core/event=0xc7,umask=0x20,name='FP_ARITH_INST_RETIRED.256B_PACKED_SINGLE[CORE]'/u,cpu_core/event=0xc7,umask=0x1,name='FP_ARITH_INST_RETIRED.SCALAR_DOUBLE[CORE]'/u,cpu_core/event=0xc7,umask=0x4,name='FP_ARITH_INST_RETIRED.128B_PACKED_DOUBLE[CORE]'/u,cpu_core/event=0xc7,umask=0x10,name='FP_ARITH_INST_RETIRED.256B_PACKED_DOUBLE[CORE]'/u,cpu_core/event=0xb1,umask=0x10,name='UOPS_EXECUTED.X87[CORE]'/u,cpu_core/event=0xc2,umask=0x2,name='UOPS_RETIRED.SLOTS[CORE]'/u,cpu_core/event=0xb1,umask=0x1,name='UOPS_EXECUTED.THREAD[CORE]'/u,cpu_core/umask=0x4,name='TOPDOWN.SLOTS[CORE]'/Du,cpu_core/event=0xa4,umask=0x1,name='TOPDOWN.SLOTS_P[CORE]'/u /opt/intel/oneapi/vtune/2026.2/bin64/amplxe-perf-sync dryrun tsc
66 [139837190198976] INFO perfrun.sdk <> - runCmd started PID 42158
99 [139837190198976] INFO perfrun.perfcollector <> - Monitor: runCmd RC = true
100 [139837208258240] INFO perfrun.launcher <> - plugin [aoclprofile] was disabled because it doesn't support the given collection type.
100 [139837208258240] INFO perfrun.tpss <> - initialize tpss controller
100 [139837208258240] INFO perfrun.tpss <> - configure collection mode: value = cpu:stack
100 [139837208258240] INFO perfrun.tpss <> - default obj-size-min=1024
100 [139837208258240] INFO perfrun.tpss <> - default hash-table-size=0
100 [139837208258240] INFO perfrun.launcher <> - plugin [media] was disabled because it doesn't support the given collection type.
100 [139837208258240] INFO perfrun.launcher <> - plugin [] was disabled because it doesn't support the given collection type.
100 [139837208258240] INFO perfrun.launcher <> - plugin [] was disabled because it doesn't support the given collection type.
100 [139837208258240] INFO perfrun.launcher <> - plugin [parallelfs] was disabled because it doesn't support the given collection type.
100 [139837208258240] INFO perfrun.launcher <> - plugin [power] was disabled because it doesn't support the given collection type.
100 [139837208258240] INFO perfrun.launcher <> - plugin [] was disabled because it doesn't support the given collection type.
100 [139837208258240] INFO perfrun.launcher <> - plugin [] was disabled because it doesn't support the given collection type.
100 [139837208258240] INFO perfrun.launcher <> - plugin [] was disabled because it doesn't support the given collection type.
100 [139837208258240] INFO perfrun.launcher <> - plugin [l0_metrics] was disabled because it doesn't support the given collection type.
100 [139837208258240] INFO perfrun.launcher <> - plugin [stall_reasons] was disabled because it doesn't support the given collection type.
100 [139837376654336] INFO perfrun.launcher <> - set environment variable: LD_LIBRARY_PATH = /opt/intel/oneapi/vtune/2026.2/lib32/runtime:/opt/intel/oneapi/vtune/2026.2/lib64/runtime:/opt/intel/oneapi/vtune/2026.2/lib64
100 [139837376654336] INFO perfrun.launcher <> - set environment variable: INTEL_LIBITTNOTIFY32 = /opt/intel/oneapi/vtune/2026.2/lib32/runtime/libittnotify_collector.so
100 [139837376654336] INFO perfrun.launcher <> - set environment variable: INTEL_LIBITTNOTIFY64 = /opt/intel/oneapi/vtune/2026.2/lib64/runtime/libittnotify_collector.so
100 [139837376654336] INFO perfrun.launcher <> - set environment variable: INTEL_ITTNOTIFY_GROUPS = 
100 [139837376654336] INFO perfrun.launcher <> - set environment variable: INTEL_JIT_PROFILER32 = /opt/intel/oneapi/vtune/2026.2/lib32/runtime/libittnotify_collector.so
100 [139837376654336] INFO perfrun.launcher <> - set environment variable: INTEL_JIT_PROFILER64 = /opt/intel/oneapi/vtune/2026.2/lib64/runtime/libittnotify_collector.so
100 [139837376654336] INFO perfrun.launcher <> - set environment variable: CCL_ITT_LEVEL = 1
100 [139837376654336] INFO perfrun.launcher <> - set environment variable: ENABLE_JITPROFILING = 1
100 [139837376654336] INFO perfrun.launcher <> - set environment variable: CL_CONFIG_USE_VTUNE = True
100 [139837376654336] INFO perfrun.launcher <> - set environment variable: KMP_FORKJOIN_FRAMES = 0
100 [139837376654336] INFO perfrun.launcher <> - set environment variable: KMP_FORKJOIN_FRAMES_MODE = 0
100 [139837376654336] INFO perfrun.launcher <> - set environment variable: INTEL_MRTE_DATA_DIR = /home/ihtgoot/project/TiF/Sandboc/hotspots2/data.0
100 [139837376654336] INFO perfrun.launcher <> - set environment variable: INTEL_MRTE_HOST_NAME = ihtgoot
100 [139837376654336] INFO perfrun.launcher <> - set environment variable: JAVA_TOOL_OPTIONS = -agentlib:amplxe_samplingmrte_javaprof_1.0 -Dsun.boot.library.path=/opt/intel/oneapi/vtune/2026.2/lib32/runtime:/opt/intel/oneapi/vtune/2026.2/lib64/runtime
100 [139837376654336] INFO perfrun.launcher <> - set environment variable: LD_LIBRARY_PATH = /opt/intel/oneapi/vtune/2026.2/lib32/runtime:/opt/intel/oneapi/vtune/2026.2/lib64/runtime:/opt/intel/oneapi/vtune/2026.2/lib64
100 [139837376654336] INFO perfrun.launcher <> - set environment variable: CORECLR_ENABLE_PROFILING = 1
100 [139837376654336] INFO perfrun.launcher <> - set environment variable: CORECLR_PROFILER = {AA5E4821-E3B1-479c-B7FF-5AD047D22CED}
100 [139837376654336] INFO perfrun.launcher <> - set environment variable: CORECLR_PROFILER_PATH = /opt/intel/oneapi/vtune/2026.2/lib64/libamplxe_samplingmrte_clrprof_1.0.so
100 [139837376654336] INFO perfrun.launcher <> - set environment variable: INTEL_MRTE_PROFILER_MODE = mixed
100 [139837376654336] INFO perfrun.launcher <> - RpcServer: run RPC server to handle requests
101 [139837376654336] INFO perfrun.launcher <> - Launcher: command line to start before modification = ./chrun
101 [139837376654336] INFO perfrun.launcher <> - Launcher: command line to start after modification = /opt/intel/oneapi/vtune/2026.2/bin64/pin -error_file /home/ihtgoot/project/TiF/Sandboc/hotspots2/data.0/pinerr.tpsslog -detach_reattach -follow_execv -tool_load_option deepbind -t64 /opt/intel/oneapi/vtune/2026.2/lib64/libtpsstool.so -t /opt/intel/oneapi/vtune/2026.2/lib32/libtpsstool.so -server_name tpss_ipc.42151 -prd_dir /opt/intel/oneapi/vtune/2026.2 -- ./chrun
101 [139837376654336] INFO perfrun.launcher <> - ProcessCreator object was created
101 [139837376654336] INFO perfrun.launcher <> - Launcher: the process was started in suspend mode
103 [139837208258240] WARN perfrun.system <> - Could not do anything with /sys/kernel/debug/kvm: boost::filesystem::status: Permission denied [system:13]: "/sys/kernel/debug/kvm", at file: vcs/perfrun1/plugins/system/src/trace_writer.cpp:791
104 [139837208258240] WARN perfrun.system <> - Folder "/var/run/libvirt/qemu/"doesn't exist, at file: vcs/perfrun1/plugins/system/src/trace_writer.cpp:804
106 [139837208258240] WARN perfrun.sdk <> - Failed to find xl binary on any of the system paths: /bin, /sbin, /usr/bin, /usr/sbin., at file: vcs/perfrun1/sdk/src/utils.cpp:205
106 [139837208258240] WARN perfrun.system <> - Could not start ContainerMapping collector, at file: vcs/perfrun1/plugins/system/src/controller.cpp:450
183 [139837208258240] INFO perfrun.vdso <> - Helper runtool '/opt/intel/oneapi/vtune/2026.2/bin32/amplxe-runss -dump-vdso -r /home/ihtgoot/project/TiF/Sandboc/hotspots2 --tmp-dir /tmp/amplxe-tmp-vaibhav' returned 0
256 [139837208258240] INFO perfrun.vdso <> - Helper runtool '/opt/intel/oneapi/vtune/2026.2/bin64/amplxe-runss -dump-vdso -r /home/ihtgoot/project/TiF/Sandboc/hotspots2 --tmp-dir /tmp/amplxe-tmp-vaibhav' returned 0
256 [139837208258240] INFO perfrun.itt <> - start itt controller for pid #42161
256 [139837208258240] INFO perfrun.perfcollector <> - attaching to pid: 42161, m_mode: 10, mode: 11
256 [139836937725632] INFO perfrun.perfcollector <> - Perf stat trace pipe capacity: read = 1048576, write = 1048576
257 [139837190198976] INFO perfrun.sdk <> - Reading value (0-27) from file: /sys/devices/system/cpu/cpu0/topology/core_siblings_list
257 [139837190198976] INFO perfrun.sdk <> - Reading value (0-1) from file: /sys/devices/system/cpu/cpu0/topology/thread_siblings_list
257 [139837190198976] INFO perfrun.sdk <> - Reading value (0-27) from file: /sys/devices/system/cpu/cpu1/topology/core_siblings_list
257 [139837190198976] INFO perfrun.sdk <> - Reading value (0-1) from file: /sys/devices/system/cpu/cpu1/topology/thread_siblings_list
257 [139837190198976] INFO perfrun.sdk <> - Reading value (0-27) from file: /sys/devices/system/cpu/cpu2/topology/core_siblings_list
257 [139837190198976] INFO perfrun.sdk <> - Reading value (2-3) from file: /sys/devices/system/cpu/cpu2/topology/thread_siblings_list
257 [139837190198976] INFO perfrun.sdk <> - Reading value (0-27) from file: /sys/devices/system/cpu/cpu3/topology/core_siblings_list
257 [139837190198976] INFO perfrun.sdk <> - Reading value (2-3) from file: /sys/devices/system/cpu/cpu3/topology/thread_siblings_list
257 [139837190198976] INFO perfrun.sdk <> - Reading value (0-27) from file: /sys/devices/system/cpu/cpu4/topology/core_siblings_list
257 [139837190198976] INFO perfrun.sdk <> - Reading value (4-5) from file: /sys/devices/system/cpu/cpu4/topology/thread_siblings_list
257 [139837190198976] INFO perfrun.sdk <> - Reading value (0-27) from file: /sys/devices/system/cpu/cpu5/topology/core_siblings_list
257 [139837190198976] INFO perfrun.sdk <> - Reading value (4-5) from file: /sys/devices/system/cpu/cpu5/topology/thread_siblings_list
257 [139837190198976] INFO perfrun.sdk <> - Reading value (0-27) from file: /sys/devices/system/cpu/cpu6/topology/core_siblings_list
257 [139837190198976] INFO perfrun.sdk <> - Reading value (6-7) from file: /sys/devices/system/cpu/cpu6/topology/thread_siblings_list
257 [139837190198976] INFO perfrun.sdk <> - Reading value (0-27) from file: /sys/devices/system/cpu/cpu7/topology/core_siblings_list
257 [139837190198976] INFO perfrun.sdk <> - Reading value (6-7) from file: /sys/devices/system/cpu/cpu7/topology/thread_siblings_list
257 [139837190198976] INFO perfrun.sdk <> - Reading value (0-27) from file: /sys/devices/system/cpu/cpu8/topology/core_siblings_list
257 [139837190198976] INFO perfrun.sdk <> - Reading value (8-9) from file: /sys/devices/system/cpu/cpu8/topology/thread_siblings_list
257 [139837190198976] INFO perfrun.sdk <> - Reading value (0-27) from file: /sys/devices/system/cpu/cpu9/topology/core_siblings_list
257 [139837190198976] INFO perfrun.sdk <> - Reading value (8-9) from file: /sys/devices/system/cpu/cpu9/topology/thread_siblings_list
257 [139837190198976] INFO perfrun.sdk <> - Reading value (0-27) from file: /sys/devices/system/cpu/cpu10/topology/core_siblings_list
257 [139837190198976] INFO perfrun.sdk <> - Reading value (10-11) from file: /sys/devices/system/cpu/cpu10/topology/thread_siblings_list
257 [139837190198976] INFO perfrun.sdk <> - Reading value (0-27) from file: /sys/devices/system/cpu/cpu11/topology/core_siblings_list
257 [139837190198976] INFO perfrun.sdk <> - Reading value (10-11) from file: /sys/devices/system/cpu/cpu11/topology/thread_siblings_list
257 [139837190198976] INFO perfrun.sdk <> - Reading value (0-27) from file: /sys/devices/system/cpu/cpu12/topology/core_siblings_list
257 [139837190198976] INFO perfrun.sdk <> - Reading value (12-13) from file: /sys/devices/system/cpu/cpu12/topology/thread_siblings_list
257 [139837190198976] INFO perfrun.sdk <> - Reading value (0-27) from file: /sys/devices/system/cpu/cpu13/topology/core_siblings_list
257 [139837190198976] INFO perfrun.sdk <> - Reading value (12-13) from file: /sys/devices/system/cpu/cpu13/topology/thread_siblings_list
257 [139837190198976] INFO perfrun.sdk <> - Reading value (0-27) from file: /sys/devices/system/cpu/cpu14/topology/core_siblings_list
257 [139837190198976] INFO perfrun.sdk <> - Reading value (14-15) from file: /sys/devices/system/cpu/cpu14/topology/thread_siblings_list
257 [139837190198976] INFO perfrun.sdk <> - Reading value (0-27) from file: /sys/devices/system/cpu/cpu15/topology/core_siblings_list
257 [139837190198976] INFO perfrun.sdk <> - Reading value (14-15) from file: /sys/devices/system/cpu/cpu15/topology/thread_siblings_list
257 [139837190198976] INFO perfrun.sdk <> - Reading value (0-27) from file: /sys/devices/system/cpu/cpu16/topology/core_siblings_list
257 [139837190198976] INFO perfrun.sdk <> - Reading value (16) from file: /sys/devices/system/cpu/cpu16/topology/thread_siblings_list
257 [139837190198976] INFO perfrun.sdk <> - Reading value (0-27) from file: /sys/devices/system/cpu/cpu17/topology/core_siblings_list
257 [139837190198976] INFO perfrun.sdk <> - Reading value (17) from file: /sys/devices/system/cpu/cpu17/topology/thread_siblings_list
257 [139837190198976] INFO perfrun.sdk <> - Reading value (0-27) from file: /sys/devices/system/cpu/cpu18/topology/core_siblings_list
257 [139837190198976] INFO perfrun.sdk <> - Reading value (18) from file: /sys/devices/system/cpu/cpu18/topology/thread_siblings_list
257 [139837190198976] INFO perfrun.sdk <> - Reading value (0-27) from file: /sys/devices/system/cpu/cpu19/topology/core_siblings_list
257 [139837190198976] INFO perfrun.sdk <> - Reading value (19) from file: /sys/devices/system/cpu/cpu19/topology/thread_siblings_list
257 [139837190198976] INFO perfrun.sdk <> - Reading value (0-27) from file: /sys/devices/system/cpu/cpu20/topology/core_siblings_list
257 [139837190198976] INFO perfrun.sdk <> - Reading value (20) from file: /sys/devices/system/cpu/cpu20/topology/thread_siblings_list
258 [139837190198976] INFO perfrun.sdk <> - Reading value (0-27) from file: /sys/devices/system/cpu/cpu21/topology/core_siblings_list
258 [139837190198976] INFO perfrun.sdk <> - Reading value (21) from file: /sys/devices/system/cpu/cpu21/topology/thread_siblings_list
258 [139837190198976] INFO perfrun.sdk <> - Reading value (0-27) from file: /sys/devices/system/cpu/cpu22/topology/core_siblings_list
258 [139837190198976] INFO perfrun.sdk <> - Reading value (22) from file: /sys/devices/system/cpu/cpu22/topology/thread_siblings_list
258 [139837190198976] INFO perfrun.sdk <> - Reading value (0-27) from file: /sys/devices/system/cpu/cpu23/topology/core_siblings_list
258 [139837190198976] INFO perfrun.sdk <> - Reading value (23) from file: /sys/devices/system/cpu/cpu23/topology/thread_siblings_list
258 [139837190198976] INFO perfrun.sdk <> - Reading value (0-27) from file: /sys/devices/system/cpu/cpu24/topology/core_siblings_list
258 [139837190198976] INFO perfrun.sdk <> - Reading value (24) from file: /sys/devices/system/cpu/cpu24/topology/thread_siblings_list
258 [139837190198976] INFO perfrun.sdk <> - Reading value (0-27) from file: /sys/devices/system/cpu/cpu25/topology/core_siblings_list
258 [139837190198976] INFO perfrun.sdk <> - Reading value (25) from file: /sys/devices/system/cpu/cpu25/topology/thread_siblings_list
258 [139837190198976] INFO perfrun.sdk <> - Reading value (0-27) from file: /sys/devices/system/cpu/cpu26/topology/core_siblings_list
258 [139837190198976] INFO perfrun.sdk <> - Reading value (26) from file: /sys/devices/system/cpu/cpu26/topology/thread_siblings_list
258 [139837190198976] INFO perfrun.sdk <> - Reading value (0-27) from file: /sys/devices/system/cpu/cpu27/topology/core_siblings_list
258 [139837190198976] INFO perfrun.sdk <> - Reading value (27) from file: /sys/devices/system/cpu/cpu27/topology/thread_siblings_list
258 [139837190198976] INFO perfrun.sdk <> - Reading value (0-15) from file: /sys/bus/event_source/devices/cpu_core/cpus
258 [139837190198976] INFO perfrun.sdk <> - Reading value (16-27) from file: /sys/bus/event_source/devices/cpu_atom/cpus
258 [139836937725632] INFO perfrun.sdk <> - runCmd: /opt/intel/oneapi/vtune/2026.2/bin64/amplxe-perf stat -v --log-fd 22 --control=fd:23,26 --scale -x ; -p 42161 -e cpu_atom/event=0x3c,name='CPU_CLK_UNHALTED.THREAD[ATOM]'/Du,cpu_atom/umask=0x3,name='CPU_CLK_UNHALTED.REF_TSC[ATOM]'/Du,cpu_atom/event=0xc0,name='INST_RETIRED.ANY[ATOM]'/Du,cpu_atom/event=0xc2,name='TOPDOWN_RETIRING.ALL[ATOM]'/u,cpu_core/event=0x3c,name='CPU_CLK_UNHALTED.THREAD[CORE]'/Du,cpu_core/umask=0x3,name='CPU_CLK_UNHALTED.REF_TSC[CORE]'/Du,cpu_core/event=0xc0,name='INST_RETIRED.ANY[CORE]'/Du,cpu_core/event=0xec,umask=0x2,name='CPU_CLK_UNHALTED.DISTRIBUTED[CORE]'/u,cpu_core/event=0xc7,umask=0x2,name='FP_ARITH_INST_RETIRED.SCALAR_SINGLE[CORE]'/u,cpu_core/event=0xc7,umask=0x8,name='FP_ARITH_INST_RETIRED.128B_PACKED_SINGLE[CORE]'/u,cpu_core/event=0xc7,umask=0x20,name='FP_ARITH_INST_RETIRED.256B_PACKED_SINGLE[CORE]'/u,cpu_core/event=0xc7,umask=0x1,name='FP_ARITH_INST_RETIRED.SCALAR_DOUBLE[CORE]'/u,cpu_core/event=0xc7,umask=0x4,name='FP_ARITH_INST_RETIRED.128B_PACKED_DOUBLE[CORE]'/u,cpu_core/event=0xc7,umask=0x10,name='FP_ARITH_INST_RETIRED.256B_PACKED_DOUBLE[CORE]'/u,cpu_core/event=0xb1,umask=0x10,name='UOPS_EXECUTED.X87[CORE]'/u,cpu_core/event=0xc2,umask=0x2,name='UOPS_RETIRED.SLOTS[CORE]'/u,cpu_core/event=0xb1,umask=0x1,name='UOPS_EXECUTED.THREAD[CORE]'/u,cpu_core/umask=0x4,name='TOPDOWN.SLOTS[CORE]'/Du,cpu_core/event=0xa4,umask=0x1,name='TOPDOWN.SLOTS_P[CORE]'/u /opt/intel/oneapi/vtune/2026.2/bin64/amplxe-perf-sync sync tsc
259 [139836937725632] INFO perfrun.sdk <> - runCmd started PID 42178
272 [139837208258240] INFO perfrun.tpss <> - start tpss controller for pid #42161
323 [139837376654336] INFO perfrun.launcher <> - Launcher: all plugins were started
323 [139837376654336] INFO perfrun.launcher <> - DirectoryMonitor object was created
323 [139837376654336] INFO perfrun.launcher <> - DirectoryMonitor: a callback was added
323 [139837376654336] INFO perfrun.launcher <> - DirectoryMonitor was started with pingTime = 1000
323 [139837376654336] INFO perfrun.launcher <> - DeadlineTimer is going to be constructed
323 [139837376654336] INFO perfrun.launcher <> - DeadlineTimer: a callback was added
327 [139837376654336] INFO perfrun.launcher <> - Launcher: resume the profiled application and  wait its termination or stop command
389 [139837376654336] INFO perfrun.launcher <> - Launcher: the profiled application was terminated  with exit code = 255
390 [139836602181312] ERROR perfrun.launcher <> - Messenger::say: Golang profiling is not supported for this analysis configuration. Please try a different analysis type and/or collection mode.
393 [139837208258240] INFO perfrun.itt <> - detach itt controller
393 [139837208258240] INFO perfrun.itt <> - detach itt controller done
397 [139836937725632] INFO perfrun.perfcollector <> - Monitor: runCmd RC = true
397 [139837208258240] INFO perfrun.perfcollector <> - Monitor: state = 3, error = 1
397 [139837208258240] INFO perfrun.tpss <> - stop tpss controller
397 [139837208258240] INFO perfrun.sdk <> - De-allocating TMU: /home/ihtgoot/project/TiF/Sandboc/hotspots2/data.0/systemcollector-42151-ihtgoot.sc
397 [139837208258240] INFO perfrun.system <> - closed the system trace file: /home/ihtgoot/project/TiF/Sandboc/hotspots2/data.0/systemcollector-42151-ihtgoot.sc
397 [139837376654336] INFO perfrun.launcher <> - Launcher: all plugins were stopped.
397 [139837376654336] INFO perfrun.launcher <> - DeadlineTimer is going to be destroyed
397 [139837376654336] INFO perfrun.launcher <> - DeadlineTimer was destroyed
397 [139837376654336] INFO perfrun.launcher <> - DirectoryMonitor object was destroyed
397 [139837376654336] WARN perfrun.launcher <> - Stop command is ignored because it is received when collection is already stopped, at file: vcs/perfrun1/launcher/src/command_handler.cpp:226
398 [139837376654336] INFO perfrun.launcher <> - Application exit code: 255
398 [139837376654336] INFO perfrun.launcher <> - Exit code: 4
