0 [140107278486528] INFO perfrun.launcher <> - Launcher main begin
1 [140107278486528] INFO perfrun.launcher <> - MessageCatalogInit finished
1 [140107278486528] INFO perfrun.launcher <> - Launcher instance created
1 [140107278486528] INFO perfrun.launcher <> - argc = 7; cmdline = /opt/intel/oneapi/vtune/2026.2/bin64/amplxe-runss --ui-output-format xml --ui-output-fd 5 --option-file /home/ihtgoot/project/TiF/Sandboc/hotspots/config/runss.options 
33 [140107278486528] INFO perfrun.perfcollector <> - SEP tool path: /opt/intel/oneapi/vtune/2026.2/bin64/sep
38 [140107278486528] INFO perfrun.launcher <> - create msngr2::ICliToolContext
38 [140107278486528] INFO perfrun.launcher <> - create file finder object
38 [140107278486528] INFO perfrun.launcher <> - create a result directory: pattern = /home/ihtgoot/project/TiF/Sandboc/hotspots pid = 4294967295
39 [140107278486528] INFO perfrun.sdk <> - checked that the directory /home/ihtgoot/project/TiF/Sandboc/hotspots is a local directory
39 [140107278486528] INFO perfrun.sdk <> - the directory /home/ihtgoot/project/TiF/Sandboc/hotspots is a local directory with FS type ID 61267
39 [140107278486528] INFO perfrun.launcher <> - create data directory = /home/ihtgoot/project/TiF/Sandboc/hotspots/data.0
39 [140107278486528] INFO perfrun.launcher <> - Creating the master collection flag
40 [140107278486528] INFO perfrun.launcher <> - Done creating the master collection flag
43 [140107109623488] INFO perfrun.launcher <> - plugin [remoteplug] was disabled because it doesn't support the given collection type.
43 [140107109623488] INFO perfrun.sdk <> - Allocating TMU :/home/ihtgoot/project/TiF/Sandboc/hotspots/data.0/systemcollector-41990-ihtgoot.sc
43 [140107109623488] INFO perfrun.system <> - Tpss based collection
43 [140107109623488] INFO perfrun.launcher <> - plugin [ptracecollector] was disabled because it doesn't support the given collection type.
43 [140107109623488] INFO perfrun.launcher <> - plugin [gpu] was disabled because it doesn't support the given collection type.
43 [140107109623488] INFO perfrun.launcher <> - plugin [] was disabled because it doesn't support the given collection type.
43 [140107109623488] INFO perfrun.launcher <> - plugin [] was disabled because it doesn't support the given collection type.
43 [140107109623488] INFO perfrun.launcher <> - plugin [] was disabled because it doesn't support the given collection type.
43 [140107109623488] INFO perfrun.mrte <> - system-wide mode is 0
43 [140107109623488] INFO perfrun.mrte <> - Getting  mrte profiling environment ...
49 [140107109623488] INFO perfrun.mrte <> - INTEL_MRTE_DATA_DIR=/home/ihtgoot/project/TiF/Sandboc/hotspots/data.0
49 [140107109623488] INFO perfrun.mrte <> - INTEL_MRTE_HOST_NAME=ihtgoot
49 [140107109623488] INFO perfrun.mrte <> - JAVA_TOOL_OPTIONS=-agentlib:amplxe_samplingmrte_javaprof_1.0 -Dsun.boot.library.path=/opt/intel/oneapi/vtune/2026.2/lib32/runtime:/opt/intel/oneapi/vtune/2026.2/lib64/runtime
49 [140107109623488] INFO perfrun.mrte <> - LD_LIBRARY_PATH=/opt/intel/oneapi/vtune/2026.2/lib32/runtime:/opt/intel/oneapi/vtune/2026.2/lib64/runtime:/opt/intel/oneapi/vtune/2026.2/lib64
49 [140107109623488] INFO perfrun.mrte <> - CORECLR_ENABLE_PROFILING=1
49 [140107109623488] INFO perfrun.mrte <> - CORECLR_PROFILER={AA5E4821-E3B1-479c-B7FF-5AD047D22CED}
49 [140107109623488] INFO perfrun.mrte <> - CORECLR_PROFILER_PATH=/opt/intel/oneapi/vtune/2026.2/lib64/libamplxe_samplingmrte_clrprof_1.0.so
49 [140107109623488] INFO perfrun.mrte <> - INTEL_MRTE_PROFILER_MODE=mixed
49 [140107109623488] INFO perfrun.mrte <> - Data directory: /home/ihtgoot/project/TiF/Sandboc/hotspots/data.0
49 [140107109623488] INFO perfrun.mrte <> - Mrte plugin is initialized
49 [140107109623488] INFO perfrun.launcher <> - plugin [emon] was disabled because it doesn't support the given collection type.
49 [140107109623488] INFO perfrun.launcher <> - plugin [cuscol] was disabled because it doesn't support the given collection type.
49 [140107109623488] INFO perfrun.launcher <> - plugin [stdsrc] was disabled because it doesn't support the given collection type.
49 [140107109623488] INFO perfrun.launcher <> - plugin [sep] was disabled because it doesn't support the given collection type.
49 [140107109623488] INFO perfrun.launcher <> - plugin [vtsspp] was disabled because it doesn't support the given collection type.
49 [140107109623488] INFO perfrun.perfcollector <> - Platform type: 151
49 [140107109623488] INFO perfrun.sdk <> - Reading value (2) from file: /proc/sys/kernel/perf_event_paranoid
49 [140107109623488] INFO perfrun.perfcollector <> - checking access to: /opt/intel/oneapi/vtune/2026.2/bin64/amplxe-perf-priv
49 [140107109623488] INFO perfrun.perfcollector <> - dir found: /sys/bus/event_source/devices/software
49 [140107109623488] INFO perfrun.perfcollector <> - format: pmu format subdir doesn't exist
49 [140107109623488] INFO perfrun.perfcollector <> - hwInfo: not set, pmuFam: software
49 [140107109623488] INFO perfrun.perfcollector <> - pmu added: software, idx: 0
49 [140107109623488] INFO perfrun.perfcollector <> - dir found: /sys/bus/event_source/devices/uncore_imc_free_running_1
49 [140107109623488] INFO perfrun.perfcollector <> - format: event: config:0-7, mask:0-7
49 [140107109623488] INFO perfrun.perfcollector <> - format: umask: config:8-15, mask:8-15
49 [140107109623488] INFO perfrun.perfcollector <> - hwInfo: not set, pmuFam: uncore_imc_free_running
49 [140107109623488] INFO perfrun.perfcollector <> - pmu caps: raw,format,events
49 [140107109623488] INFO perfrun.perfcollector <> - pmu added: uncore_imc_free_running, idx: 1
49 [140107109623488] INFO perfrun.perfcollector <> - dir found: /sys/bus/event_source/devices/uncore_arb_0
49 [140107109623488] INFO perfrun.perfcollector <> - format: event: config:0-7, mask:0-7
49 [140107109623488] INFO perfrun.perfcollector <> - format: edge: config:18, mask:18
49 [140107109623488] INFO perfrun.perfcollector <> - format: inv: config:23, mask:23
49 [140107109623488] INFO perfrun.perfcollector <> - format: umask: config:8-15, mask:8-15
49 [140107109623488] INFO perfrun.perfcollector <> - format: cmask: config:24-28, mask:24-28
49 [140107109623488] INFO perfrun.perfcollector <> - hwInfo: not set, pmuFam: uncore_arb
49 [140107109623488] INFO perfrun.perfcollector <> - pmu caps: raw,format
49 [140107109623488] INFO perfrun.perfcollector <> - pmu added: uncore_arb, idx: 0
49 [140107109623488] INFO perfrun.perfcollector <> - dir found: /sys/bus/event_source/devices/cpu_core
49 [140107109623488] INFO perfrun.perfcollector <> - format: event: config:0-7, mask:0-7
49 [140107109623488] INFO perfrun.perfcollector <> - format: pc: config:19, mask:19
49 [140107109623488] INFO perfrun.perfcollector <> - format: edge: config:18, mask:18
49 [140107109623488] INFO perfrun.perfcollector <> - format: offcore_rsp: config1:0-63, mask:0-63
49 [140107109623488] INFO perfrun.perfcollector <> - format: ldlat: config1:0-15, mask:0-15
49 [140107109623488] INFO perfrun.perfcollector <> - format: inv: config:23, mask:23
49 [140107109623488] INFO perfrun.perfcollector <> - format: umask: config:8-15, mask:8-15
49 [140107109623488] INFO perfrun.perfcollector <> - format: frontend: config1:0-23, mask:0-23
49 [140107109623488] INFO perfrun.perfcollector <> - format: cmask: config:24-31, mask:24-31
49 [140107109623488] INFO perfrun.perfcollector <> - hwInfo: PERF_CPU_PMU_DETAILS
49 [140107109623488] INFO perfrun.perfcollector <> - pmu caps: raw,format,events,ldlat,frontend,offcore_rsp
49 [140107109623488] INFO perfrun.perfcollector <> - pmu added: cpu_core, idx: 0
49 [140107109623488] INFO perfrun.perfcollector <> - dir found: /sys/bus/event_source/devices/uncore_cbox_8
49 [140107109623488] INFO perfrun.perfcollector <> - format: event: config:0-7, mask:0-7
49 [140107109623488] INFO perfrun.perfcollector <> - format: edge: config:18, mask:18
49 [140107109623488] INFO perfrun.perfcollector <> - format: threshold: config:24-29, mask:24-29
49 [140107109623488] INFO perfrun.perfcollector <> - format: inv: config:23, mask:23
49 [140107109623488] INFO perfrun.perfcollector <> - format: umask: config:8-15, mask:8-15
49 [140107109623488] INFO perfrun.perfcollector <> - hwInfo: PERF_CBOX_PMU_DETAILS
49 [140107109623488] INFO perfrun.perfcollector <> - pmu caps: raw,format
49 [140107109623488] INFO perfrun.perfcollector <> - pmu added: uncore_cbox, idx: 8
49 [140107109623488] INFO perfrun.perfcollector <> - dir found: /sys/bus/event_source/devices/uncore_clock
49 [140107109623488] INFO perfrun.perfcollector <> - format: event: config:0-7, mask:0-7
49 [140107109623488] INFO perfrun.perfcollector <> - hwInfo: not set, pmuFam: uncore_clock
49 [140107109623488] INFO perfrun.perfcollector <> - pmu caps: raw,format,events
49 [140107109623488] INFO perfrun.perfcollector <> - pmu added: uncore_clock, idx: 0
49 [140107109623488] INFO perfrun.perfcollector <> - dir found: /sys/bus/event_source/devices/uncore_cbox_6
49 [140107109623488] INFO perfrun.perfcollector <> - format: event: config:0-7, mask:0-7
49 [140107109623488] INFO perfrun.perfcollector <> - format: edge: config:18, mask:18
49 [140107109623488] INFO perfrun.perfcollector <> - format: threshold: config:24-29, mask:24-29
49 [140107109623488] INFO perfrun.perfcollector <> - format: inv: config:23, mask:23
49 [140107109623488] INFO perfrun.perfcollector <> - format: umask: config:8-15, mask:8-15
49 [140107109623488] INFO perfrun.perfcollector <> - hwInfo: PERF_CBOX_PMU_DETAILS
49 [140107109623488] INFO perfrun.perfcollector <> - pmu caps: raw,format
49 [140107109623488] INFO perfrun.perfcollector <> - pmu added: uncore_cbox, idx: 6
49 [140107109623488] INFO perfrun.perfcollector <> - dir found: /sys/bus/event_source/devices/uncore_imc_1
49 [140107109623488] INFO perfrun.perfcollector <> - format: event: config:0-7, mask:0-7
49 [140107109623488] INFO perfrun.perfcollector <> - format: edge: config:18, mask:18
49 [140107109623488] INFO perfrun.perfcollector <> - format: chmask: config:8-11, mask:8-11
49 [140107109623488] INFO perfrun.perfcollector <> - hwInfo: PERF_IMC_PMU_DETAILS
49 [140107109623488] INFO perfrun.perfcollector <> - pmu caps: raw,format
49 [140107109623488] INFO perfrun.perfcollector <> - pmu added: uncore_imc, idx: 1
49 [140107109623488] INFO perfrun.perfcollector <> - dir found: /sys/bus/event_source/devices/power
50 [140107109623488] INFO perfrun.perfcollector <> - format: event: config:0-7, mask:0-7
50 [140107109623488] INFO perfrun.perfcollector <> - hwInfo: not set, pmuFam: power
50 [140107109623488] INFO perfrun.perfcollector <> - pmu caps: raw,format,events
50 [140107109623488] INFO perfrun.perfcollector <> - pmu added: power, idx: 0
50 [140107109623488] INFO perfrun.perfcollector <> - dir found: /sys/bus/event_source/devices/uncore_cbox_11
50 [140107109623488] INFO perfrun.perfcollector <> - format: event: config:0-7, mask:0-7
50 [140107109623488] INFO perfrun.perfcollector <> - format: edge: config:18, mask:18
50 [140107109623488] INFO perfrun.perfcollector <> - format: threshold: config:24-29, mask:24-29
50 [140107109623488] INFO perfrun.perfcollector <> - format: inv: config:23, mask:23
50 [140107109623488] INFO perfrun.perfcollector <> - format: umask: config:8-15, mask:8-15
50 [140107109623488] INFO perfrun.perfcollector <> - hwInfo: PERF_CBOX_PMU_DETAILS
50 [140107109623488] INFO perfrun.perfcollector <> - pmu caps: raw,format
50 [140107109623488] INFO perfrun.perfcollector <> - pmu added: uncore_cbox, idx: 11
50 [140107109623488] INFO perfrun.perfcollector <> - dir found: /sys/bus/event_source/devices/uncore_cbox_4
50 [140107109623488] INFO perfrun.perfcollector <> - format: event: config:0-7, mask:0-7
50 [140107109623488] INFO perfrun.perfcollector <> - format: edge: config:18, mask:18
50 [140107109623488] INFO perfrun.perfcollector <> - format: threshold: config:24-29, mask:24-29
50 [140107109623488] INFO perfrun.perfcollector <> - format: inv: config:23, mask:23
50 [140107109623488] INFO perfrun.perfcollector <> - format: umask: config:8-15, mask:8-15
50 [140107109623488] INFO perfrun.perfcollector <> - hwInfo: PERF_CBOX_PMU_DETAILS
50 [140107109623488] INFO perfrun.perfcollector <> - pmu caps: raw,format
50 [140107109623488] INFO perfrun.perfcollector <> - pmu added: uncore_cbox, idx: 4
50 [140107109623488] INFO perfrun.perfcollector <> - dir found: /sys/bus/event_source/devices/uprobe
50 [140107109623488] INFO perfrun.perfcollector <> - format: ref_ctr_offset: config:32-63, mask:32-63
50 [140107109623488] INFO perfrun.perfcollector <> - format: retprobe: config:0, mask:0
50 [140107109623488] INFO perfrun.perfcollector <> - hwInfo: not set, pmuFam: uprobe
50 [140107109623488] INFO perfrun.perfcollector <> - pmu caps: raw,format
50 [140107109623488] INFO perfrun.perfcollector <> - pmu added: uprobe, idx: 0
50 [140107109623488] INFO perfrun.perfcollector <> - dir found: /sys/bus/event_source/devices/intel_bts
50 [140107109623488] INFO perfrun.perfcollector <> - format: pmu format subdir doesn't exist
50 [140107109623488] INFO perfrun.perfcollector <> - hwInfo: not set, pmuFam: intel_bts
50 [140107109623488] INFO perfrun.perfcollector <> - pmu added: intel_bts, idx: 0
50 [140107109623488] INFO perfrun.perfcollector <> - dir found: /sys/bus/event_source/devices/cpu_atom
50 [140107109623488] INFO perfrun.perfcollector <> - format: event: config:0-7, mask:0-7
50 [140107109623488] INFO perfrun.perfcollector <> - format: pc: config:19, mask:19
50 [140107109623488] INFO perfrun.perfcollector <> - format: edge: config:18, mask:18
50 [140107109623488] INFO perfrun.perfcollector <> - format: offcore_rsp: config1:0-63, mask:0-63
50 [140107109623488] INFO perfrun.perfcollector <> - format: ldlat: config1:0-15, mask:0-15
50 [140107109623488] INFO perfrun.perfcollector <> - format: inv: config:23, mask:23
50 [140107109623488] INFO perfrun.perfcollector <> - format: umask: config:8-15, mask:8-15
50 [140107109623488] INFO perfrun.perfcollector <> - format: cmask: config:24-31, mask:24-31
50 [140107109623488] INFO perfrun.perfcollector <> - hwInfo: PERF_CPU_PMU_DETAILS
50 [140107109623488] INFO perfrun.perfcollector <> - pmu caps: raw,format,events,ldlat,offcore_rsp
50 [140107109623488] INFO perfrun.perfcollector <> - pmu added: cpu_atom, idx: 0
50 [140107109623488] INFO perfrun.perfcollector <> - dir found: /sys/bus/event_source/devices/cstate_core
50 [140107109623488] INFO perfrun.perfcollector <> - format: event: config:0-63, mask:0-63
50 [140107109623488] INFO perfrun.perfcollector <> - hwInfo: not set, pmuFam: cstate_core
50 [140107109623488] INFO perfrun.perfcollector <> - pmu caps: raw,format,events
50 [140107109623488] INFO perfrun.perfcollector <> - pmu added: cstate_core, idx: 0
50 [140107109623488] INFO perfrun.perfcollector <> - dir found: /sys/bus/event_source/devices/uncore_cbox_2
50 [140107109623488] INFO perfrun.perfcollector <> - format: event: config:0-7, mask:0-7
50 [140107109623488] INFO perfrun.perfcollector <> - format: edge: config:18, mask:18
50 [140107109623488] INFO perfrun.perfcollector <> - format: threshold: config:24-29, mask:24-29
50 [140107109623488] INFO perfrun.perfcollector <> - format: inv: config:23, mask:23
50 [140107109623488] INFO perfrun.perfcollector <> - format: umask: config:8-15, mask:8-15
50 [140107109623488] INFO perfrun.perfcollector <> - hwInfo: PERF_CBOX_PMU_DETAILS
50 [140107109623488] INFO perfrun.perfcollector <> - pmu caps: raw,format
50 [140107109623488] INFO perfrun.perfcollector <> - pmu added: uncore_cbox, idx: 2
50 [140107109623488] INFO perfrun.perfcollector <> - dir found: /sys/bus/event_source/devices/breakpoint
50 [140107109623488] INFO perfrun.perfcollector <> - format: pmu format subdir doesn't exist
50 [140107109623488] INFO perfrun.perfcollector <> - hwInfo: not set, pmuFam: breakpoint
50 [140107109623488] INFO perfrun.perfcollector <> - pmu added: breakpoint, idx: 0
50 [140107109623488] INFO perfrun.perfcollector <> - dir found: /sys/bus/event_source/devices/uncore_arb_1
50 [140107109623488] INFO perfrun.perfcollector <> - format: event: config:0-7, mask:0-7
50 [140107109623488] INFO perfrun.perfcollector <> - format: edge: config:18, mask:18
50 [140107109623488] INFO perfrun.perfcollector <> - format: inv: config:23, mask:23
50 [140107109623488] INFO perfrun.perfcollector <> - format: umask: config:8-15, mask:8-15
50 [140107109623488] INFO perfrun.perfcollector <> - format: cmask: config:24-28, mask:24-28
50 [140107109623488] INFO perfrun.perfcollector <> - hwInfo: not set, pmuFam: uncore_arb
50 [140107109623488] INFO perfrun.perfcollector <> - pmu caps: raw,format
50 [140107109623488] INFO perfrun.perfcollector <> - pmu added: uncore_arb, idx: 1
50 [140107109623488] INFO perfrun.perfcollector <> - dir found: /sys/bus/event_source/devices/uncore_cbox_0
50 [140107109623488] INFO perfrun.perfcollector <> - format: event: config:0-7, mask:0-7
50 [140107109623488] INFO perfrun.perfcollector <> - format: edge: config:18, mask:18
50 [140107109623488] INFO perfrun.perfcollector <> - format: threshold: config:24-29, mask:24-29
50 [140107109623488] INFO perfrun.perfcollector <> - format: inv: config:23, mask:23
50 [140107109623488] INFO perfrun.perfcollector <> - format: umask: config:8-15, mask:8-15
50 [140107109623488] INFO perfrun.perfcollector <> - hwInfo: PERF_CBOX_PMU_DETAILS
50 [140107109623488] INFO perfrun.perfcollector <> - pmu caps: raw,format
50 [140107109623488] INFO perfrun.perfcollector <> - pmu added: uncore_cbox, idx: 0
50 [140107109623488] INFO perfrun.perfcollector <> - dir found: /sys/bus/event_source/devices/tracepoint
50 [140107109623488] INFO perfrun.perfcollector <> - format: pmu format subdir doesn't exist
50 [140107109623488] INFO perfrun.perfcollector <> - hwInfo: not set, pmuFam: tracepoint
50 [140107109623488] INFO perfrun.perfcollector <> - pmu added: tracepoint, idx: 0
50 [140107109623488] INFO perfrun.perfcollector <> - dir found: /sys/bus/event_source/devices/uncore_cbox_9
50 [140107109623488] INFO perfrun.perfcollector <> - format: event: config:0-7, mask:0-7
50 [140107109623488] INFO perfrun.perfcollector <> - format: edge: config:18, mask:18
50 [140107109623488] INFO perfrun.perfcollector <> - format: threshold: config:24-29, mask:24-29
50 [140107109623488] INFO perfrun.perfcollector <> - format: inv: config:23, mask:23
50 [140107109623488] INFO perfrun.perfcollector <> - format: umask: config:8-15, mask:8-15
50 [140107109623488] INFO perfrun.perfcollector <> - hwInfo: PERF_CBOX_PMU_DETAILS
50 [140107109623488] INFO perfrun.perfcollector <> - pmu caps: raw,format
50 [140107109623488] INFO perfrun.perfcollector <> - pmu added: uncore_cbox, idx: 9
50 [140107109623488] INFO perfrun.perfcollector <> - dir found: /sys/bus/event_source/devices/cstate_pkg
50 [140107109623488] INFO perfrun.perfcollector <> - format: event: config:0-63, mask:0-63
50 [140107109623488] INFO perfrun.perfcollector <> - hwInfo: not set, pmuFam: cstate_pkg
50 [140107109623488] INFO perfrun.perfcollector <> - pmu caps: raw,format,events
50 [140107109623488] INFO perfrun.perfcollector <> - pmu added: cstate_pkg, idx: 0
50 [140107109623488] INFO perfrun.perfcollector <> - dir found: /sys/bus/event_source/devices/uncore_imc_free_running_0
50 [140107109623488] INFO perfrun.perfcollector <> - format: event: config:0-7, mask:0-7
50 [140107109623488] INFO perfrun.perfcollector <> - format: umask: config:8-15, mask:8-15
50 [140107109623488] INFO perfrun.perfcollector <> - hwInfo: not set, pmuFam: uncore_imc_free_running
50 [140107109623488] INFO perfrun.perfcollector <> - pmu caps: raw,format,events
50 [140107109623488] INFO perfrun.perfcollector <> - pmu added: uncore_imc_free_running, idx: 0
50 [140107109623488] INFO perfrun.perfcollector <> - dir found: /sys/bus/event_source/devices/uncore_cbox_7
50 [140107109623488] INFO perfrun.perfcollector <> - format: event: config:0-7, mask:0-7
50 [140107109623488] INFO perfrun.perfcollector <> - format: edge: config:18, mask:18
50 [140107109623488] INFO perfrun.perfcollector <> - format: threshold: config:24-29, mask:24-29
50 [140107109623488] INFO perfrun.perfcollector <> - format: inv: config:23, mask:23
50 [140107109623488] INFO perfrun.perfcollector <> - format: umask: config:8-15, mask:8-15
50 [140107109623488] INFO perfrun.perfcollector <> - hwInfo: PERF_CBOX_PMU_DETAILS
50 [140107109623488] INFO perfrun.perfcollector <> - pmu caps: raw,format
50 [140107109623488] INFO perfrun.perfcollector <> - pmu added: uncore_cbox, idx: 7
50 [140107109623488] INFO perfrun.perfcollector <> - dir found: /sys/bus/event_source/devices/kprobe
50 [140107109623488] INFO perfrun.perfcollector <> - format: retprobe: config:0, mask:0
50 [140107109623488] INFO perfrun.perfcollector <> - hwInfo: not set, pmuFam: kprobe
50 [140107109623488] INFO perfrun.perfcollector <> - pmu caps: raw,format
50 [140107109623488] INFO perfrun.perfcollector <> - pmu added: kprobe, idx: 0
50 [140107109623488] INFO perfrun.perfcollector <> - dir found: /sys/bus/event_source/devices/uncore_cbox_5
50 [140107109623488] INFO perfrun.perfcollector <> - format: event: config:0-7, mask:0-7
50 [140107109623488] INFO perfrun.perfcollector <> - format: edge: config:18, mask:18
50 [140107109623488] INFO perfrun.perfcollector <> - format: threshold: config:24-29, mask:24-29
50 [140107109623488] INFO perfrun.perfcollector <> - format: inv: config:23, mask:23
50 [140107109623488] INFO perfrun.perfcollector <> - format: umask: config:8-15, mask:8-15
50 [140107109623488] INFO perfrun.perfcollector <> - hwInfo: PERF_CBOX_PMU_DETAILS
50 [140107109623488] INFO perfrun.perfcollector <> - pmu caps: raw,format
50 [140107109623488] INFO perfrun.perfcollector <> - pmu added: uncore_cbox, idx: 5
50 [140107109623488] INFO perfrun.perfcollector <> - dir found: /sys/bus/event_source/devices/uncore_imc_0
50 [140107109623488] INFO perfrun.perfcollector <> - format: event: config:0-7, mask:0-7
50 [140107109623488] INFO perfrun.perfcollector <> - format: edge: config:18, mask:18
50 [140107109623488] INFO perfrun.perfcollector <> - format: chmask: config:8-11, mask:8-11
50 [140107109623488] INFO perfrun.perfcollector <> - hwInfo: PERF_IMC_PMU_DETAILS
50 [140107109623488] INFO perfrun.perfcollector <> - pmu caps: raw,format
50 [140107109623488] INFO perfrun.perfcollector <> - pmu added: uncore_imc, idx: 0
50 [140107109623488] INFO perfrun.perfcollector <> - dir found: /sys/bus/event_source/devices/uncore_cbox_10
50 [140107109623488] INFO perfrun.perfcollector <> - format: event: config:0-7, mask:0-7
50 [140107109623488] INFO perfrun.perfcollector <> - format: edge: config:18, mask:18
50 [140107109623488] INFO perfrun.perfcollector <> - format: threshold: config:24-29, mask:24-29
50 [140107109623488] INFO perfrun.perfcollector <> - format: inv: config:23, mask:23
50 [140107109623488] INFO perfrun.perfcollector <> - format: umask: config:8-15, mask:8-15
50 [140107109623488] INFO perfrun.perfcollector <> - hwInfo: PERF_CBOX_PMU_DETAILS
50 [140107109623488] INFO perfrun.perfcollector <> - pmu caps: raw,format
50 [140107109623488] INFO perfrun.perfcollector <> - pmu added: uncore_cbox, idx: 10
50 [140107109623488] INFO perfrun.perfcollector <> - dir found: /sys/bus/event_source/devices/i915
50 [140107109623488] INFO perfrun.perfcollector <> - format: i915_eventid: config:0-20, mask:0-20
50 [140107109623488] INFO perfrun.perfcollector <> - hwInfo: not set, pmuFam: i915
50 [140107109623488] INFO perfrun.perfcollector <> - pmu caps: raw,format,events
50 [140107109623488] INFO perfrun.perfcollector <> - pmu added: i915, idx: 0
50 [140107109623488] INFO perfrun.perfcollector <> - dir found: /sys/bus/event_source/devices/msr
50 [140107109623488] INFO perfrun.perfcollector <> - format: event: config:0-63, mask:0-63
50 [140107109623488] INFO perfrun.perfcollector <> - hwInfo: not set, pmuFam: msr
50 [140107109623488] INFO perfrun.perfcollector <> - pmu caps: raw,format,events
50 [140107109623488] INFO perfrun.perfcollector <> - pmu added: msr, idx: 0
51 [140107109623488] INFO perfrun.perfcollector <> - dir found: /sys/bus/event_source/devices/uncore_cbox_3
51 [140107109623488] INFO perfrun.perfcollector <> - format: event: config:0-7, mask:0-7
51 [140107109623488] INFO perfrun.perfcollector <> - format: edge: config:18, mask:18
51 [140107109623488] INFO perfrun.perfcollector <> - format: threshold: config:24-29, mask:24-29
51 [140107109623488] INFO perfrun.perfcollector <> - format: inv: config:23, mask:23
51 [140107109623488] INFO perfrun.perfcollector <> - format: umask: config:8-15, mask:8-15
51 [140107109623488] INFO perfrun.perfcollector <> - hwInfo: PERF_CBOX_PMU_DETAILS
51 [140107109623488] INFO perfrun.perfcollector <> - pmu caps: raw,format
51 [140107109623488] INFO perfrun.perfcollector <> - pmu added: uncore_cbox, idx: 3
51 [140107109623488] INFO perfrun.perfcollector <> - dir found: /sys/bus/event_source/devices/intel_pt
51 [140107109623488] INFO perfrun.perfcollector <> - format: ptw: config:12, mask:12
51 [140107109623488] INFO perfrun.perfcollector <> - format: event: config:31, mask:31
51 [140107109623488] INFO perfrun.perfcollector <> - format: cyc_thresh: config:19-22, mask:19-22
51 [140107109623488] INFO perfrun.perfcollector <> - format: pt: config:0, mask:0
51 [140107109623488] INFO perfrun.perfcollector <> - format: notnt: config:55, mask:55
51 [140107109623488] INFO perfrun.perfcollector <> - format: branch: config:13, mask:13
51 [140107109623488] INFO perfrun.perfcollector <> - format: tsc: config:10, mask:10
51 [140107109623488] INFO perfrun.perfcollector <> - format: pwr_evt: config:4, mask:4
51 [140107109623488] INFO perfrun.perfcollector <> - format: fup_on_ptw: config:5, mask:5
51 [140107109623488] INFO perfrun.perfcollector <> - format: cyc: config:1, mask:1
51 [140107109623488] INFO perfrun.perfcollector <> - format: noretcomp: config:11, mask:11
51 [140107109623488] INFO perfrun.perfcollector <> - format: mtc: config:9, mask:9
51 [140107109623488] INFO perfrun.perfcollector <> - format: psb_period: config:24-27, mask:24-27
51 [140107109623488] INFO perfrun.perfcollector <> - format: mtc_period: config:14-17, mask:14-17
51 [140107109623488] INFO perfrun.perfcollector <> - hwInfo: not set, pmuFam: intel_pt
51 [140107109623488] INFO perfrun.perfcollector <> - pmu caps: raw,format
51 [140107109623488] INFO perfrun.perfcollector <> - pmu added: intel_pt, idx: 0
51 [140107109623488] INFO perfrun.perfcollector <> - dir found: /sys/bus/event_source/devices/uncore_cbox_1
51 [140107109623488] INFO perfrun.perfcollector <> - format: event: config:0-7, mask:0-7
51 [140107109623488] INFO perfrun.perfcollector <> - format: edge: config:18, mask:18
51 [140107109623488] INFO perfrun.perfcollector <> - format: threshold: config:24-29, mask:24-29
51 [140107109623488] INFO perfrun.perfcollector <> - format: inv: config:23, mask:23
51 [140107109623488] INFO perfrun.perfcollector <> - format: umask: config:8-15, mask:8-15
51 [140107109623488] INFO perfrun.perfcollector <> - hwInfo: PERF_CBOX_PMU_DETAILS
51 [140107109623488] INFO perfrun.perfcollector <> - pmu caps: raw,format
51 [140107109623488] INFO perfrun.perfcollector <> - pmu added: uncore_cbox, idx: 1
51 [140107109623488] INFO perfrun.perfcollector <> - Perf tool path: /opt/intel/oneapi/vtune/2026.2/bin64/amplxe-perf
51 [140107109623488] INFO perfrun.perfcollector <> - Data directory: /home/ihtgoot/project/TiF/Sandboc/hotspots/data.0
51 [140107109623488] INFO perfrun.perfcollector <> - Temp directory: /tmp/amplxe-tmp-vaibhav
51 [140107109623488] INFO perfrun.perfcollector <> - Perf sync path: /opt/intel/oneapi/vtune/2026.2/bin64/amplxe-perf-sync
51 [140107109623488] INFO perfrun.perfcollector <> - Hypervisor = None
51 [140107109623488] INFO perfrun.perfcollector <> - Counting mode is requested
51 [140107109623488] WARN perfrun.launcher <> - Messenger::say: Only user space will be profiled due to credentials lack. Consider changing /proc/sys/kernel/perf_event_paranoid file for enabling kernel space profiling.
51 [140107109623488] INFO perfrun.perfcollector <> - Sample after multiplier: 1
51 [140107109623488] INFO perfrun.sdk <> - runCmd: /opt/intel/oneapi/vtune/2026.2/bin64/sep -dry-run -sam 1 -ec CPU_CLK_UNHALTED.THREAD:sa=2300000,CPU_CLK_UNHALTED.REF_TSC:sample:sa=2300000,INST_RETIRED.ANY:sample:sa=2300000,CPU_CLK_UNHALTED.DISTRIBUTED:sa=2300000,FP_ARITH_INST_RETIRED.SCALAR_SINGLE:sa=2000003,FP_ARITH_INST_RETIRED.128B_PACKED_SINGLE:sa=2000003,FP_ARITH_INST_RETIRED.256B_PACKED_SINGLE:sa=2000003,FP_ARITH_INST_RETIRED.SCALAR_DOUBLE:sa=2000003,FP_ARITH_INST_RETIRED.128B_PACKED_DOUBLE:sa=2000003,FP_ARITH_INST_RETIRED.256B_PACKED_DOUBLE:sa=2000003,UOPS_EXECUTED.X87:sa=2000003,UOPS_RETIRED.SLOTS:sa=2000003,UOPS_EXECUTED.THREAD:sa=2000003,TOPDOWN.SLOTS:sample:sa=2000003,TOPDOWN.SLOTS_P:sample:sa=2000003,TOPDOWN_RETIRING.ALL_P:sample:sa=2000003,TOPDOWN_RETIRING.ALL:sample:sa=2000003 -experimental
51 [140107109623488] INFO perfrun.sdk <> - runCmd started PID 41994
66 [140107109623488] INFO perfrun.perfcollector <> - SepDryRun RC = true
66 [140107109623488] INFO perfrun.perfcollector <> - Loading SEP event configuration
66 [140107109623488] INFO perfrun.perfcollector <> - pmu: cpu_core
66 [140107109623488] INFO perfrun.perfcollector <> - group_id: 0
66 [140107109623488] INFO perfrun.perfcollector <> - event_id: 2: INST_RETIRED.ANY
66 [140107109623488] INFO perfrun.perfcollector <> - event_id: 0: CPU_CLK_UNHALTED.THREAD
66 [140107109623488] INFO perfrun.perfcollector <> - event_id: 1: CPU_CLK_UNHALTED.REF_TSC
66 [140107109623488] INFO perfrun.perfcollector <> - event_id: 13: TOPDOWN.SLOTS
66 [140107109623488] INFO perfrun.perfcollector <> - event_id: 3: CPU_CLK_UNHALTED.DISTRIBUTED
66 [140107109623488] INFO perfrun.perfcollector <> - event_id: 4: FP_ARITH_INST_RETIRED.SCALAR_SINGLE
66 [140107109623488] INFO perfrun.perfcollector <> - event_id: 5: FP_ARITH_INST_RETIRED.128B_PACKED_SINGLE
66 [140107109623488] INFO perfrun.perfcollector <> - event_id: 6: FP_ARITH_INST_RETIRED.256B_PACKED_SINGLE
66 [140107109623488] INFO perfrun.perfcollector <> - event_id: 7: FP_ARITH_INST_RETIRED.SCALAR_DOUBLE
66 [140107109623488] INFO perfrun.perfcollector <> - event_id: 8: FP_ARITH_INST_RETIRED.128B_PACKED_DOUBLE
66 [140107109623488] INFO perfrun.perfcollector <> - event_id: 9: FP_ARITH_INST_RETIRED.256B_PACKED_DOUBLE
66 [140107109623488] INFO perfrun.perfcollector <> - event_id: 10: UOPS_EXECUTED.X87
66 [140107109623488] INFO perfrun.perfcollector <> - group_id: 0: pebs_enable: addr: 3f1, value: f000000ff
66 [140107109623488] INFO perfrun.perfcollector <> - event_id: 3: cccr: addr: 186, value: 4302ec
66 [140107109623488] INFO perfrun.perfcollector <> - event_id: 4: cccr: addr: 187, value: 4302c7
66 [140107109623488] INFO perfrun.perfcollector <> - event_id: 5: cccr: addr: 188, value: 4308c7
66 [140107109623488] INFO perfrun.perfcollector <> - event_id: 6: cccr: addr: 189, value: 4320c7
66 [140107109623488] INFO perfrun.perfcollector <> - event_id: 7: cccr: addr: 18a, value: 4301c7
66 [140107109623488] INFO perfrun.perfcollector <> - event_id: 8: cccr: addr: 18b, value: 4304c7
66 [140107109623488] INFO perfrun.perfcollector <> - event_id: 9: cccr: addr: 18c, value: 4310c7
66 [140107109623488] INFO perfrun.perfcollector <> - event_id: 10: cccr: addr: 18d, value: 4310b1
66 [140107109623488] INFO perfrun.perfcollector <> - event_id: 2: data: addr: 309, value: ffffffffffdce7a0
66 [140107109623488] INFO perfrun.perfcollector <> - event_id: 0: data: addr: 30a, value: ffffffffffdce7a0
66 [140107109623488] INFO perfrun.perfcollector <> - event_id: 1: data: addr: 30b, value: ffffffffffdce7a0
66 [140107109623488] INFO perfrun.perfcollector <> - event_id: 13: data: addr: 30c, value: ffffffffffe17b7d
66 [140107109623488] INFO perfrun.perfcollector <> - event_id: 3: data: addr: c1, value: ffffffffffdce7a0
66 [140107109623488] INFO perfrun.perfcollector <> - event_id: 4: data: addr: c2, value: ffffffffffe17b7d
66 [140107109623488] INFO perfrun.perfcollector <> - event_id: 5: data: addr: c3, value: ffffffffffe17b7d
66 [140107109623488] INFO perfrun.perfcollector <> - event_id: 6: data: addr: c4, value: ffffffffffe17b7d
66 [140107109623488] INFO perfrun.perfcollector <> - event_id: 7: data: addr: c5, value: ffffffffffe17b7d
66 [140107109623488] INFO perfrun.perfcollector <> - event_id: 8: data: addr: c6, value: ffffffffffe17b7d
66 [140107109623488] INFO perfrun.perfcollector <> - event_id: 9: data: addr: c7, value: ffffffffffe17b7d
66 [140107109623488] INFO perfrun.perfcollector <> - event_id: 10: data: addr: c8, value: ffffffffffe17b7d
66 [140107109623488] INFO perfrun.perfcollector <> - group_id: 1
66 [140107109623488] INFO perfrun.perfcollector <> - event_id: 2: INST_RETIRED.ANY
66 [140107109623488] INFO perfrun.perfcollector <> - event_id: 0: CPU_CLK_UNHALTED.THREAD
66 [140107109623488] INFO perfrun.perfcollector <> - event_id: 1: CPU_CLK_UNHALTED.REF_TSC
66 [140107109623488] INFO perfrun.perfcollector <> - event_id: 13: TOPDOWN.SLOTS
66 [140107109623488] INFO perfrun.perfcollector <> - event_id: 11: UOPS_RETIRED.SLOTS
66 [140107109623488] INFO perfrun.perfcollector <> - event_id: 12: UOPS_EXECUTED.THREAD
66 [140107109623488] INFO perfrun.perfcollector <> - event_id: 14: TOPDOWN.SLOTS_P
66 [140107109623488] INFO perfrun.perfcollector <> - group_id: 1: pebs_enable: addr: 3f1, value: f00000007
66 [140107109623488] INFO perfrun.perfcollector <> - event_id: 11: cccr: addr: 186, value: 4302c2
66 [140107109623488] INFO perfrun.perfcollector <> - event_id: 12: cccr: addr: 187, value: 4301b1
66 [140107109623488] INFO perfrun.perfcollector <> - event_id: 14: cccr: addr: 188, value: 4301a4
66 [140107109623488] INFO perfrun.perfcollector <> - event_id: 2: data: addr: 309, value: ffffffffffdce7a0
66 [140107109623488] INFO perfrun.perfcollector <> - event_id: 0: data: addr: 30a, value: ffffffffffdce7a0
66 [140107109623488] INFO perfrun.perfcollector <> - event_id: 1: data: addr: 30b, value: ffffffffffdce7a0
66 [140107109623488] INFO perfrun.perfcollector <> - event_id: 13: data: addr: 30c, value: ffffffffffe17b7d
66 [140107109623488] INFO perfrun.perfcollector <> - event_id: 11: data: addr: c1, value: ffffffffffe17b7d
66 [140107109623488] INFO perfrun.perfcollector <> - event_id: 12: data: addr: c2, value: ffffffffffe17b7d
66 [140107109623488] INFO perfrun.perfcollector <> - event_id: 14: data: addr: c3, value: ffffffffffe17b7d
66 [140107109623488] INFO perfrun.perfcollector <> - pmu: cpu_atom
66 [140107109623488] INFO perfrun.perfcollector <> - group_id: 0
66 [140107109623488] INFO perfrun.perfcollector <> - event_id: 2: INST_RETIRED.ANY
66 [140107109623488] INFO perfrun.perfcollector <> - event_id: 0: CPU_CLK_UNHALTED.THREAD
66 [140107109623488] INFO perfrun.perfcollector <> - event_id: 1: CPU_CLK_UNHALTED.REF_TSC
66 [140107109623488] INFO perfrun.perfcollector <> - event_id: 16: TOPDOWN_RETIRING.ALL
66 [140107109623488] INFO perfrun.perfcollector <> - group_id: 0: pebs_enable: addr: 3f1, value: 700000001
66 [140107109623488] INFO perfrun.perfcollector <> - event_id: 16: cccr: addr: 186, value: 4300c2
66 [140107109623488] INFO perfrun.perfcollector <> - event_id: 2: data: addr: 309, value: ffffffffffdce7a0
66 [140107109623488] INFO perfrun.perfcollector <> - event_id: 0: data: addr: 30a, value: ffffffffffdce7a0
66 [140107109623488] INFO perfrun.perfcollector <> - event_id: 1: data: addr: 30b, value: ffffffffffdce7a0
66 [140107109623488] INFO perfrun.perfcollector <> - event_id: 16: data: addr: c1, value: ffffffffffe17b7d
66 [140107109623488] INFO perfrun.perfcollector <> - Converting events to Perf format
66 [140107109623488] INFO perfrun.perfcollector <> - event: 0: CPU_CLK_UNHALTED.THREAD
66 [140107109623488] INFO perfrun.perfcollector <> - cccr: addr: ffffffff, value: 0
66 [140107109623488] INFO perfrun.perfcollector <> - data: addr: 30a, value: ffffffffffdce7a0
66 [140107109623488] INFO perfrun.perfcollector <> - pebs_enable: 700000001
66 [140107109623488] INFO perfrun.perfcollector <> - pmu config: cpu_atom
66 [140107109623488] INFO perfrun.perfcollector <> - config: cmask: 0
66 [140107109623488] INFO perfrun.perfcollector <> - config: edge: 0
66 [140107109623488] INFO perfrun.perfcollector <> - config: event: 3c
66 [140107109623488] INFO perfrun.perfcollector <> - config: inv: 0
66 [140107109623488] INFO perfrun.perfcollector <> - config1: ldlat: 0
66 [140107109623488] INFO perfrun.perfcollector <> - config1: offcore_rsp: 0
66 [140107109623488] INFO perfrun.perfcollector <> - config: pc: 0
66 [140107109623488] INFO perfrun.perfcollector <> - config: umask: 0
66 [140107109623488] INFO perfrun.perfcollector <> - format: cpu_atom/event=0x3c,name='CPU_CLK_UNHALTED.THREAD[ATOM]'/D
66 [140107109623488] INFO perfrun.perfcollector <> - precise event: extended pebs bit is enabled
66 [140107109623488] INFO perfrun.perfcollector <> - event: 1: CPU_CLK_UNHALTED.REF_TSC
66 [140107109623488] INFO perfrun.perfcollector <> - cccr: addr: ffffffff, value: 0
66 [140107109623488] INFO perfrun.perfcollector <> - data: addr: 30b, value: ffffffffffdce7a0
66 [140107109623488] INFO perfrun.perfcollector <> - pebs_enable: 700000001
66 [140107109623488] INFO perfrun.perfcollector <> - pmu config: cpu_atom
66 [140107109623488] INFO perfrun.perfcollector <> - config: cmask: 0
66 [140107109623488] INFO perfrun.perfcollector <> - config: edge: 0
66 [140107109623488] INFO perfrun.perfcollector <> - config: event: 0
66 [140107109623488] INFO perfrun.perfcollector <> - config: inv: 0
66 [140107109623488] INFO perfrun.perfcollector <> - config1: ldlat: 0
66 [140107109623488] INFO perfrun.perfcollector <> - config1: offcore_rsp: 0
66 [140107109623488] INFO perfrun.perfcollector <> - config: pc: 0
66 [140107109623488] INFO perfrun.perfcollector <> - config: umask: 3
66 [140107109623488] INFO perfrun.perfcollector <> - format: cpu_atom/umask=0x3,name='CPU_CLK_UNHALTED.REF_TSC[ATOM]'/D
66 [140107109623488] INFO perfrun.perfcollector <> - precise event: extended pebs bit is enabled
66 [140107109623488] INFO perfrun.perfcollector <> - event: 2: INST_RETIRED.ANY
66 [140107109623488] INFO perfrun.perfcollector <> - cccr: addr: ffffffff, value: 0
66 [140107109623488] INFO perfrun.perfcollector <> - data: addr: 309, value: ffffffffffdce7a0
66 [140107109623488] INFO perfrun.perfcollector <> - pebs_enable: 700000001
66 [140107109623488] INFO perfrun.perfcollector <> - pmu config: cpu_atom
66 [140107109623488] INFO perfrun.perfcollector <> - config: cmask: 0
66 [140107109623488] INFO perfrun.perfcollector <> - config: edge: 0
66 [140107109623488] INFO perfrun.perfcollector <> - config: event: c0
66 [140107109623488] INFO perfrun.perfcollector <> - config: inv: 0
66 [140107109623488] INFO perfrun.perfcollector <> - config1: ldlat: 0
66 [140107109623488] INFO perfrun.perfcollector <> - config1: offcore_rsp: 0
66 [140107109623488] INFO perfrun.perfcollector <> - config: pc: 0
66 [140107109623488] INFO perfrun.perfcollector <> - config: umask: 0
66 [140107109623488] INFO perfrun.perfcollector <> - format: cpu_atom/event=0xc0,name='INST_RETIRED.ANY[ATOM]'/D
66 [140107109623488] INFO perfrun.perfcollector <> - precise event: extended pebs bit is enabled
66 [140107109623488] INFO perfrun.perfcollector <> - event: 16: TOPDOWN_RETIRING.ALL
66 [140107109623488] INFO perfrun.perfcollector <> - cccr: addr: 186, value: 4300c2
66 [140107109623488] INFO perfrun.perfcollector <> - data: addr: c1, value: ffffffffffe17b7d
66 [140107109623488] INFO perfrun.perfcollector <> - pebs_enable: 700000001
66 [140107109623488] INFO perfrun.perfcollector <> - pmu config: cpu_atom
66 [140107109623488] INFO perfrun.perfcollector <> - config: cmask: 0
66 [140107109623488] INFO perfrun.perfcollector <> - config: edge: 0
66 [140107109623488] INFO perfrun.perfcollector <> - config: event: c2
66 [140107109623488] INFO perfrun.perfcollector <> - config: inv: 0
66 [140107109623488] INFO perfrun.perfcollector <> - config1: ldlat: 0
66 [140107109623488] INFO perfrun.perfcollector <> - config1: offcore_rsp: 0
66 [140107109623488] INFO perfrun.perfcollector <> - config: pc: 0
66 [140107109623488] INFO perfrun.perfcollector <> - config: umask: 0
66 [140107109623488] INFO perfrun.perfcollector <> - format: cpu_atom/event=0xc2,name='TOPDOWN_RETIRING.ALL[ATOM]'/
66 [140107109623488] INFO perfrun.perfcollector <> - precise event: event selector has no imprecise bit
66 [140107109623488] INFO perfrun.perfcollector <> - event: 0: CPU_CLK_UNHALTED.THREAD
66 [140107109623488] INFO perfrun.perfcollector <> - cccr: addr: ffffffff, value: 0
66 [140107109623488] INFO perfrun.perfcollector <> - data: addr: 30a, value: ffffffffffdce7a0
66 [140107109623488] INFO perfrun.perfcollector <> - pebs_enable: f00000007
66 [140107109623488] INFO perfrun.perfcollector <> - pmu config: cpu_core
66 [140107109623488] INFO perfrun.perfcollector <> - config: cmask: 0
66 [140107109623488] INFO perfrun.perfcollector <> - config: edge: 0
66 [140107109623488] INFO perfrun.perfcollector <> - config: event: 3c
66 [140107109623488] INFO perfrun.perfcollector <> - config1: frontend: 0
66 [140107109623488] INFO perfrun.perfcollector <> - config: inv: 0
66 [140107109623488] INFO perfrun.perfcollector <> - config1: ldlat: 0
66 [140107109623488] INFO perfrun.perfcollector <> - config1: offcore_rsp: 0
66 [140107109623488] INFO perfrun.perfcollector <> - config: pc: 0
66 [140107109623488] INFO perfrun.perfcollector <> - config: umask: 0
66 [140107109623488] INFO perfrun.perfcollector <> - format: cpu_core/event=0x3c,name='CPU_CLK_UNHALTED.THREAD[CORE]'/D
66 [140107109623488] INFO perfrun.perfcollector <> - precise event: extended pebs bit is enabled
66 [140107109623488] INFO perfrun.perfcollector <> - event: 1: CPU_CLK_UNHALTED.REF_TSC
66 [140107109623488] INFO perfrun.perfcollector <> - cccr: addr: ffffffff, value: 0
66 [140107109623488] INFO perfrun.perfcollector <> - data: addr: 30b, value: ffffffffffdce7a0
66 [140107109623488] INFO perfrun.perfcollector <> - pebs_enable: f00000007
66 [140107109623488] INFO perfrun.perfcollector <> - pmu config: cpu_core
66 [140107109623488] INFO perfrun.perfcollector <> - config: cmask: 0
66 [140107109623488] INFO perfrun.perfcollector <> - config: edge: 0
66 [140107109623488] INFO perfrun.perfcollector <> - config: event: 0
66 [140107109623488] INFO perfrun.perfcollector <> - config1: frontend: 0
66 [140107109623488] INFO perfrun.perfcollector <> - config: inv: 0
67 [140107109623488] INFO perfrun.perfcollector <> - config1: ldlat: 0
67 [140107109623488] INFO perfrun.perfcollector <> - config1: offcore_rsp: 0
67 [140107109623488] INFO perfrun.perfcollector <> - config: pc: 0
67 [140107109623488] INFO perfrun.perfcollector <> - config: umask: 3
67 [140107109623488] INFO perfrun.perfcollector <> - format: cpu_core/umask=0x3,name='CPU_CLK_UNHALTED.REF_TSC[CORE]'/D
67 [140107109623488] INFO perfrun.perfcollector <> - precise event: extended pebs bit is enabled
67 [140107109623488] INFO perfrun.perfcollector <> - event: 2: INST_RETIRED.ANY
67 [140107109623488] INFO perfrun.perfcollector <> - cccr: addr: ffffffff, value: 0
67 [140107109623488] INFO perfrun.perfcollector <> - data: addr: 309, value: ffffffffffdce7a0
67 [140107109623488] INFO perfrun.perfcollector <> - pebs_enable: f00000007
67 [140107109623488] INFO perfrun.perfcollector <> - pmu config: cpu_core
67 [140107109623488] INFO perfrun.perfcollector <> - config: cmask: 0
67 [140107109623488] INFO perfrun.perfcollector <> - config: edge: 0
67 [140107109623488] INFO perfrun.perfcollector <> - config: event: c0
67 [140107109623488] INFO perfrun.perfcollector <> - config1: frontend: 0
67 [140107109623488] INFO perfrun.perfcollector <> - config: inv: 0
67 [140107109623488] INFO perfrun.perfcollector <> - config1: ldlat: 0
67 [140107109623488] INFO perfrun.perfcollector <> - config1: offcore_rsp: 0
67 [140107109623488] INFO perfrun.perfcollector <> - config: pc: 0
67 [140107109623488] INFO perfrun.perfcollector <> - config: umask: 0
67 [140107109623488] INFO perfrun.perfcollector <> - format: cpu_core/event=0xc0,name='INST_RETIRED.ANY[CORE]'/D
67 [140107109623488] INFO perfrun.perfcollector <> - pdist event: pmu is cpu_core, event is fixed0
67 [140107109623488] INFO perfrun.perfcollector <> - event: 3: CPU_CLK_UNHALTED.DISTRIBUTED
67 [140107109623488] INFO perfrun.perfcollector <> - cccr: addr: 186, value: 4302ec
67 [140107109623488] INFO perfrun.perfcollector <> - data: addr: c1, value: ffffffffffdce7a0
67 [140107109623488] INFO perfrun.perfcollector <> - pebs_enable: f000000ff
67 [140107109623488] INFO perfrun.perfcollector <> - pmu config: cpu_core
67 [140107109623488] INFO perfrun.perfcollector <> - config: cmask: 0
67 [140107109623488] INFO perfrun.perfcollector <> - config: edge: 0
67 [140107109623488] INFO perfrun.perfcollector <> - config: event: ec
67 [140107109623488] INFO perfrun.perfcollector <> - config1: frontend: 0
67 [140107109623488] INFO perfrun.perfcollector <> - config: inv: 0
67 [140107109623488] INFO perfrun.perfcollector <> - config1: ldlat: 0
67 [140107109623488] INFO perfrun.perfcollector <> - config1: offcore_rsp: 0
67 [140107109623488] INFO perfrun.perfcollector <> - config: pc: 0
67 [140107109623488] INFO perfrun.perfcollector <> - config: umask: 2
67 [140107109623488] INFO perfrun.perfcollector <> - format: cpu_core/event=0xec,umask=0x2,name='CPU_CLK_UNHALTED.DISTRIBUTED[CORE]'/
67 [140107109623488] INFO perfrun.perfcollector <> - precise event: event selector has no imprecise bit
67 [140107109623488] INFO perfrun.perfcollector <> - event: 4: FP_ARITH_INST_RETIRED.SCALAR_SINGLE
67 [140107109623488] INFO perfrun.perfcollector <> - cccr: addr: 187, value: 4302c7
67 [140107109623488] INFO perfrun.perfcollector <> - data: addr: c2, value: ffffffffffe17b7d
67 [140107109623488] INFO perfrun.perfcollector <> - pebs_enable: f000000ff
67 [140107109623488] INFO perfrun.perfcollector <> - pmu config: cpu_core
67 [140107109623488] INFO perfrun.perfcollector <> - config: cmask: 0
67 [140107109623488] INFO perfrun.perfcollector <> - config: edge: 0
67 [140107109623488] INFO perfrun.perfcollector <> - config: event: c7
67 [140107109623488] INFO perfrun.perfcollector <> - config1: frontend: 0
67 [140107109623488] INFO perfrun.perfcollector <> - config: inv: 0
67 [140107109623488] INFO perfrun.perfcollector <> - config1: ldlat: 0
67 [140107109623488] INFO perfrun.perfcollector <> - config1: offcore_rsp: 0
67 [140107109623488] INFO perfrun.perfcollector <> - config: pc: 0
67 [140107109623488] INFO perfrun.perfcollector <> - config: umask: 2
67 [140107109623488] INFO perfrun.perfcollector <> - format: cpu_core/event=0xc7,umask=0x2,name='FP_ARITH_INST_RETIRED.SCALAR_SINGLE[CORE]'/
67 [140107109623488] INFO perfrun.perfcollector <> - precise event: event selector has no imprecise bit
67 [140107109623488] INFO perfrun.perfcollector <> - event: 5: FP_ARITH_INST_RETIRED.128B_PACKED_SINGLE
67 [140107109623488] INFO perfrun.perfcollector <> - cccr: addr: 188, value: 4308c7
67 [140107109623488] INFO perfrun.perfcollector <> - data: addr: c3, value: ffffffffffe17b7d
67 [140107109623488] INFO perfrun.perfcollector <> - pebs_enable: f000000ff
67 [140107109623488] INFO perfrun.perfcollector <> - pmu config: cpu_core
67 [140107109623488] INFO perfrun.perfcollector <> - config: cmask: 0
67 [140107109623488] INFO perfrun.perfcollector <> - config: edge: 0
67 [140107109623488] INFO perfrun.perfcollector <> - config: event: c7
67 [140107109623488] INFO perfrun.perfcollector <> - config1: frontend: 0
67 [140107109623488] INFO perfrun.perfcollector <> - config: inv: 0
67 [140107109623488] INFO perfrun.perfcollector <> - config1: ldlat: 0
67 [140107109623488] INFO perfrun.perfcollector <> - config1: offcore_rsp: 0
67 [140107109623488] INFO perfrun.perfcollector <> - config: pc: 0
67 [140107109623488] INFO perfrun.perfcollector <> - config: umask: 8
67 [140107109623488] INFO perfrun.perfcollector <> - format: cpu_core/event=0xc7,umask=0x8,name='FP_ARITH_INST_RETIRED.128B_PACKED_SINGLE[CORE]'/
67 [140107109623488] INFO perfrun.perfcollector <> - precise event: event selector has no imprecise bit
67 [140107109623488] INFO perfrun.perfcollector <> - event: 6: FP_ARITH_INST_RETIRED.256B_PACKED_SINGLE
67 [140107109623488] INFO perfrun.perfcollector <> - cccr: addr: 189, value: 4320c7
67 [140107109623488] INFO perfrun.perfcollector <> - data: addr: c4, value: ffffffffffe17b7d
67 [140107109623488] INFO perfrun.perfcollector <> - pebs_enable: f000000ff
67 [140107109623488] INFO perfrun.perfcollector <> - pmu config: cpu_core
67 [140107109623488] INFO perfrun.perfcollector <> - config: cmask: 0
67 [140107109623488] INFO perfrun.perfcollector <> - config: edge: 0
67 [140107109623488] INFO perfrun.perfcollector <> - config: event: c7
67 [140107109623488] INFO perfrun.perfcollector <> - config1: frontend: 0
67 [140107109623488] INFO perfrun.perfcollector <> - config: inv: 0
67 [140107109623488] INFO perfrun.perfcollector <> - config1: ldlat: 0
67 [140107109623488] INFO perfrun.perfcollector <> - config1: offcore_rsp: 0
67 [140107109623488] INFO perfrun.perfcollector <> - config: pc: 0
67 [140107109623488] INFO perfrun.perfcollector <> - config: umask: 20
67 [140107109623488] INFO perfrun.perfcollector <> - format: cpu_core/event=0xc7,umask=0x20,name='FP_ARITH_INST_RETIRED.256B_PACKED_SINGLE[CORE]'/
67 [140107109623488] INFO perfrun.perfcollector <> - precise event: event selector has no imprecise bit
67 [140107109623488] INFO perfrun.perfcollector <> - event: 7: FP_ARITH_INST_RETIRED.SCALAR_DOUBLE
67 [140107109623488] INFO perfrun.perfcollector <> - cccr: addr: 18a, value: 4301c7
67 [140107109623488] INFO perfrun.perfcollector <> - data: addr: c5, value: ffffffffffe17b7d
67 [140107109623488] INFO perfrun.perfcollector <> - pebs_enable: f000000ff
67 [140107109623488] INFO perfrun.perfcollector <> - pmu config: cpu_core
67 [140107109623488] INFO perfrun.perfcollector <> - config: cmask: 0
67 [140107109623488] INFO perfrun.perfcollector <> - config: edge: 0
67 [140107109623488] INFO perfrun.perfcollector <> - config: event: c7
67 [140107109623488] INFO perfrun.perfcollector <> - config1: frontend: 0
67 [140107109623488] INFO perfrun.perfcollector <> - config: inv: 0
67 [140107109623488] INFO perfrun.perfcollector <> - config1: ldlat: 0
67 [140107109623488] INFO perfrun.perfcollector <> - config1: offcore_rsp: 0
67 [140107109623488] INFO perfrun.perfcollector <> - config: pc: 0
67 [140107109623488] INFO perfrun.perfcollector <> - config: umask: 1
67 [140107109623488] INFO perfrun.perfcollector <> - format: cpu_core/event=0xc7,umask=0x1,name='FP_ARITH_INST_RETIRED.SCALAR_DOUBLE[CORE]'/
67 [140107109623488] INFO perfrun.perfcollector <> - precise event: event selector has no imprecise bit
67 [140107109623488] INFO perfrun.perfcollector <> - event: 8: FP_ARITH_INST_RETIRED.128B_PACKED_DOUBLE
67 [140107109623488] INFO perfrun.perfcollector <> - cccr: addr: 18b, value: 4304c7
67 [140107109623488] INFO perfrun.perfcollector <> - data: addr: c6, value: ffffffffffe17b7d
67 [140107109623488] INFO perfrun.perfcollector <> - pebs_enable: f000000ff
67 [140107109623488] INFO perfrun.perfcollector <> - pmu config: cpu_core
67 [140107109623488] INFO perfrun.perfcollector <> - config: cmask: 0
67 [140107109623488] INFO perfrun.perfcollector <> - config: edge: 0
67 [140107109623488] INFO perfrun.perfcollector <> - config: event: c7
67 [140107109623488] INFO perfrun.perfcollector <> - config1: frontend: 0
67 [140107109623488] INFO perfrun.perfcollector <> - config: inv: 0
67 [140107109623488] INFO perfrun.perfcollector <> - config1: ldlat: 0
67 [140107109623488] INFO perfrun.perfcollector <> - config1: offcore_rsp: 0
67 [140107109623488] INFO perfrun.perfcollector <> - config: pc: 0
67 [140107109623488] INFO perfrun.perfcollector <> - config: umask: 4
67 [140107109623488] INFO perfrun.perfcollector <> - format: cpu_core/event=0xc7,umask=0x4,name='FP_ARITH_INST_RETIRED.128B_PACKED_DOUBLE[CORE]'/
67 [140107109623488] INFO perfrun.perfcollector <> - precise event: event selector has no imprecise bit
67 [140107109623488] INFO perfrun.perfcollector <> - event: 9: FP_ARITH_INST_RETIRED.256B_PACKED_DOUBLE
67 [140107109623488] INFO perfrun.perfcollector <> - cccr: addr: 18c, value: 4310c7
67 [140107109623488] INFO perfrun.perfcollector <> - data: addr: c7, value: ffffffffffe17b7d
67 [140107109623488] INFO perfrun.perfcollector <> - pebs_enable: f000000ff
67 [140107109623488] INFO perfrun.perfcollector <> - pmu config: cpu_core
67 [140107109623488] INFO perfrun.perfcollector <> - config: cmask: 0
67 [140107109623488] INFO perfrun.perfcollector <> - config: edge: 0
67 [140107109623488] INFO perfrun.perfcollector <> - config: event: c7
67 [140107109623488] INFO perfrun.perfcollector <> - config1: frontend: 0
67 [140107109623488] INFO perfrun.perfcollector <> - config: inv: 0
67 [140107109623488] INFO perfrun.perfcollector <> - config1: ldlat: 0
67 [140107109623488] INFO perfrun.perfcollector <> - config1: offcore_rsp: 0
67 [140107109623488] INFO perfrun.perfcollector <> - config: pc: 0
67 [140107109623488] INFO perfrun.perfcollector <> - config: umask: 10
67 [140107109623488] INFO perfrun.perfcollector <> - format: cpu_core/event=0xc7,umask=0x10,name='FP_ARITH_INST_RETIRED.256B_PACKED_DOUBLE[CORE]'/
67 [140107109623488] INFO perfrun.perfcollector <> - precise event: event selector has no imprecise bit
67 [140107109623488] INFO perfrun.perfcollector <> - event: 10: UOPS_EXECUTED.X87
67 [140107109623488] INFO perfrun.perfcollector <> - cccr: addr: 18d, value: 4310b1
67 [140107109623488] INFO perfrun.perfcollector <> - data: addr: c8, value: ffffffffffe17b7d
67 [140107109623488] INFO perfrun.perfcollector <> - pebs_enable: f000000ff
67 [140107109623488] INFO perfrun.perfcollector <> - pmu config: cpu_core
67 [140107109623488] INFO perfrun.perfcollector <> - config: cmask: 0
67 [140107109623488] INFO perfrun.perfcollector <> - config: edge: 0
67 [140107109623488] INFO perfrun.perfcollector <> - config: event: b1
67 [140107109623488] INFO perfrun.perfcollector <> - config1: frontend: 0
67 [140107109623488] INFO perfrun.perfcollector <> - config: inv: 0
67 [140107109623488] INFO perfrun.perfcollector <> - config1: ldlat: 0
67 [140107109623488] INFO perfrun.perfcollector <> - config1: offcore_rsp: 0
67 [140107109623488] INFO perfrun.perfcollector <> - config: pc: 0
67 [140107109623488] INFO perfrun.perfcollector <> - config: umask: 10
67 [140107109623488] INFO perfrun.perfcollector <> - format: cpu_core/event=0xb1,umask=0x10,name='UOPS_EXECUTED.X87[CORE]'/
67 [140107109623488] INFO perfrun.perfcollector <> - precise event: event selector has no imprecise bit
67 [140107109623488] INFO perfrun.perfcollector <> - event: 11: UOPS_RETIRED.SLOTS
67 [140107109623488] INFO perfrun.perfcollector <> - cccr: addr: 186, value: 4302c2
67 [140107109623488] INFO perfrun.perfcollector <> - data: addr: c1, value: ffffffffffe17b7d
67 [140107109623488] INFO perfrun.perfcollector <> - pebs_enable: f00000007
67 [140107109623488] INFO perfrun.perfcollector <> - pmu config: cpu_core
67 [140107109623488] INFO perfrun.perfcollector <> - config: cmask: 0
67 [140107109623488] INFO perfrun.perfcollector <> - config: edge: 0
67 [140107109623488] INFO perfrun.perfcollector <> - config: event: c2
67 [140107109623488] INFO perfrun.perfcollector <> - config1: frontend: 0
67 [140107109623488] INFO perfrun.perfcollector <> - config: inv: 0
67 [140107109623488] INFO perfrun.perfcollector <> - config1: ldlat: 0
67 [140107109623488] INFO perfrun.perfcollector <> - config1: offcore_rsp: 0
67 [140107109623488] INFO perfrun.perfcollector <> - config: pc: 0
67 [140107109623488] INFO perfrun.perfcollector <> - config: umask: 2
67 [140107109623488] INFO perfrun.perfcollector <> - format: cpu_core/event=0xc2,umask=0x2,name='UOPS_RETIRED.SLOTS[CORE]'/
67 [140107109623488] INFO perfrun.perfcollector <> - precise event: event selector has no imprecise bit
67 [140107109623488] INFO perfrun.perfcollector <> - event: 12: UOPS_EXECUTED.THREAD
67 [140107109623488] INFO perfrun.perfcollector <> - cccr: addr: 187, value: 4301b1
67 [140107109623488] INFO perfrun.perfcollector <> - data: addr: c2, value: ffffffffffe17b7d
67 [140107109623488] INFO perfrun.perfcollector <> - pebs_enable: f00000007
67 [140107109623488] INFO perfrun.perfcollector <> - pmu config: cpu_core
67 [140107109623488] INFO perfrun.perfcollector <> - config: cmask: 0
67 [140107109623488] INFO perfrun.perfcollector <> - config: edge: 0
67 [140107109623488] INFO perfrun.perfcollector <> - config: event: b1
67 [140107109623488] INFO perfrun.perfcollector <> - config1: frontend: 0
67 [140107109623488] INFO perfrun.perfcollector <> - config: inv: 0
67 [140107109623488] INFO perfrun.perfcollector <> - config1: ldlat: 0
67 [140107109623488] INFO perfrun.perfcollector <> - config1: offcore_rsp: 0
67 [140107109623488] INFO perfrun.perfcollector <> - config: pc: 0
67 [140107109623488] INFO perfrun.perfcollector <> - config: umask: 1
67 [140107109623488] INFO perfrun.perfcollector <> - format: cpu_core/event=0xb1,umask=0x1,name='UOPS_EXECUTED.THREAD[CORE]'/
67 [140107109623488] INFO perfrun.perfcollector <> - precise event: event selector has no imprecise bit
67 [140107109623488] INFO perfrun.perfcollector <> - event: 13: TOPDOWN.SLOTS
67 [140107109623488] INFO perfrun.perfcollector <> - cccr: addr: ffffffff, value: 0
67 [140107109623488] INFO perfrun.perfcollector <> - data: addr: 30c, value: ffffffffffe17b7d
67 [140107109623488] INFO perfrun.perfcollector <> - pebs_enable: f00000007
67 [140107109623488] INFO perfrun.perfcollector <> - pmu config: cpu_core
67 [140107109623488] INFO perfrun.perfcollector <> - config: cmask: 0
67 [140107109623488] INFO perfrun.perfcollector <> - config: edge: 0
67 [140107109623488] INFO perfrun.perfcollector <> - config: event: 0
67 [140107109623488] INFO perfrun.perfcollector <> - config1: frontend: 0
67 [140107109623488] INFO perfrun.perfcollector <> - config: inv: 0
67 [140107109623488] INFO perfrun.perfcollector <> - config1: ldlat: 0
67 [140107109623488] INFO perfrun.perfcollector <> - config1: offcore_rsp: 0
67 [140107109623488] INFO perfrun.perfcollector <> - config: pc: 0
67 [140107109623488] INFO perfrun.perfcollector <> - config: umask: 4
67 [140107109623488] INFO perfrun.perfcollector <> - format: cpu_core/umask=0x4,name='TOPDOWN.SLOTS[CORE]'/D
67 [140107109623488] INFO perfrun.perfcollector <> - precise event: extended pebs bit is enabled
67 [140107109623488] INFO perfrun.perfcollector <> - event: 14: TOPDOWN.SLOTS_P
67 [140107109623488] INFO perfrun.perfcollector <> - cccr: addr: 188, value: 4301a4
67 [140107109623488] INFO perfrun.perfcollector <> - data: addr: c3, value: ffffffffffe17b7d
67 [140107109623488] INFO perfrun.perfcollector <> - pebs_enable: f00000007
67 [140107109623488] INFO perfrun.perfcollector <> - pmu config: cpu_core
67 [140107109623488] INFO perfrun.perfcollector <> - config: cmask: 0
67 [140107109623488] INFO perfrun.perfcollector <> - config: edge: 0
67 [140107109623488] INFO perfrun.perfcollector <> - config: event: a4
67 [140107109623488] INFO perfrun.perfcollector <> - config1: frontend: 0
67 [140107109623488] INFO perfrun.perfcollector <> - config: inv: 0
67 [140107109623488] INFO perfrun.perfcollector <> - config1: ldlat: 0
67 [140107109623488] INFO perfrun.perfcollector <> - config1: offcore_rsp: 0
67 [140107109623488] INFO perfrun.perfcollector <> - config: pc: 0
67 [140107109623488] INFO perfrun.perfcollector <> - config: umask: 1
67 [140107109623488] INFO perfrun.perfcollector <> - format: cpu_core/event=0xa4,umask=0x1,name='TOPDOWN.SLOTS_P[CORE]'/
67 [140107109623488] INFO perfrun.perfcollector <> - precise event: event selector has no imprecise bit
67 [140107109623488] INFO perfrun.perfcollector <> - event: cpu_atom/event=0x3c,name='CPU_CLK_UNHALTED.THREAD[ATOM]'/Du, added for counting
67 [140107109623488] INFO perfrun.perfcollector <> - event: cpu_atom/umask=0x3,name='CPU_CLK_UNHALTED.REF_TSC[ATOM]'/Du, added for counting
67 [140107109623488] INFO perfrun.perfcollector <> - event: cpu_atom/event=0xc0,name='INST_RETIRED.ANY[ATOM]'/Du, added for counting
67 [140107109623488] INFO perfrun.perfcollector <> - event: cpu_atom/event=0xc2,name='TOPDOWN_RETIRING.ALL[ATOM]'/u, added for counting
67 [140107109623488] INFO perfrun.perfcollector <> - event: cpu_core/event=0x3c,name='CPU_CLK_UNHALTED.THREAD[CORE]'/Du, added for counting
67 [140107109623488] INFO perfrun.perfcollector <> - event: cpu_core/umask=0x3,name='CPU_CLK_UNHALTED.REF_TSC[CORE]'/Du, added for counting
67 [140107109623488] INFO perfrun.perfcollector <> - event: cpu_core/event=0xc0,name='INST_RETIRED.ANY[CORE]'/Du, added for counting
67 [140107109623488] INFO perfrun.perfcollector <> - event: cpu_core/event=0xec,umask=0x2,name='CPU_CLK_UNHALTED.DISTRIBUTED[CORE]'/u, added for counting
67 [140107109623488] INFO perfrun.perfcollector <> - event: cpu_core/event=0xc7,umask=0x2,name='FP_ARITH_INST_RETIRED.SCALAR_SINGLE[CORE]'/u, added for counting
67 [140107109623488] INFO perfrun.perfcollector <> - event: cpu_core/event=0xc7,umask=0x8,name='FP_ARITH_INST_RETIRED.128B_PACKED_SINGLE[CORE]'/u, added for counting
67 [140107109623488] INFO perfrun.perfcollector <> - event: cpu_core/event=0xc7,umask=0x20,name='FP_ARITH_INST_RETIRED.256B_PACKED_SINGLE[CORE]'/u, added for counting
67 [140107109623488] INFO perfrun.perfcollector <> - event: cpu_core/event=0xc7,umask=0x1,name='FP_ARITH_INST_RETIRED.SCALAR_DOUBLE[CORE]'/u, added for counting
67 [140107109623488] INFO perfrun.perfcollector <> - event: cpu_core/event=0xc7,umask=0x4,name='FP_ARITH_INST_RETIRED.128B_PACKED_DOUBLE[CORE]'/u, added for counting
67 [140107109623488] INFO perfrun.perfcollector <> - event: cpu_core/event=0xc7,umask=0x10,name='FP_ARITH_INST_RETIRED.256B_PACKED_DOUBLE[CORE]'/u, added for counting
67 [140107109623488] INFO perfrun.perfcollector <> - event: cpu_core/event=0xb1,umask=0x10,name='UOPS_EXECUTED.X87[CORE]'/u, added for counting
67 [140107109623488] INFO perfrun.perfcollector <> - event: cpu_core/event=0xc2,umask=0x2,name='UOPS_RETIRED.SLOTS[CORE]'/u, added for counting
67 [140107109623488] INFO perfrun.perfcollector <> - event: cpu_core/event=0xb1,umask=0x1,name='UOPS_EXECUTED.THREAD[CORE]'/u, added for counting
67 [140107109623488] INFO perfrun.perfcollector <> - event: cpu_core/umask=0x4,name='TOPDOWN.SLOTS[CORE]'/Du, added for counting
67 [140107109623488] INFO perfrun.perfcollector <> - event: cpu_core/event=0xa4,umask=0x1,name='TOPDOWN.SLOTS_P[CORE]'/u, added for counting
67 [140107109623488] INFO perfrun.perfcollector <> - attaching to pid: 4294967295, m_mode: 10, mode: 3
67 [140107091564224] INFO perfrun.perfcollector <> - Perf stat trace pipe capacity: read = 1048576, write = 1048576
68 [140106866357952] INFO perfrun.sdk <> - Reading value (0-27) from file: /sys/devices/system/cpu/cpu0/topology/core_siblings_list
68 [140106866357952] INFO perfrun.sdk <> - Reading value (0-1) from file: /sys/devices/system/cpu/cpu0/topology/thread_siblings_list
68 [140106866357952] INFO perfrun.sdk <> - Reading value (0-27) from file: /sys/devices/system/cpu/cpu1/topology/core_siblings_list
68 [140106866357952] INFO perfrun.sdk <> - Reading value (0-1) from file: /sys/devices/system/cpu/cpu1/topology/thread_siblings_list
68 [140106866357952] INFO perfrun.sdk <> - Reading value (0-27) from file: /sys/devices/system/cpu/cpu2/topology/core_siblings_list
68 [140106866357952] INFO perfrun.sdk <> - Reading value (2-3) from file: /sys/devices/system/cpu/cpu2/topology/thread_siblings_list
68 [140106866357952] INFO perfrun.sdk <> - Reading value (0-27) from file: /sys/devices/system/cpu/cpu3/topology/core_siblings_list
68 [140106866357952] INFO perfrun.sdk <> - Reading value (2-3) from file: /sys/devices/system/cpu/cpu3/topology/thread_siblings_list
68 [140106866357952] INFO perfrun.sdk <> - Reading value (0-27) from file: /sys/devices/system/cpu/cpu4/topology/core_siblings_list
68 [140106866357952] INFO perfrun.sdk <> - Reading value (4-5) from file: /sys/devices/system/cpu/cpu4/topology/thread_siblings_list
68 [140106866357952] INFO perfrun.sdk <> - Reading value (0-27) from file: /sys/devices/system/cpu/cpu5/topology/core_siblings_list
68 [140106866357952] INFO perfrun.sdk <> - Reading value (4-5) from file: /sys/devices/system/cpu/cpu5/topology/thread_siblings_list
68 [140106866357952] INFO perfrun.sdk <> - Reading value (0-27) from file: /sys/devices/system/cpu/cpu6/topology/core_siblings_list
68 [140106866357952] INFO perfrun.sdk <> - Reading value (6-7) from file: /sys/devices/system/cpu/cpu6/topology/thread_siblings_list
68 [140106866357952] INFO perfrun.sdk <> - Reading value (0-27) from file: /sys/devices/system/cpu/cpu7/topology/core_siblings_list
68 [140106866357952] INFO perfrun.sdk <> - Reading value (6-7) from file: /sys/devices/system/cpu/cpu7/topology/thread_siblings_list
68 [140106866357952] INFO perfrun.sdk <> - Reading value (0-27) from file: /sys/devices/system/cpu/cpu8/topology/core_siblings_list
68 [140106866357952] INFO perfrun.sdk <> - Reading value (8-9) from file: /sys/devices/system/cpu/cpu8/topology/thread_siblings_list
68 [140106866357952] INFO perfrun.sdk <> - Reading value (0-27) from file: /sys/devices/system/cpu/cpu9/topology/core_siblings_list
68 [140106866357952] INFO perfrun.sdk <> - Reading value (8-9) from file: /sys/devices/system/cpu/cpu9/topology/thread_siblings_list
68 [140106866357952] INFO perfrun.sdk <> - Reading value (0-27) from file: /sys/devices/system/cpu/cpu10/topology/core_siblings_list
68 [140106866357952] INFO perfrun.sdk <> - Reading value (10-11) from file: /sys/devices/system/cpu/cpu10/topology/thread_siblings_list
68 [140106866357952] INFO perfrun.sdk <> - Reading value (0-27) from file: /sys/devices/system/cpu/cpu11/topology/core_siblings_list
68 [140106866357952] INFO perfrun.sdk <> - Reading value (10-11) from file: /sys/devices/system/cpu/cpu11/topology/thread_siblings_list
68 [140106866357952] INFO perfrun.sdk <> - Reading value (0-27) from file: /sys/devices/system/cpu/cpu12/topology/core_siblings_list
69 [140106866357952] INFO perfrun.sdk <> - Reading value (12-13) from file: /sys/devices/system/cpu/cpu12/topology/thread_siblings_list
69 [140106866357952] INFO perfrun.sdk <> - Reading value (0-27) from file: /sys/devices/system/cpu/cpu13/topology/core_siblings_list
69 [140106866357952] INFO perfrun.sdk <> - Reading value (12-13) from file: /sys/devices/system/cpu/cpu13/topology/thread_siblings_list
69 [140106866357952] INFO perfrun.sdk <> - Reading value (0-27) from file: /sys/devices/system/cpu/cpu14/topology/core_siblings_list
69 [140106866357952] INFO perfrun.sdk <> - Reading value (14-15) from file: /sys/devices/system/cpu/cpu14/topology/thread_siblings_list
69 [140106866357952] INFO perfrun.sdk <> - Reading value (0-27) from file: /sys/devices/system/cpu/cpu15/topology/core_siblings_list
69 [140106866357952] INFO perfrun.sdk <> - Reading value (14-15) from file: /sys/devices/system/cpu/cpu15/topology/thread_siblings_list
69 [140106866357952] INFO perfrun.sdk <> - Reading value (0-27) from file: /sys/devices/system/cpu/cpu16/topology/core_siblings_list
69 [140106866357952] INFO perfrun.sdk <> - Reading value (16) from file: /sys/devices/system/cpu/cpu16/topology/thread_siblings_list
69 [140106866357952] INFO perfrun.sdk <> - Reading value (0-27) from file: /sys/devices/system/cpu/cpu17/topology/core_siblings_list
69 [140106866357952] INFO perfrun.sdk <> - Reading value (17) from file: /sys/devices/system/cpu/cpu17/topology/thread_siblings_list
69 [140106866357952] INFO perfrun.sdk <> - Reading value (0-27) from file: /sys/devices/system/cpu/cpu18/topology/core_siblings_list
69 [140106866357952] INFO perfrun.sdk <> - Reading value (18) from file: /sys/devices/system/cpu/cpu18/topology/thread_siblings_list
69 [140106866357952] INFO perfrun.sdk <> - Reading value (0-27) from file: /sys/devices/system/cpu/cpu19/topology/core_siblings_list
69 [140106866357952] INFO perfrun.sdk <> - Reading value (19) from file: /sys/devices/system/cpu/cpu19/topology/thread_siblings_list
69 [140106866357952] INFO perfrun.sdk <> - Reading value (0-27) from file: /sys/devices/system/cpu/cpu20/topology/core_siblings_list
69 [140106866357952] INFO perfrun.sdk <> - Reading value (20) from file: /sys/devices/system/cpu/cpu20/topology/thread_siblings_list
69 [140106866357952] INFO perfrun.sdk <> - Reading value (0-27) from file: /sys/devices/system/cpu/cpu21/topology/core_siblings_list
69 [140106866357952] INFO perfrun.sdk <> - Reading value (21) from file: /sys/devices/system/cpu/cpu21/topology/thread_siblings_list
69 [140106866357952] INFO perfrun.sdk <> - Reading value (0-27) from file: /sys/devices/system/cpu/cpu22/topology/core_siblings_list
69 [140106866357952] INFO perfrun.sdk <> - Reading value (22) from file: /sys/devices/system/cpu/cpu22/topology/thread_siblings_list
69 [140106866357952] INFO perfrun.sdk <> - Reading value (0-27) from file: /sys/devices/system/cpu/cpu23/topology/core_siblings_list
69 [140106866357952] INFO perfrun.sdk <> - Reading value (23) from file: /sys/devices/system/cpu/cpu23/topology/thread_siblings_list
69 [140106866357952] INFO perfrun.sdk <> - Reading value (0-27) from file: /sys/devices/system/cpu/cpu24/topology/core_siblings_list
69 [140106866357952] INFO perfrun.sdk <> - Reading value (24) from file: /sys/devices/system/cpu/cpu24/topology/thread_siblings_list
69 [140106866357952] INFO perfrun.sdk <> - Reading value (0-27) from file: /sys/devices/system/cpu/cpu25/topology/core_siblings_list
69 [140106866357952] INFO perfrun.sdk <> - Reading value (25) from file: /sys/devices/system/cpu/cpu25/topology/thread_siblings_list
69 [140106866357952] INFO perfrun.sdk <> - Reading value (0-27) from file: /sys/devices/system/cpu/cpu26/topology/core_siblings_list
69 [140106866357952] INFO perfrun.sdk <> - Reading value (26) from file: /sys/devices/system/cpu/cpu26/topology/thread_siblings_list
69 [140106866357952] INFO perfrun.sdk <> - Reading value (0-27) from file: /sys/devices/system/cpu/cpu27/topology/core_siblings_list
69 [140106866357952] INFO perfrun.sdk <> - Reading value (27) from file: /sys/devices/system/cpu/cpu27/topology/thread_siblings_list
69 [140106866357952] INFO perfrun.sdk <> - Reading value (0-15) from file: /sys/bus/event_source/devices/cpu_core/cpus
69 [140106866357952] INFO perfrun.sdk <> - Reading value (16-27) from file: /sys/bus/event_source/devices/cpu_atom/cpus
69 [140107091564224] INFO perfrun.sdk <> - runCmd: /opt/intel/oneapi/vtune/2026.2/bin64/amplxe-perf stat -v --log-fd 11 --scale -x ; -e cpu_atom/event=0x3c,name='CPU_CLK_UNHALTED.THREAD[ATOM]'/Du,cpu_atom/umask=0x3,name='CPU_CLK_UNHALTED.REF_TSC[ATOM]'/Du,cpu_atom/event=0xc0,name='INST_RETIRED.ANY[ATOM]'/Du,cpu_atom/event=0xc2,name='TOPDOWN_RETIRING.ALL[ATOM]'/u,cpu_core/event=0x3c,name='CPU_CLK_UNHALTED.THREAD[CORE]'/Du,cpu_core/umask=0x3,name='CPU_CLK_UNHALTED.REF_TSC[CORE]'/Du,cpu_core/event=0xc0,name='INST_RETIRED.ANY[CORE]'/Du,cpu_core/event=0xec,umask=0x2,name='CPU_CLK_UNHALTED.DISTRIBUTED[CORE]'/u,cpu_core/event=0xc7,umask=0x2,name='FP_ARITH_INST_RETIRED.SCALAR_SINGLE[CORE]'/u,cpu_core/event=0xc7,umask=0x8,name='FP_ARITH_INST_RETIRED.128B_PACKED_SINGLE[CORE]'/u,cpu_core/event=0xc7,umask=0x20,name='FP_ARITH_INST_RETIRED.256B_PACKED_SINGLE[CORE]'/u,cpu_core/event=0xc7,umask=0x1,name='FP_ARITH_INST_RETIRED.SCALAR_DOUBLE[CORE]'/u,cpu_core/event=0xc7,umask=0x4,name='FP_ARITH_INST_RETIRED.128B_PACKED_DOUBLE[CORE]'/u,cpu_core/event=0xc7,umask=0x10,name='FP_ARITH_INST_RETIRED.256B_PACKED_DOUBLE[CORE]'/u,cpu_core/event=0xb1,umask=0x10,name='UOPS_EXECUTED.X87[CORE]'/u,cpu_core/event=0xc2,umask=0x2,name='UOPS_RETIRED.SLOTS[CORE]'/u,cpu_core/event=0xb1,umask=0x1,name='UOPS_EXECUTED.THREAD[CORE]'/u,cpu_core/umask=0x4,name='TOPDOWN.SLOTS[CORE]'/Du,cpu_core/event=0xa4,umask=0x1,name='TOPDOWN.SLOTS_P[CORE]'/u /opt/intel/oneapi/vtune/2026.2/bin64/amplxe-perf-sync dryrun tsc
70 [140107091564224] INFO perfrun.sdk <> - runCmd started PID 41997
96 [140107091564224] INFO perfrun.perfcollector <> - Monitor: runCmd RC = true
97 [140107109623488] INFO perfrun.launcher <> - plugin [aoclprofile] was disabled because it doesn't support the given collection type.
97 [140107109623488] INFO perfrun.tpss <> - initialize tpss controller
97 [140107109623488] INFO perfrun.tpss <> - configure collection mode: value = cpu:stack
97 [140107109623488] INFO perfrun.tpss <> - default obj-size-min=1024
97 [140107109623488] INFO perfrun.tpss <> - default hash-table-size=0
97 [140107109623488] INFO perfrun.launcher <> - plugin [media] was disabled because it doesn't support the given collection type.
97 [140107109623488] INFO perfrun.launcher <> - plugin [] was disabled because it doesn't support the given collection type.
97 [140107109623488] INFO perfrun.launcher <> - plugin [] was disabled because it doesn't support the given collection type.
97 [140107109623488] INFO perfrun.launcher <> - plugin [parallelfs] was disabled because it doesn't support the given collection type.
97 [140107109623488] INFO perfrun.launcher <> - plugin [power] was disabled because it doesn't support the given collection type.
97 [140107109623488] INFO perfrun.launcher <> - plugin [] was disabled because it doesn't support the given collection type.
97 [140107109623488] INFO perfrun.launcher <> - plugin [] was disabled because it doesn't support the given collection type.
97 [140107109623488] INFO perfrun.launcher <> - plugin [] was disabled because it doesn't support the given collection type.
97 [140107109623488] INFO perfrun.launcher <> - plugin [l0_metrics] was disabled because it doesn't support the given collection type.
97 [140107109623488] INFO perfrun.launcher <> - plugin [stall_reasons] was disabled because it doesn't support the given collection type.
97 [140107278486528] INFO perfrun.launcher <> - set environment variable: LD_LIBRARY_PATH = /opt/intel/oneapi/vtune/2026.2/lib32/runtime:/opt/intel/oneapi/vtune/2026.2/lib64/runtime:/opt/intel/oneapi/vtune/2026.2/lib64
97 [140107278486528] INFO perfrun.launcher <> - set environment variable: INTEL_LIBITTNOTIFY32 = /opt/intel/oneapi/vtune/2026.2/lib32/runtime/libittnotify_collector.so
97 [140107278486528] INFO perfrun.launcher <> - set environment variable: INTEL_LIBITTNOTIFY64 = /opt/intel/oneapi/vtune/2026.2/lib64/runtime/libittnotify_collector.so
97 [140107278486528] INFO perfrun.launcher <> - set environment variable: INTEL_ITTNOTIFY_GROUPS = 
97 [140107278486528] INFO perfrun.launcher <> - set environment variable: INTEL_JIT_PROFILER32 = /opt/intel/oneapi/vtune/2026.2/lib32/runtime/libittnotify_collector.so
97 [140107278486528] INFO perfrun.launcher <> - set environment variable: INTEL_JIT_PROFILER64 = /opt/intel/oneapi/vtune/2026.2/lib64/runtime/libittnotify_collector.so
97 [140107278486528] INFO perfrun.launcher <> - set environment variable: CCL_ITT_LEVEL = 1
97 [140107278486528] INFO perfrun.launcher <> - set environment variable: ENABLE_JITPROFILING = 1
97 [140107278486528] INFO perfrun.launcher <> - set environment variable: CL_CONFIG_USE_VTUNE = True
97 [140107278486528] INFO perfrun.launcher <> - set environment variable: KMP_FORKJOIN_FRAMES = 0
97 [140107278486528] INFO perfrun.launcher <> - set environment variable: KMP_FORKJOIN_FRAMES_MODE = 0
97 [140107278486528] INFO perfrun.launcher <> - set environment variable: INTEL_MRTE_DATA_DIR = /home/ihtgoot/project/TiF/Sandboc/hotspots/data.0
97 [140107278486528] INFO perfrun.launcher <> - set environment variable: INTEL_MRTE_HOST_NAME = ihtgoot
97 [140107278486528] INFO perfrun.launcher <> - set environment variable: JAVA_TOOL_OPTIONS = -agentlib:amplxe_samplingmrte_javaprof_1.0 -Dsun.boot.library.path=/opt/intel/oneapi/vtune/2026.2/lib32/runtime:/opt/intel/oneapi/vtune/2026.2/lib64/runtime
97 [140107278486528] INFO perfrun.launcher <> - set environment variable: LD_LIBRARY_PATH = /opt/intel/oneapi/vtune/2026.2/lib32/runtime:/opt/intel/oneapi/vtune/2026.2/lib64/runtime:/opt/intel/oneapi/vtune/2026.2/lib64
97 [140107278486528] INFO perfrun.launcher <> - set environment variable: CORECLR_ENABLE_PROFILING = 1
97 [140107278486528] INFO perfrun.launcher <> - set environment variable: CORECLR_PROFILER = {AA5E4821-E3B1-479c-B7FF-5AD047D22CED}
97 [140107278486528] INFO perfrun.launcher <> - set environment variable: CORECLR_PROFILER_PATH = /opt/intel/oneapi/vtune/2026.2/lib64/libamplxe_samplingmrte_clrprof_1.0.so
98 [140107278486528] INFO perfrun.launcher <> - set environment variable: INTEL_MRTE_PROFILER_MODE = mixed
98 [140107278486528] INFO perfrun.launcher <> - RpcServer: run RPC server to handle requests
98 [140107278486528] INFO perfrun.launcher <> - Launcher: command line to start before modification = ./chrun
98 [140107278486528] INFO perfrun.launcher <> - Launcher: command line to start after modification = /opt/intel/oneapi/vtune/2026.2/bin64/pin -error_file /home/ihtgoot/project/TiF/Sandboc/hotspots/data.0/pinerr.tpsslog -detach_reattach -follow_execv -tool_load_option deepbind -t64 /opt/intel/oneapi/vtune/2026.2/lib64/libtpsstool.so -t /opt/intel/oneapi/vtune/2026.2/lib32/libtpsstool.so -server_name tpss_ipc.41990 -prd_dir /opt/intel/oneapi/vtune/2026.2 -- ./chrun
98 [140107278486528] INFO perfrun.launcher <> - ProcessCreator object was created
98 [140107278486528] INFO perfrun.launcher <> - Launcher: the process was started in suspend mode
101 [140107109623488] WARN perfrun.system <> - Could not do anything with /sys/kernel/debug/kvm: boost::filesystem::status: Permission denied [system:13]: "/sys/kernel/debug/kvm", at file: vcs/perfrun1/plugins/system/src/trace_writer.cpp:791
101 [140107109623488] WARN perfrun.system <> - Folder "/var/run/libvirt/qemu/"doesn't exist, at file: vcs/perfrun1/plugins/system/src/trace_writer.cpp:804
103 [140107109623488] WARN perfrun.sdk <> - Failed to find xl binary on any of the system paths: /bin, /sbin, /usr/bin, /usr/sbin., at file: vcs/perfrun1/sdk/src/utils.cpp:205
103 [140107109623488] WARN perfrun.system <> - Could not start ContainerMapping collector, at file: vcs/perfrun1/plugins/system/src/controller.cpp:450
194 [140107109623488] INFO perfrun.vdso <> - Helper runtool '/opt/intel/oneapi/vtune/2026.2/bin32/amplxe-runss -dump-vdso -r /home/ihtgoot/project/TiF/Sandboc/hotspots --tmp-dir /tmp/amplxe-tmp-vaibhav' returned 0
252 [140107109623488] INFO perfrun.vdso <> - Helper runtool '/opt/intel/oneapi/vtune/2026.2/bin64/amplxe-runss -dump-vdso -r /home/ihtgoot/project/TiF/Sandboc/hotspots --tmp-dir /tmp/amplxe-tmp-vaibhav' returned 0
252 [140107109623488] INFO perfrun.itt <> - start itt controller for pid #42000
253 [140107109623488] INFO perfrun.perfcollector <> - attaching to pid: 42000, m_mode: 10, mode: 11
253 [140106832795328] INFO perfrun.perfcollector <> - Perf stat trace pipe capacity: read = 1048576, write = 1048576
253 [140107091564224] INFO perfrun.sdk <> - Reading value (0-27) from file: /sys/devices/system/cpu/cpu0/topology/core_siblings_list
253 [140107091564224] INFO perfrun.sdk <> - Reading value (0-1) from file: /sys/devices/system/cpu/cpu0/topology/thread_siblings_list
253 [140107091564224] INFO perfrun.sdk <> - Reading value (0-27) from file: /sys/devices/system/cpu/cpu1/topology/core_siblings_list
253 [140107091564224] INFO perfrun.sdk <> - Reading value (0-1) from file: /sys/devices/system/cpu/cpu1/topology/thread_siblings_list
253 [140107091564224] INFO perfrun.sdk <> - Reading value (0-27) from file: /sys/devices/system/cpu/cpu2/topology/core_siblings_list
253 [140107091564224] INFO perfrun.sdk <> - Reading value (2-3) from file: /sys/devices/system/cpu/cpu2/topology/thread_siblings_list
253 [140107091564224] INFO perfrun.sdk <> - Reading value (0-27) from file: /sys/devices/system/cpu/cpu3/topology/core_siblings_list
253 [140107091564224] INFO perfrun.sdk <> - Reading value (2-3) from file: /sys/devices/system/cpu/cpu3/topology/thread_siblings_list
253 [140107091564224] INFO perfrun.sdk <> - Reading value (0-27) from file: /sys/devices/system/cpu/cpu4/topology/core_siblings_list
253 [140107091564224] INFO perfrun.sdk <> - Reading value (4-5) from file: /sys/devices/system/cpu/cpu4/topology/thread_siblings_list
253 [140107091564224] INFO perfrun.sdk <> - Reading value (0-27) from file: /sys/devices/system/cpu/cpu5/topology/core_siblings_list
253 [140107091564224] INFO perfrun.sdk <> - Reading value (4-5) from file: /sys/devices/system/cpu/cpu5/topology/thread_siblings_list
254 [140107091564224] INFO perfrun.sdk <> - Reading value (0-27) from file: /sys/devices/system/cpu/cpu6/topology/core_siblings_list
254 [140107091564224] INFO perfrun.sdk <> - Reading value (6-7) from file: /sys/devices/system/cpu/cpu6/topology/thread_siblings_list
254 [140107091564224] INFO perfrun.sdk <> - Reading value (0-27) from file: /sys/devices/system/cpu/cpu7/topology/core_siblings_list
254 [140107091564224] INFO perfrun.sdk <> - Reading value (6-7) from file: /sys/devices/system/cpu/cpu7/topology/thread_siblings_list
254 [140107091564224] INFO perfrun.sdk <> - Reading value (0-27) from file: /sys/devices/system/cpu/cpu8/topology/core_siblings_list
254 [140107091564224] INFO perfrun.sdk <> - Reading value (8-9) from file: /sys/devices/system/cpu/cpu8/topology/thread_siblings_list
254 [140107091564224] INFO perfrun.sdk <> - Reading value (0-27) from file: /sys/devices/system/cpu/cpu9/topology/core_siblings_list
254 [140107091564224] INFO perfrun.sdk <> - Reading value (8-9) from file: /sys/devices/system/cpu/cpu9/topology/thread_siblings_list
254 [140107091564224] INFO perfrun.sdk <> - Reading value (0-27) from file: /sys/devices/system/cpu/cpu10/topology/core_siblings_list
254 [140107091564224] INFO perfrun.sdk <> - Reading value (10-11) from file: /sys/devices/system/cpu/cpu10/topology/thread_siblings_list
254 [140107091564224] INFO perfrun.sdk <> - Reading value (0-27) from file: /sys/devices/system/cpu/cpu11/topology/core_siblings_list
254 [140107091564224] INFO perfrun.sdk <> - Reading value (10-11) from file: /sys/devices/system/cpu/cpu11/topology/thread_siblings_list
254 [140107091564224] INFO perfrun.sdk <> - Reading value (0-27) from file: /sys/devices/system/cpu/cpu12/topology/core_siblings_list
254 [140107091564224] INFO perfrun.sdk <> - Reading value (12-13) from file: /sys/devices/system/cpu/cpu12/topology/thread_siblings_list
254 [140107091564224] INFO perfrun.sdk <> - Reading value (0-27) from file: /sys/devices/system/cpu/cpu13/topology/core_siblings_list
254 [140107091564224] INFO perfrun.sdk <> - Reading value (12-13) from file: /sys/devices/system/cpu/cpu13/topology/thread_siblings_list
254 [140107091564224] INFO perfrun.sdk <> - Reading value (0-27) from file: /sys/devices/system/cpu/cpu14/topology/core_siblings_list
254 [140107091564224] INFO perfrun.sdk <> - Reading value (14-15) from file: /sys/devices/system/cpu/cpu14/topology/thread_siblings_list
254 [140107091564224] INFO perfrun.sdk <> - Reading value (0-27) from file: /sys/devices/system/cpu/cpu15/topology/core_siblings_list
254 [140107091564224] INFO perfrun.sdk <> - Reading value (14-15) from file: /sys/devices/system/cpu/cpu15/topology/thread_siblings_list
254 [140107091564224] INFO perfrun.sdk <> - Reading value (0-27) from file: /sys/devices/system/cpu/cpu16/topology/core_siblings_list
254 [140107091564224] INFO perfrun.sdk <> - Reading value (16) from file: /sys/devices/system/cpu/cpu16/topology/thread_siblings_list
254 [140107091564224] INFO perfrun.sdk <> - Reading value (0-27) from file: /sys/devices/system/cpu/cpu17/topology/core_siblings_list
254 [140107091564224] INFO perfrun.sdk <> - Reading value (17) from file: /sys/devices/system/cpu/cpu17/topology/thread_siblings_list
254 [140107091564224] INFO perfrun.sdk <> - Reading value (0-27) from file: /sys/devices/system/cpu/cpu18/topology/core_siblings_list
254 [140107091564224] INFO perfrun.sdk <> - Reading value (18) from file: /sys/devices/system/cpu/cpu18/topology/thread_siblings_list
254 [140107091564224] INFO perfrun.sdk <> - Reading value (0-27) from file: /sys/devices/system/cpu/cpu19/topology/core_siblings_list
254 [140107091564224] INFO perfrun.sdk <> - Reading value (19) from file: /sys/devices/system/cpu/cpu19/topology/thread_siblings_list
254 [140107091564224] INFO perfrun.sdk <> - Reading value (0-27) from file: /sys/devices/system/cpu/cpu20/topology/core_siblings_list
254 [140107091564224] INFO perfrun.sdk <> - Reading value (20) from file: /sys/devices/system/cpu/cpu20/topology/thread_siblings_list
254 [140107091564224] INFO perfrun.sdk <> - Reading value (0-27) from file: /sys/devices/system/cpu/cpu21/topology/core_siblings_list
254 [140107091564224] INFO perfrun.sdk <> - Reading value (21) from file: /sys/devices/system/cpu/cpu21/topology/thread_siblings_list
254 [140107091564224] INFO perfrun.sdk <> - Reading value (0-27) from file: /sys/devices/system/cpu/cpu22/topology/core_siblings_list
254 [140107091564224] INFO perfrun.sdk <> - Reading value (22) from file: /sys/devices/system/cpu/cpu22/topology/thread_siblings_list
254 [140107091564224] INFO perfrun.sdk <> - Reading value (0-27) from file: /sys/devices/system/cpu/cpu23/topology/core_siblings_list
254 [140107091564224] INFO perfrun.sdk <> - Reading value (23) from file: /sys/devices/system/cpu/cpu23/topology/thread_siblings_list
254 [140107091564224] INFO perfrun.sdk <> - Reading value (0-27) from file: /sys/devices/system/cpu/cpu24/topology/core_siblings_list
254 [140107091564224] INFO perfrun.sdk <> - Reading value (24) from file: /sys/devices/system/cpu/cpu24/topology/thread_siblings_list
254 [140107091564224] INFO perfrun.sdk <> - Reading value (0-27) from file: /sys/devices/system/cpu/cpu25/topology/core_siblings_list
254 [140107091564224] INFO perfrun.sdk <> - Reading value (25) from file: /sys/devices/system/cpu/cpu25/topology/thread_siblings_list
254 [140107091564224] INFO perfrun.sdk <> - Reading value (0-27) from file: /sys/devices/system/cpu/cpu26/topology/core_siblings_list
254 [140107091564224] INFO perfrun.sdk <> - Reading value (26) from file: /sys/devices/system/cpu/cpu26/topology/thread_siblings_list
254 [140107091564224] INFO perfrun.sdk <> - Reading value (0-27) from file: /sys/devices/system/cpu/cpu27/topology/core_siblings_list
254 [140107091564224] INFO perfrun.sdk <> - Reading value (27) from file: /sys/devices/system/cpu/cpu27/topology/thread_siblings_list
254 [140107091564224] INFO perfrun.sdk <> - Reading value (0-15) from file: /sys/bus/event_source/devices/cpu_core/cpus
254 [140107091564224] INFO perfrun.sdk <> - Reading value (16-27) from file: /sys/bus/event_source/devices/cpu_atom/cpus
254 [140106832795328] INFO perfrun.sdk <> - runCmd: /opt/intel/oneapi/vtune/2026.2/bin64/amplxe-perf stat -v --log-fd 22 --control=fd:23,26 --scale -x ; -p 42000 -e cpu_atom/event=0x3c,name='CPU_CLK_UNHALTED.THREAD[ATOM]'/Du,cpu_atom/umask=0x3,name='CPU_CLK_UNHALTED.REF_TSC[ATOM]'/Du,cpu_atom/event=0xc0,name='INST_RETIRED.ANY[ATOM]'/Du,cpu_atom/event=0xc2,name='TOPDOWN_RETIRING.ALL[ATOM]'/u,cpu_core/event=0x3c,name='CPU_CLK_UNHALTED.THREAD[CORE]'/Du,cpu_core/umask=0x3,name='CPU_CLK_UNHALTED.REF_TSC[CORE]'/Du,cpu_core/event=0xc0,name='INST_RETIRED.ANY[CORE]'/Du,cpu_core/event=0xec,umask=0x2,name='CPU_CLK_UNHALTED.DISTRIBUTED[CORE]'/u,cpu_core/event=0xc7,umask=0x2,name='FP_ARITH_INST_RETIRED.SCALAR_SINGLE[CORE]'/u,cpu_core/event=0xc7,umask=0x8,name='FP_ARITH_INST_RETIRED.128B_PACKED_SINGLE[CORE]'/u,cpu_core/event=0xc7,umask=0x20,name='FP_ARITH_INST_RETIRED.256B_PACKED_SINGLE[CORE]'/u,cpu_core/event=0xc7,umask=0x1,name='FP_ARITH_INST_RETIRED.SCALAR_DOUBLE[CORE]'/u,cpu_core/event=0xc7,umask=0x4,name='FP_ARITH_INST_RETIRED.128B_PACKED_DOUBLE[CORE]'/u,cpu_core/event=0xc7,umask=0x10,name='FP_ARITH_INST_RETIRED.256B_PACKED_DOUBLE[CORE]'/u,cpu_core/event=0xb1,umask=0x10,name='UOPS_EXECUTED.X87[CORE]'/u,cpu_core/event=0xc2,umask=0x2,name='UOPS_RETIRED.SLOTS[CORE]'/u,cpu_core/event=0xb1,umask=0x1,name='UOPS_EXECUTED.THREAD[CORE]'/u,cpu_core/umask=0x4,name='TOPDOWN.SLOTS[CORE]'/Du,cpu_core/event=0xa4,umask=0x1,name='TOPDOWN.SLOTS_P[CORE]'/u /opt/intel/oneapi/vtune/2026.2/bin64/amplxe-perf-sync sync tsc
255 [140106832795328] INFO perfrun.sdk <> - runCmd started PID 42009
269 [140107109623488] INFO perfrun.tpss <> - start tpss controller for pid #42000
319 [140107278486528] INFO perfrun.launcher <> - Launcher: all plugins were started
319 [140107278486528] INFO perfrun.launcher <> - DirectoryMonitor object was created
320 [140107278486528] INFO perfrun.launcher <> - DirectoryMonitor: a callback was added
320 [140107278486528] INFO perfrun.launcher <> - DirectoryMonitor was started with pingTime = 1000
320 [140107278486528] INFO perfrun.launcher <> - DeadlineTimer is going to be constructed
320 [140107278486528] INFO perfrun.launcher <> - DeadlineTimer: a callback was added
323 [140107278486528] INFO perfrun.launcher <> - Launcher: resume the profiled application and  wait its termination or stop command
382 [140107278486528] INFO perfrun.launcher <> - Launcher: the profiled application was terminated  with exit code = 255
383 [140106564359872] ERROR perfrun.launcher <> - Messenger::say: Golang profiling is not supported for this analysis configuration. Please try a different analysis type and/or collection mode.
385 [140107109623488] INFO perfrun.itt <> - detach itt controller
385 [140107109623488] INFO perfrun.itt <> - detach itt controller done
389 [140106832795328] INFO perfrun.perfcollector <> - Monitor: runCmd RC = true
389 [140107109623488] INFO perfrun.perfcollector <> - Monitor: state = 3, error = 1
389 [140107109623488] INFO perfrun.tpss <> - stop tpss controller
389 [140107109623488] INFO perfrun.sdk <> - De-allocating TMU: /home/ihtgoot/project/TiF/Sandboc/hotspots/data.0/systemcollector-41990-ihtgoot.sc
389 [140107109623488] INFO perfrun.system <> - closed the system trace file: /home/ihtgoot/project/TiF/Sandboc/hotspots/data.0/systemcollector-41990-ihtgoot.sc
389 [140107278486528] INFO perfrun.launcher <> - Launcher: all plugins were stopped.
389 [140107278486528] INFO perfrun.launcher <> - DeadlineTimer is going to be destroyed
389 [140107278486528] INFO perfrun.launcher <> - DeadlineTimer was destroyed
389 [140107278486528] INFO perfrun.launcher <> - DirectoryMonitor object was destroyed
389 [140107278486528] WARN perfrun.launcher <> - Stop command is ignored because it is received when collection is already stopped, at file: vcs/perfrun1/launcher/src/command_handler.cpp:226
390 [140107278486528] INFO perfrun.launcher <> - Application exit code: 255
390 [140107278486528] INFO perfrun.launcher <> - Exit code: 4
